Archive member included to satisfy reference by file (symbol)

C:/ST/STM32CubeIDE_1.19.0/STM32CubeIDE/plugins/com.st.stm32cube.ide.mcu.externaltools.gnu-tools-for-stm32.13.3.rel1.win32_1.0.100.202509120712/tools/bin/../lib/gcc/arm-none-eabi/13.3.1/../../../../arm-none-eabi/lib/thumb/v6-m/nofp\libc_nano.a(libc_a-exit.o)
                              C:/ST/STM32CubeIDE_1.19.0/STM32CubeIDE/plugins/com.st.stm32cube.ide.mcu.externaltools.gnu-tools-for-stm32.13.3.rel1.win32_1.0.100.202509120712/tools/bin/../lib/gcc/arm-none-eabi/13.3.1/../../../../arm-none-eabi/lib/thumb/v6-m/nofp/crt0.o (exit)
C:/ST/STM32CubeIDE_1.19.0/STM32CubeIDE/plugins/com.st.stm32cube.ide.mcu.externaltools.gnu-tools-for-stm32.13.3.rel1.win32_1.0.100.202509120712/tools/bin/../lib/gcc/arm-none-eabi/13.3.1/../../../../arm-none-eabi/lib/thumb/v6-m/nofp\libc_nano.a(libc_a-findfp.o)
                              C:/ST/STM32CubeIDE_1.19.0/STM32CubeIDE/plugins/com.st.stm32cube.ide.mcu.externaltools.gnu-tools-for-stm32.13.3.rel1.win32_1.0.100.202509120712/tools/bin/../lib/gcc/arm-none-eabi/13.3.1/../../../../arm-none-eabi/lib/thumb/v6-m/nofp\libc_nano.a(libc_a-exit.o) (__stdio_exit_handler)
C:/ST/STM32CubeIDE_1.19.0/STM32CubeIDE/plugins/com.st.stm32cube.ide.mcu.externaltools.gnu-tools-for-stm32.13.3.rel1.win32_1.0.100.202509120712/tools/bin/../lib/gcc/arm-none-eabi/13.3.1/../../../../arm-none-eabi/lib/thumb/v6-m/nofp\libc_nano.a(libc_a-fwalk.o)
                              C:/ST/STM32CubeIDE_1.19.0/STM32CubeIDE/plugins/com.st.stm32cube.ide.mcu.externaltools.gnu-tools-for-stm32.13.3.rel1.win32_1.0.100.202509120712/tools/bin/../lib/gcc/arm-none-eabi/13.3.1/../../../../arm-none-eabi/lib/thumb/v6-m/nofp\libc_nano.a(libc_a-findfp.o) (_fwalk_sglue)
C:/ST/STM32CubeIDE_1.19.0/STM32CubeIDE/plugins/com.st.stm32cube.ide.mcu.externaltools.gnu-tools-for-stm32.13.3.rel1.win32_1.0.100.202509120712/tools/bin/../lib/gcc/arm-none-eabi/13.3.1/../../../../arm-none-eabi/lib/thumb/v6-m/nofp\libc_nano.a(libc_a-stdio.o)
                              C:/ST/STM32CubeIDE_1.19.0/STM32CubeIDE/plugins/com.st.stm32cube.ide.mcu.externaltools.gnu-tools-for-stm32.13.3.rel1.win32_1.0.100.202509120712/tools/bin/../lib/gcc/arm-none-eabi/13.3.1/../../../../arm-none-eabi/lib/thumb/v6-m/nofp\libc_nano.a(libc_a-findfp.o) (__sread)
C:/ST/STM32CubeIDE_1.19.0/STM32CubeIDE/plugins/com.st.stm32cube.ide.mcu.externaltools.gnu-tools-for-stm32.13.3.rel1.win32_1.0.100.202509120712/tools/bin/../lib/gcc/arm-none-eabi/13.3.1/../../../../arm-none-eabi/lib/thumb/v6-m/nofp\libc_nano.a(libc_a-memset.o)
                              C:/ST/STM32CubeIDE_1.19.0/STM32CubeIDE/plugins/com.st.stm32cube.ide.mcu.externaltools.gnu-tools-for-stm32.13.3.rel1.win32_1.0.100.202509120712/tools/bin/../lib/gcc/arm-none-eabi/13.3.1/../../../../arm-none-eabi/lib/thumb/v6-m/nofp/crt0.o (memset)
C:/ST/STM32CubeIDE_1.19.0/STM32CubeIDE/plugins/com.st.stm32cube.ide.mcu.externaltools.gnu-tools-for-stm32.13.3.rel1.win32_1.0.100.202509120712/tools/bin/../lib/gcc/arm-none-eabi/13.3.1/../../../../arm-none-eabi/lib/thumb/v6-m/nofp\libc_nano.a(libc_a-closer.o)
                              C:/ST/STM32CubeIDE_1.19.0/STM32CubeIDE/plugins/com.st.stm32cube.ide.mcu.externaltools.gnu-tools-for-stm32.13.3.rel1.win32_1.0.100.202509120712/tools/bin/../lib/gcc/arm-none-eabi/13.3.1/../../../../arm-none-eabi/lib/thumb/v6-m/nofp\libc_nano.a(libc_a-stdio.o) (_close_r)
C:/ST/STM32CubeIDE_1.19.0/STM32CubeIDE/plugins/com.st.stm32cube.ide.mcu.externaltools.gnu-tools-for-stm32.13.3.rel1.win32_1.0.100.202509120712/tools/bin/../lib/gcc/arm-none-eabi/13.3.1/../../../../arm-none-eabi/lib/thumb/v6-m/nofp\libc_nano.a(libc_a-reent.o)
                              C:/ST/STM32CubeIDE_1.19.0/STM32CubeIDE/plugins/com.st.stm32cube.ide.mcu.externaltools.gnu-tools-for-stm32.13.3.rel1.win32_1.0.100.202509120712/tools/bin/../lib/gcc/arm-none-eabi/13.3.1/../../../../arm-none-eabi/lib/thumb/v6-m/nofp\libc_nano.a(libc_a-closer.o) (errno)
C:/ST/STM32CubeIDE_1.19.0/STM32CubeIDE/plugins/com.st.stm32cube.ide.mcu.externaltools.gnu-tools-for-stm32.13.3.rel1.win32_1.0.100.202509120712/tools/bin/../lib/gcc/arm-none-eabi/13.3.1/../../../../arm-none-eabi/lib/thumb/v6-m/nofp\libc_nano.a(libc_a-impure.o)
                              C:/ST/STM32CubeIDE_1.19.0/STM32CubeIDE/plugins/com.st.stm32cube.ide.mcu.externaltools.gnu-tools-for-stm32.13.3.rel1.win32_1.0.100.202509120712/tools/bin/../lib/gcc/arm-none-eabi/13.3.1/../../../../arm-none-eabi/lib/thumb/v6-m/nofp\libc_nano.a(libc_a-reent.o) (_impure_ptr)
C:/ST/STM32CubeIDE_1.19.0/STM32CubeIDE/plugins/com.st.stm32cube.ide.mcu.externaltools.gnu-tools-for-stm32.13.3.rel1.win32_1.0.100.202509120712/tools/bin/../lib/gcc/arm-none-eabi/13.3.1/../../../../arm-none-eabi/lib/thumb/v6-m/nofp\libc_nano.a(libc_a-lseekr.o)
[...]
Memory Configuration

Name             Origin             Length             Attributes
RAM              0x20000000         0x00002000         xrw
FLASH            0x08000000         0x00010000         xr
*default*        0x00000000         0xffffffff

Linker script and memory map

LOAD C:/ST/STM32CubeIDE_1.19.0/STM32CubeIDE/plugins/com.st.stm32cube.ide.mcu.externaltools.gnu-tools-for-stm32.13.3.rel1.win32_1.0.100.202509120712/tools/bin/../lib/gcc/arm-none-eabi/13.3.1/thumb/v6-m/nofp/crti.o
LOAD C:/ST/STM32CubeIDE_1.19.0/STM32CubeIDE/plugins/com.st.stm32cube.ide.mcu.externaltools.gnu-tools-for-stm32.13.3.rel1.win32_1.0.100.202509120712/tools/bin/../lib/gcc/arm-none-eabi/13.3.1/thumb/v6-m/nofp/crtbegin.o
LOAD C:/ST/STM32CubeIDE_1.19.0/STM32CubeIDE/plugins/com.st.stm32cube.ide.mcu.externaltools.gnu-tools-for-stm32.13.3.rel1.win32_1.0.100.202509120712/tools/bin/../lib/gcc/arm-none-eabi/13.3.1/../../../../arm-none-eabi/lib/thumb/v6-m/nofp/crt0.o
LOAD ./Core/Src/General_functions.o
LOAD ./Core/Src/Interrupt_Cntrl_Fns.o
LOAD ./Core/Src/Interrupt_Diagonosis_Fns.o
LOAD ./Core/Src/New_Struct_Variables.o
LOAD ./Core/Src/adc.o
LOAD ./Core/Src/dma.o
LOAD ./Core/Src/gpio.o
LOAD ./Core/Src/main.o
LOAD ./Core/Src/stm32f0xx_it.o
LOAD ./Core/Src/syscalls.o
LOAD ./Core/Src/sysmem.o
LOAD ./Core/Src/system_stm32f0xx.o
LOAD ./Core/Src/tim.o
LOAD ./Core/Src/usart.o
LOAD ./Core/Src/UART1_Slave_Lib/UART1_Slave_Functions.o
LOAD ./Core/Src/UART1_Slave_Lib/UART1_Slave_Variables.o
LOAD ./Core/Src/UART2_Slave_Lib/UART2_Slave_Functions.o
LOAD ./Core/Src/UART2_Slave_Lib/UART2_Slave_Variables.o
LOAD ./Core/Src/UART_Debugging/UART_Debugging_Functions.o
LOAD ./Core/Src/UART_Debugging/UART_Debugging_Variables.o
LOAD ./Core/Startup/startup_stm32f030r8tx.o
LOAD ./Drivers/STM32F0xx_HAL_Driver/Src/stm32f0xx_ll_adc.o
LOAD ./Drivers/STM32F0xx_HAL_Driver/Src/stm32f0xx_ll_dma.o
LOAD ./Drivers/STM32F0xx_HAL_Driver/Src/stm32f0xx_ll_exti.o
LOAD ./Drivers/STM32F0xx_HAL_Driver/Src/stm32f0xx_ll_gpio.o
LOAD ./Drivers/STM32F0xx_HAL_Driver/Src/stm32f0xx_ll_pwr.o
LOAD ./Drivers/STM32F0xx_HAL_Driver/Src/stm32f0xx_ll_rcc.o
LOAD ./Drivers/STM32F0xx_HAL_Driver/Src/stm32f0xx_ll_tim.o
LOAD ./Drivers/STM32F0xx_HAL_Driver/Src/stm32f0xx_ll_usart.o
LOAD ./Drivers/STM32F0xx_HAL_Driver/Src/stm32f0xx_ll_utils.o
START GROUP
LOAD C:/ST/STM32CubeIDE_1.19.0/STM32CubeIDE/plugins/com.st.stm32cube.ide.mcu.externaltools.gnu-tools-for-stm32.13.3.rel1.win32_1.0.100.202509120712/tools/bin/../lib/gcc/arm-none-eabi/13.3.1/../../../../arm-none-eabi/lib/thumb/v6-m/nofp\libc_nano.a
LOAD C:/ST/STM32CubeIDE_1.19.0/STM32CubeIDE/plugins/com.st.stm32cube.ide.mcu.externaltools.gnu-tools-for-stm32.13.3.rel1.win32_1.0.100.202509120712/tools/bin/../lib/gcc/arm-none-eabi/13.3.1/../../../../arm-none-eabi/lib/thumb/v6-m/nofp\libm.a
END GROUP
START GROUP
LOAD C:/ST/STM32CubeIDE_1.19.0/STM32CubeIDE/plugins/com.st.stm32cube.ide.mcu.externaltools.gnu-tools-for-stm32.13.3.rel1.win32_1.0.100.202509120712/tools/bin/../lib/gcc/arm-none-eabi/13.3.1/thumb/v6-m/nofp\libgcc.a
LOAD C:/ST/STM32CubeIDE_1.19.0/STM32CubeIDE/plugins/com.st.stm32cube.ide.mcu.externaltools.gnu-tools-for-stm32.13.3.rel1.win32_1.0.100.202509120712/tools/bin/../lib/gcc/arm-none-eabi/13.3.1/../../../../arm-none-eabi/lib/thumb/v6-m/nofp\libc_nano.a
END GROUP
START GROUP
LOAD C:/ST/STM32CubeIDE_1.19.0/STM32CubeIDE/plugins/com.st.stm32cube.ide.mcu.externaltools.gnu-tools-for-stm32.13.3.rel1.win32_1.0.100.202509120712/tools/bin/../lib/gcc/arm-none-eabi/13.3.1/thumb/v6-m/nofp\libgcc.a
LOAD C:/ST/STM32CubeIDE_1.19.0/STM32CubeIDE/plugins/com.st.stm32cube.ide.mcu.externaltools.gnu-tools-for-stm32.13.3.rel1.win32_1.0.100.202509120712/tools/bin/../lib/gcc/arm-none-eabi/13.3.1/../../../../arm-none-eabi/lib/thumb/v6-m/nofp\libc_nano.a
LOAD C:/ST/STM32CubeIDE_1.19.0/STM32CubeIDE/plugins/com.st.stm32cube.ide.mcu.externaltools.gnu-tools-for-stm32.13.3.rel1.win32_1.0.100.202509120712/tools/bin/../lib/gcc/arm-none-eabi/13.3.1/../../../../arm-none-eabi/lib/thumb/v6-m/nofp\libnosys.a
END GROUP
START GROUP
LOAD C:/ST/STM32CubeIDE_1.19.0/STM32CubeIDE/plugins/com.st.stm32cube.ide.mcu.externaltools.gnu-tools-for-stm32.13.3.rel1.win32_1.0.100.202509120712/tools/bin/../lib/gcc/arm-none-eabi/13.3.1/thumb/v6-m/nofp\libgcc.a
LOAD C:/ST/STM32CubeIDE_1.19.0/STM32CubeIDE/plugins/com.st.stm32cube.ide.mcu.externaltools.gnu-tools-for-stm32.13.3.rel1.win32_1.0.100.202509120712/tools/bin/../lib/gcc/arm-none-eabi/13.3.1/../../../../arm-none-eabi/lib/thumb/v6-m/nofp\libc_nano.a
LOAD C:/ST/STM32CubeIDE_1.19.0/STM32CubeIDE/plugins/com.st.stm32cube.ide.mcu.externaltools.gnu-tools-for-stm32.13.3.rel1.win32_1.0.100.202509120712/tools/bin/../lib/gcc/arm-none-eabi/13.3.1/../../../../arm-none-eabi/lib/thumb/v6-m/nofp\libnosys.a
END GROUP
LOAD C:/ST/STM32CubeIDE_1.19.0/STM32CubeIDE/plugins/com.st.stm32cube.ide.mcu.externaltools.gnu-tools-for-stm32.13.3.rel1.win32_1.0.100.202509120712/tools/bin/../lib/gcc/arm-none-eabi/13.3.1/thumb/v6-m/nofp/crtend.o
LOAD C:/ST/STM32CubeIDE_1.19.0/STM32CubeIDE/plugins/com.st.stm32cube.ide.mcu.externaltools.gnu-tools-for-stm32.13.3.rel1.win32_1.0.100.202509120712/tools/bin/../lib/gcc/arm-none-eabi/13.3.1/thumb/v6-m/nofp/crtn.o
                0x20002000                        _estack = (ORIGIN (RAM) + LENGTH (RAM))
                0x00000200                        _Min_Heap_Size = 0x200
                0x00000400                        _Min_Stack_Size = 0x400

.isr_vector     0x08000000       0xc0
                0x08000000                        . = ALIGN (0x4)
 *(.isr_vector)
 .isr_vector    0x08000000       0xc0 ./Core/Startup/startup_stm32f030r8tx.o
                0x08000000                g_pfnVectors
                0x080000c0                        . = ALIGN (0x4)

.text           0x080000c0     0x9660
                0x080000c0                        . = ALIGN (0x4)
 *(.text)
 .text          0x080000c0       0x48 C:/ST/STM32CubeIDE_1.19.0/STM32CubeIDE/plugins/com.st.stm32cube.ide.mcu.externaltools.gnu-tools-for-stm32.13.3.rel1.win32_1.0.100.202509120712/tools/bin/../lib/gcc/arm-none-eabi/13.3.1/thumb/v6-m/nofp/crtbegin.o
 .text          0x08000108      0x114 C:/ST/STM32CubeIDE_1.19.0/STM32CubeIDE/plugins/com.st.stm32cube.ide.mcu.externaltools.gnu-tools-for-stm32.13.3.rel1.win32_1.0.100.202509120712/tools/bin/../lib/gcc/arm-none-eabi/13.3.1/thumb/v6-m/nofp\libgcc.a(_udivsi3.o)
                0x08000108                __aeabi_uidiv
                0x08000108                __udivsi3
                0x08000214                __aeabi_uidivmod
 .text          0x0800021c        0x4 C:/ST/STM32CubeIDE_1.19.0/STM32CubeIDE/plugins/com.st.stm32cube.ide.mcu.externaltools.gnu-tools-for-stm32.13.3.rel1.win32_1.0.100.202509120712/tools/bin/../lib/gcc/arm-none-eabi/13.3.1/thumb/v6-m/nofp\libgcc.a(_dvmd_tls.o)
                0x0800021c                __aeabi_idiv0
                0x0800021c                __aeabi_ldiv0
 .text          0x08000220       0x74 C:/ST/STM32CubeIDE_1.19.0/STM32CubeIDE/plugins/com.st.stm32cube.ide.mcu.externaltools.gnu-tools-for-stm32.13.3.rel1.win32_1.0.100.202509120712/tools/bin/../lib/gcc/arm-none-eabi/13.3.1/thumb/v6-m/nofp\libgcc.a(_arm_cmpsf2.o)
                0x08000220                __aeabi_cfrcmple
                0x08000228                __aeabi_cfcmpeq
                0x08000228                __aeabi_cfcmple
                0x08000238                __aeabi_fcmpeq
                0x08000244                __aeabi_fcmplt
                0x08000258                __aeabi_fcmple
                0x0800026c                __aeabi_fcmpgt
                0x08000280                __aeabi_fcmpge
 .text          0x08000294       0x5c C:/ST/STM32CubeIDE_1.19.0/STM32CubeIDE/plugins/com.st.stm32cube.ide.mcu.externaltools.gnu-tools-for-stm32.13.3.rel1.win32_1.0.100.202509120712/tools/bin/../lib/gcc/arm-none-eabi/13.3.1/thumb/v6-m/nofp\libgcc.a(_muldi3.o)
                0x08000294                __muldi3
                0x08000294                __aeabi_lmul
 .text          0x080002f0       0x30 C:/ST/STM32CubeIDE_1.19.0/STM32CubeIDE/plugins/com.st.stm32cube.ide.mcu.externaltools.gnu-tools-for-stm32.13.3.rel1.win32_1.0.100.202509120712/tools/bin/../lib/gcc/arm-none-eabi/13.3.1/thumb/v6-m/nofp\libgcc.a(_fixunssfsi.o)
                0x080002f0                __fixunssfsi
                0x080002f0                __aeabi_f2uiz
 .text          0x08000320       0x48 C:/ST/STM32CubeIDE_1.19.0/STM32CubeIDE/plugins/com.st.stm32cube.ide.mcu.externaltools.gnu-tools-for-stm32.13.3.rel1.win32_1.0.100.202509120712/tools/bin/../lib/gcc/arm-none-eabi/13.3.1/thumb/v6-m/nofp\libgcc.a(_floatundisf.o)
                0x08000320                __aeabi_ul2f
                0x08000320                __floatundisf
 .text          0x08000368      0x3e4 C:/ST/STM32CubeIDE_1.19.0/STM32CubeIDE/plugins/com.st.stm32cube.ide.mcu.externaltools.gnu-tools-for-stm32.13.3.rel1.win32_1.0.100.202509120712/tools/bin/../lib/gcc/arm-none-eabi/13.3.1/thumb/v6-m/nofp\libgcc.a(addsf3.o)
                0x08000368                __aeabi_fadd
 .text          0x0800074c      0x22c C:/ST/STM32CubeIDE_1.19.0/STM32CubeIDE/plugins/com.st.stm32cube.ide.mcu.externaltools.gnu-tools-for-stm32.13.3.rel1.win32_1.0.100.202509120712/tools/bin/../lib/gcc/arm-none-eabi/13.3.1/thumb/v6-m/nofp\libgcc.a(divsf3.o)
                0x0800074c                __aeabi_fdiv
 .text          0x08000978       0x50 C:/ST/STM32CubeIDE_1.19.0/STM32CubeIDE/plugins/com.st.stm32cube.ide.mcu.externaltools.gnu-tools-for-stm32.13.3.rel1.win32_1.0.100.202509120712/tools/bin/../lib/gcc/arm-none-eabi/13.3.1/thumb/v6-m/nofp\libgcc.a(eqsf2.o)
                0x08000978                __eqsf2
                0x08000978                __nesf2
 .text          0x080009c8       0x90 C:/ST/STM32CubeIDE_1.19.0/STM32CubeIDE/plugins/com.st.stm32cube.ide.mcu.externaltools.gnu-tools-for-stm32.13.3.rel1.win32_1.0.100.202509120712/tools/bin/../lib/gcc/arm-none-eabi/13.3.1/thumb/v6-m/nofp\libgcc.a(gesf2.o)
                0x080009c8                __gesf2
                0x080009c8                __gtsf2
 .text          0x08000a58       0x90 C:/ST/STM32CubeIDE_1.19.0/STM32CubeIDE/plugins/com.st.stm32cube.ide.mcu.externaltools.gnu-tools-for-stm32.13.3.rel1.win32_1.0.100.202509120712/tools/bin/../lib/gcc/arm-none-eabi/13.3.1/thumb/v6-m/nofp\libgcc.a(lesf2.o)
                0x08000a58                __ltsf2
                0x08000a58                __lesf2
 .text          0x08000ae8      0x2b4 C:/ST/STM32CubeIDE_1.19.0/STM32CubeIDE/plugins/com.st.stm32cube.ide.mcu.externaltools.gnu-tools-for-stm32.13.3.rel1.win32_1.0.100.202509120712/tools/bin/../lib/gcc/arm-none-eabi/13.3.1/thumb/v6-m/nofp\libgcc.a(mulsf3.o)
                0x08000ae8                __aeabi_fmul
 .text          0x08000d9c      0x4c8 C:/ST/STM32CubeIDE_1.19.0/STM32CubeIDE/plugins/com.st.stm32cube.ide.mcu.externaltools.gnu-tools-for-stm32.13.3.rel1.win32_1.0.100.202509120712/tools/bin/../lib/gcc/arm-none-eabi/13.3.1/thumb/v6-m/nofp\libgcc.a(subsf3.o)
                0x08000d9c                __aeabi_fsub
 .text          0x08001264       0x2c C:/ST/STM32CubeIDE_1.19.0/STM32CubeIDE/plugins/com.st.stm32cube.ide.mcu.externaltools.gnu-tools-for-stm32.13.3.rel1.win32_1.0.100.202509120712/tools/bin/../lib/gcc/arm-none-eabi/13.3.1/thumb/v6-m/nofp\libgcc.a(unordsf2.o)
                0x08001264                __aeabi_fcmpun
 .text          0x08001290       0x40 C:/ST/STM32CubeIDE_1.19.0/STM32CubeIDE/plugins/com.st.stm32cube.ide.mcu.externaltools.gnu-tools-for-stm32.13.3.rel1.win32_1.0.100.202509120712/tools/bin/../lib/gcc/arm-none-eabi/13.3.1/thumb/v6-m/nofp\libgcc.a(fixsfsi.o)
                0x08001290                __aeabi_f2iz
 .text          0x080012d0      0x78c C:/ST/STM32CubeIDE_1.19.0/STM32CubeIDE/plugins/com.st.stm32cube.ide.mcu.externaltools.gnu-tools-for-stm32.13.3.rel1.win32_1.0.100.202509120712/tools/bin/../lib/gcc/arm-none-eabi/13.3.1/thumb/v6-m/nofp\libgcc.a(adddf3.o)
                0x080012d0                __aeabi_dadd
 .text          0x08001a5c      0x5cc C:/ST/STM32CubeIDE_1.19.0/STM32CubeIDE/plugins/com.st.stm32cube.ide.mcu.externaltools.gnu-tools-for-stm32.13.3.rel1.win32_1.0.100.202509120712/tools/bin/../lib/gcc/arm-none-eabi/13.3.1/thumb/v6-m/nofp\libgcc.a(muldf3.o)
                0x08001a5c                __aeabi_dmul
 .text          0x08002028       0x48 C:/ST/STM32CubeIDE_1.19.0/STM32CubeIDE/plugins/com.st.stm32cube.ide.mcu.externaltools.gnu-tools-for-stm32.13.3.rel1.win32_1.0.100.202509120712/tools/bin/../lib/gcc/arm-none-eabi/13.3.1/thumb/v6-m/nofp\libgcc.a(floatunsidf.o)
                0x08002028                __aeabi_ui2d
 .text          0x08002070      0x104 C:/ST/STM32CubeIDE_1.19.0/STM32CubeIDE/plugins/com.st.stm32cube.ide.mcu.externaltools.gnu-tools-for-stm32.13.3.rel1.win32_1.0.100.202509120712/tools/bin/../lib/gcc/arm-none-eabi/13.3.1/thumb/v6-m/nofp\libgcc.a(truncdfsf2.o)
                0x08002070                __aeabi_d2f
 .text          0x08002174       0x3c C:/ST/STM32CubeIDE_1.19.0/STM32CubeIDE/plugins/com.st.stm32cube.ide.mcu.externaltools.gnu-tools-for-stm32.13.3.rel1.win32_1.0.100.202509120712/tools/bin/../lib/gcc/arm-none-eabi/13.3.1/thumb/v6-m/nofp\libgcc.a(_clzsi2.o)
                0x08002174                __clzsi2
 *(.text*)
 .text.LL_TIM_OC_DisablePreload
                0x080021b0       0x94 ./Core/Src/General_functions.o
 .text.TIM1_OEN_DT_CCEN_IEN_STRT
                0x08002244       0x60 ./Core/Src/General_functions.o
                0x08002244                TIM1_OEN_DT_CCEN_IEN_STRT
 .text.ADC_DMA_CH1_CONFIG
                0x080022a4       0x34 ./Core/Src/General_functions.o
                0x080022a4                ADC_DMA_CH1_CONFIG
 .text.TIM3_CAPEN_IEN_STRT
                0x080022d8       0x1c ./Core/Src/General_functions.o
                0x080022d8                TIM3_CAPEN_IEN_STRT
 .text.TIM14_CH1_PWM_Config
                0x080022f4       0x38 ./Core/Src/General_functions.o
                0x080022f4                TIM14_CH1_PWM_Config
 .text.Inverter_OFF
                0x0800232c       0x98 ./Core/Src/General_functions.o
                0x0800232c                Inverter_OFF
 .text.Switch_Off_Mains_Relay
                0x080023c4       0x60 ./Core/Src/General_functions.o
                0x080023c4                Switch_Off_Mains_Relay
 .text.Switch_On_Mains_Relay
                0x08002424       0x1c ./Core/Src/General_functions.o
                0x08002424                Switch_On_Mains_Relay
 .text.Inverter_ON
                0x08002440       0x1c ./Core/Src/General_functions.o
                0x08002440                Inverter_ON
 .text.MPPT_OFF
                0x0800245c       0x20 ./Core/Src/General_functions.o
                0x0800245c                MPPT_OFF
 .text.MPPT_ON  0x0800247c       0x1c ./Core/Src/General_functions.o
                0x0800247c                MPPT_ON
 .text.ADC_Avg_And_RMS_Cal
                0x08002498      0x37c ./Core/Src/General_functions.o
                0x08002498                ADC_Avg_And_RMS_Cal
 .text.PV_Duty_Dec_Code
                0x08002814       0x68 ./Core/Src/General_functions.o
                0x08002814                PV_Duty_Dec_Code
 .text.PV_Duty_Inc_Code
                0x0800287c       0x64 ./Core/Src/General_functions.o
                0x0800287c                PV_Duty_Inc_Code
 .text.Update_Sine_Freq_To_Grid_Freq
                0x080028e0       0x40 ./Core/Src/General_functions.o
                0x080028e0                Update_Sine_Freq_To_Grid_Freq
 .text.Anti_Islanding_Update_Sine_Freq_To_Grid_Freq
                0x08002920       0x68 ./Core/Src/General_functions.o
                0x08002920                Anti_Islanding_Update_Sine_Freq_To_Grid_Freq
 .text.Cntrs_Incrmnt_Fn_for_100us_ISR
                0x08002988      0x334 ./Core/Src/General_functions.o
                0x08002988                Cntrs_Incrmnt_Fn_for_100us_ISR
 .text.Zero_Crossing_Detection_Counter_Fn
                0x08002cbc       0xd8 ./Core/Src/General_functions.o
                0x08002cbc                Zero_Crossing_Detection_Counter_Fn
 .text.Batt_V_Err_Integ_Saturator_Code
                0x08002d94       0xac ./Core/Src/General_functions.o
                0x08002d94                Batt_V_Err_Integ_Saturator_Code
 .text.V_Generate_Saturator_Code
                0x08002e40       0x38 ./Core/Src/General_functions.o
                0x08002e40                V_Generate_Saturator_Code
 .text.V_Delta_Generate_Saturator_Code
                0x08002e78       0x3c ./Core/Src/General_functions.o
                0x08002e78                V_Delta_Generate_Saturator_Code
 .text.Fast_Diagnostics
                0x08002eb4      0x3d8 ./Core/Src/General_functions.o
                0x08002eb4                Fast_Diagnostics
 .text.Avg_Diagnostics
                0x0800328c        0xa ./Core/Src/General_functions.o
                0x0800328c                Avg_Diagnostics
 *fill*         0x08003296        0x2 
 .text.RMS_Diagnostics
                0x08003298      0x11c ./Core/Src/General_functions.o
                0x08003298                RMS_Diagnostics
 .text.Energy_Calculation
                0x080033b4       0xc0 ./Core/Src/General_functions.o
                0x080033b4                Energy_Calculation
 .text.Energy_Calculation_With_Mains_CT
                0x08003474       0xc0 ./Core/Src/General_functions.o
                0x08003474                Energy_Calculation_With_Mains_CT
 .text.PV_KWhr_Calculation
                0x08003534       0x70 ./Core/Src/General_functions.o
                0x08003534                PV_KWhr_Calculation
 .text.Variable_Init
                0x080035a4      0x894 ./Core/Src/General_functions.o
                0x080035a4                Variable_Init
 .text.Generate_Fault_Data_For_Metering
                0x08003e38      0x8d0 ./Core/Src/General_functions.o
                0x08003e38                Generate_Fault_Data_For_Metering
 .text.Inv_State_0_Int_Cntrl
                0x08004708      0x400 ./Core/Src/Interrupt_Cntrl_Fns.o
                0x08004708                Inv_State_0_Int_Cntrl
 .text.Inv_State_1_Int_Cntrl
                0x08004b08      0x394 ./Core/Src/Interrupt_Cntrl_Fns.o
                0x08004b08                Inv_State_1_Int_Cntrl
 .text.PV_State_0_Int_Cntrl_Fn
                0x08004e9c      0x128 ./Core/Src/Interrupt_Cntrl_Fns.o
                0x08004e9c                PV_State_0_Int_Cntrl_Fn
 .text.PV_State_1_Int_Cntrl_Fn
                0x08004fc4      0x148 ./Core/Src/Interrupt_Cntrl_Fns.o
                0x08004fc4                PV_State_1_Int_Cntrl_Fn
 .text.LL_ADC_SetSamplingTimeCommonChannels
                0x0800510c       0x24 ./Core/Src/adc.o
 .text.LL_ADC_REG_SetTriggerEdge
                0x08005130       0x28 ./Core/Src/adc.o
 .text.LL_ADC_REG_SetSequencerScanDirection
                0x08005158       0x24 ./Core/Src/adc.o
 .text.LL_ADC_REG_SetSequencerChAdd
                0x0800517c       0x22 ./Core/Src/adc.o
 *fill*         0x0800519e        0x2 
 .text.LL_DMA_SetDataTransferDirection
                0x080051a0       0x48 ./Core/Src/adc.o
 .text.LL_DMA_SetMode
                0x080051e8       0x44 ./Core/Src/adc.o
 .text.LL_DMA_SetPeriphIncMode
                0x0800522c       0x44 ./Core/Src/adc.o
 .text.LL_DMA_SetMemoryIncMode
                0x08005270       0x44 ./Core/Src/adc.o
 .text.LL_DMA_SetPeriphSize
                0x080052b4       0x48 ./Core/Src/adc.o
 .text.LL_DMA_SetMemorySize
                0x080052fc       0x48 ./Core/Src/adc.o
 .text.LL_DMA_SetChannelPriorityLevel
                0x08005344       0x48 ./Core/Src/adc.o
 .text.LL_AHB1_GRP1_EnableClock
                0x0800538c       0x2c ./Core/Src/adc.o
 .text.LL_APB1_GRP2_EnableClock
                0x080053b8       0x2c ./Core/Src/adc.o
 .text.MX_ADC_Init
                0x080053e4      0x344 ./Core/Src/adc.o
                0x080053e4                MX_ADC_Init
 .text.__NVIC_EnableIRQ
                0x08005728       0x34 ./Core/Src/dma.o
 .text.__NVIC_SetPriority
                0x0800575c       0xdc ./Core/Src/dma.o
 .text.LL_AHB1_GRP1_EnableClock
                0x08005838       0x2c ./Core/Src/dma.o
 .text.MX_DMA_Init
                0x08005864       0x1e ./Core/Src/dma.o
                0x08005864                MX_DMA_Init
 *fill*         0x08005882        0x2 
 .text.LL_AHB1_GRP1_EnableClock
                0x08005884       0x2c ./Core/Src/gpio.o
 .text.LL_SYSCFG_SetEXTISource
                0x080058b0       0x4c ./Core/Src/gpio.o
 .text.LL_GPIO_SetPinMode
                0x080058fc       0x38 ./Core/Src/gpio.o
 .text.LL_GPIO_SetPinPull
                0x08005934       0x38 ./Core/Src/gpio.o
 .text.LL_GPIO_ResetOutputPin
                0x0800596c       0x18 ./Core/Src/gpio.o
 .text.MX_GPIO_Init
                0x08005984      0x2ac ./Core/Src/gpio.o
                0x08005984                MX_GPIO_Init
 .text.LL_RCC_HSI_Enable
                0x08005c30       0x1c ./Core/Src/main.o
 .text.LL_RCC_HSI_IsReady
                0x08005c4c       0x20 ./Core/Src/main.o
 .text.LL_RCC_HSI_SetCalibTrimming
                0x08005c6c       0x28 ./Core/Src/main.o
 .text.LL_RCC_HSI14_Enable
                0x08005c94       0x1c ./Core/Src/main.o
 .text.LL_RCC_HSI14_IsReady
                0x08005cb0       0x20 ./Core/Src/main.o
 .text.LL_RCC_HSI14_EnableADCControl
                0x08005cd0       0x1c ./Core/Src/main.o
 .text.LL_RCC_HSI14_SetCalibTrimming
                0x08005cec       0x28 ./Core/Src/main.o
 .text.LL_RCC_SetSysClkSource
                0x08005d14       0x28 ./Core/Src/main.o
 .text.LL_RCC_GetSysClkSource
                0x08005d3c       0x18 ./Core/Src/main.o
 .text.LL_RCC_SetAHBPrescaler
                0x08005d54       0x28 ./Core/Src/main.o
 .text.LL_RCC_SetAPB1Prescaler
                0x08005d7c       0x2c ./Core/Src/main.o
 .text.LL_RCC_SetUSARTClockSource
                0x08005da8       0x34 ./Core/Src/main.o
 .text.LL_RCC_PLL_Enable
                0x08005ddc       0x1c ./Core/Src/main.o
 .text.LL_RCC_PLL_IsReady
                0x08005df8       0x28 ./Core/Src/main.o
 .text.LL_RCC_PLL_ConfigDomain_SYS
                0x08005e20       0x4c ./Core/Src/main.o
 .text.LL_APB1_GRP1_EnableClock
                0x08005e6c       0x2c ./Core/Src/main.o
 .text.LL_APB1_GRP2_EnableClock
                0x08005e98       0x2c ./Core/Src/main.o
 .text.LL_FLASH_SetLatency
                0x08005ec4       0x28 ./Core/Src/main.o
 .text.LL_FLASH_GetLatency
                0x08005eec       0x18 ./Core/Src/main.o
 .text.main     0x08005f04      0x2d4 ./Core/Src/main.o
                0x08005f04                main
 .text.SystemClock_Config
                0x080061d8       0xa0 ./Core/Src/main.o
                0x080061d8                SystemClock_Config
 .text.NMI_Handler
                0x08006278        0xa ./Core/Src/stm32f0xx_it.o
                0x08006278                NMI_Handler
 *fill*         0x08006282        0x2 
 .text.HardFault_Handler
                0x08006284       0x2c ./Core/Src/stm32f0xx_it.o
                0x08006284                HardFault_Handler
 .text.SVC_Handler
                0x080062b0        0xa ./Core/Src/stm32f0xx_it.o
                0x080062b0                SVC_Handler
 .text.PendSV_Handler
                0x080062ba        0xa ./Core/Src/stm32f0xx_it.o
                0x080062ba                PendSV_Handler
 .text.SysTick_Handler
                0x080062c4        0xa ./Core/Src/stm32f0xx_it.o
                0x080062c4                SysTick_Handler
 .text.DMA1_Channel1_IRQHandler
                0x080062ce        0xa ./Core/Src/stm32f0xx_it.o
                0x080062ce                DMA1_Channel1_IRQHandler
 .text.TIM1_BRK_UP_TRG_COM_IRQHandler
                0x080062d8      0x1f4 ./Core/Src/stm32f0xx_it.o
                0x080062d8                TIM1_BRK_UP_TRG_COM_IRQHandler
 .text.USART1_IRQHandler
                0x080064cc       0x2c ./Core/Src/stm32f0xx_it.o
                0x080064cc                USART1_IRQHandler
 .text.USART2_IRQHandler
                0x080064f8       0x30 ./Core/Src/stm32f0xx_it.o
                0x080064f8                USART2_IRQHandler
 .text.SystemInit
                0x08006528        0xa ./Core/Src/system_stm32f0xx.o
                0x08006528                SystemInit
 *fill*         0x08006532        0x2 
 .text.__NVIC_EnableIRQ
                0x08006534       0x34 ./Core/Src/tim.o
 .text.__NVIC_SetPriority
                0x08006568       0xdc ./Core/Src/tim.o
 .text.LL_AHB1_GRP1_EnableClock
                0x08006644       0x2c ./Core/Src/tim.o
 .text.LL_APB1_GRP1_EnableClock
                0x08006670       0x2c ./Core/Src/tim.o
 .text.LL_APB1_GRP2_EnableClock
                0x0800669c       0x2c ./Core/Src/tim.o
 .text.LL_TIM_DisableARRPreload
                0x080066c8       0x1e ./Core/Src/tim.o
 *fill*         0x080066e6        0x2 
 .text.LL_TIM_OC_DisableFast
                0x080066e8       0x94 ./Core/Src/tim.o
 .text.LL_TIM_OC_EnablePreload
                0x0800677c       0x90 ./Core/Src/tim.o
 .text.LL_TIM_SetClockSource
                0x0800680c       0x28 ./Core/Src/tim.o
 .text.LL_TIM_SetTriggerOutput
                0x08006834       0x24 ./Core/Src/tim.o
 .text.LL_TIM_DisableMasterSlaveMode
                0x08006858       0x1e ./Core/Src/tim.o
 *fill*         0x08006876        0x2 
 .text.MX_TIM1_Init
                0x08006878      0x254 ./Core/Src/tim.o
                0x08006878                MX_TIM1_Init
 .text.MX_TIM3_Init
                0x08006acc       0x74 ./Core/Src/tim.o
                0x08006acc                MX_TIM3_Init
 .text.MX_TIM14_Init
                0x08006b40       0xf8 ./Core/Src/tim.o
                0x08006b40                MX_TIM14_Init
 .text.__NVIC_EnableIRQ
                0x08006c38       0x34 ./Core/Src/usart.o
 .text.__NVIC_SetPriority
                0x08006c6c       0xdc ./Core/Src/usart.o
 .text.LL_AHB1_GRP1_EnableClock
                0x08006d48       0x2c ./Core/Src/usart.o
 .text.LL_APB1_GRP1_EnableClock
                0x08006d74       0x2c ./Core/Src/usart.o
 .text.LL_APB1_GRP2_EnableClock
                0x08006da0       0x2c ./Core/Src/usart.o
 .text.LL_USART_Enable
                0x08006dcc       0x1c ./Core/Src/usart.o
 .text.LL_USART_ConfigAsyncMode
                0x08006de8       0x30 ./Core/Src/usart.o
 .text.LL_USART_DisableIT_CTS
                0x08006e18       0x44 ./Core/Src/usart.o
 .text.MX_USART1_UART_Init
                0x08006e5c      0x108 ./Core/Src/usart.o
                0x08006e5c                MX_USART1_UART_Init
 .text.MX_USART2_UART_Init
                0x08006f64      0x108 ./Core/Src/usart.o
                0x08006f64                MX_USART2_UART_Init
 .text.UART1_Store_Received_Data_In_Variables
                0x0800706c       0x1a ./Core/Src/UART1_Slave_Lib/UART1_Slave_Functions.o
                0x0800706c                UART1_Store_Received_Data_In_Variables
 *fill*         0x08007086        0x2 
 .text.UART1_Update_Variables_if_Mesage_is_S
                0x08007088       0x88 ./Core/Src/UART1_Slave_Lib/UART1_Slave_Functions.o
                0x08007088                UART1_Update_Variables_if_Mesage_is_S
 .text.UART1_Update_Variables_if_Mesage_is_C
                0x08007110       0x8c ./Core/Src/UART1_Slave_Lib/UART1_Slave_Functions.o
                0x08007110                UART1_Update_Variables_if_Mesage_is_C
 .text.UART1_Update_Variables_if_Mesage_is_M
                0x0800719c       0x88 ./Core/Src/UART1_Slave_Lib/UART1_Slave_Functions.o
                0x0800719c                UART1_Update_Variables_if_Mesage_is_M
 .text.UART1_Update_Variables_if_Mesage_is_R
                0x08007224       0x8c ./Core/Src/UART1_Slave_Lib/UART1_Slave_Functions.o
                0x08007224                UART1_Update_Variables_if_Mesage_is_R
 .text.UART1_crcFast
                0x080072b0       0x5c ./Core/Src/UART1_Slave_Lib/UART1_Slave_Functions.o
                0x080072b0                UART1_crcFast
 .text.UART1_Use_Received_Data_C
                0x0800730c      0x434 ./Core/Src/UART1_Slave_Lib/UART1_Slave_Functions.o
                0x0800730c                UART1_Use_Received_Data_C
 .text.UART1_Use_Received_Data_R
                0x08007740       0xa0 ./Core/Src/UART1_Slave_Lib/UART1_Slave_Functions.o
                0x08007740                UART1_Use_Received_Data_R
 .text.UART1_Receive_ISR_Program
                0x080077e0      0x220 ./Core/Src/UART1_Slave_Lib/UART1_Slave_Functions.o
                0x080077e0                UART1_Receive_ISR_Program
 .text.UART1_Send_Function_Inside_Timer_Interrupt
                0x08007a00       0x70 ./Core/Src/UART1_Slave_Lib/UART1_Slave_Functions.o
                0x08007a00                UART1_Send_Function_Inside_Timer_Interrupt
 .text.UART1_Request_Send_Message
                0x08007a70      0x174 ./Core/Src/UART1_Slave_Lib/UART1_Slave_Functions.o
                0x08007a70                UART1_Request_Send_Message
 .text.UART1_Populate_Txdata_Array_With_Message_s
                0x08007be4       0x60 ./Core/Src/UART1_Slave_Lib/UART1_Slave_Functions.o
                0x08007be4                UART1_Populate_Txdata_Array_With_Message_s
 .text.UART1_Populate_Txdata_Array_With_Message_c
                0x08007c44      0x160 ./Core/Src/UART1_Slave_Lib/UART1_Slave_Functions.o
                0x08007c44                UART1_Populate_Txdata_Array_With_Message_c
 .text.UART1_Populate_Txdata_Array_With_Message_m
                0x08007da4      0x238 ./Core/Src/UART1_Slave_Lib/UART1_Slave_Functions.o
                0x08007da4                UART1_Populate_Txdata_Array_With_Message_m
 .text.UART1_Populate_Txdata_Array_With_Message_r
                0x08007fdc       0x44 ./Core/Src/UART1_Slave_Lib/UART1_Slave_Functions.o
                0x08007fdc                UART1_Populate_Txdata_Array_With_Message_r
 .text.UART_Debugging_Send_Function_Inside_1ms_Timer_Interrupt
                0x08008020       0xa4 ./Core/Src/UART_Debugging/UART_Debugging_Functions.o
                0x08008020                UART_Debugging_Send_Function_Inside_1ms_Timer_Interrupt
 .text.UART_Debugging_Populate_Txdata_Array_With_Message_Debug_Data
                0x080080c4       0xcc ./Core/Src/UART_Debugging/UART_Debugging_Functions.o
                0x080080c4                UART_Debugging_Populate_Txdata_Array_With_Message_Debug_Data
 .text.UART_Debugging_Slave_Variables_Init
                0x08008190      0x250 ./Core/Src/UART_Debugging/UART_Debugging_Functions.o
                0x08008190                UART_Debugging_Slave_Variables_Init
 .text.Reset_Handler
                0x080083e0       0x50 ./Core/Startup/startup_stm32f030r8tx.o
                0x080083e0                Reset_Handler
 .text.Default_Handler
                0x08008430        0x2 ./Core/Startup/startup_stm32f030r8tx.o
                0x08008430                TIM1_CC_IRQHandler
                0x08008430                TIM6_IRQHandler
                0x08008430                I2C1_IRQHandler
                0x08008430                SPI1_IRQHandler
                0x08008430                EXTI2_3_IRQHandler
                0x08008430                ADC1_IRQHandler
                0x08008430                I2C2_IRQHandler
                0x08008430                TIM17_IRQHandler
                0x08008430                RTC_IRQHandler
                0x08008430                TIM16_IRQHandler
                0x08008430                TIM3_IRQHandler
                0x08008430                EXTI4_15_IRQHandler
                0x08008430                RCC_IRQHandler
                0x08008430                Default_Handler
                0x08008430                TIM14_IRQHandler
                0x08008430                DMA1_Channel4_5_IRQHandler
                0x08008430                TIM15_IRQHandler
                0x08008430                EXTI0_1_IRQHandler
                0x08008430                SPI2_IRQHandler
                0x08008430                WWDG_IRQHandler
                0x08008430                DMA1_Channel2_3_IRQHandler
                0x08008430                FLASH_IRQHandler
 .text.LL_ADC_IsEnabled
                0x08008432       0x20 ./Drivers/STM32F0xx_HAL_Driver/Src/stm32f0xx_ll_adc.o
 *fill*         0x08008452        0x2 
 .text.LL_ADC_Init
                0x08008454       0x6c ./Drivers/STM32F0xx_HAL_Driver/Src/stm32f0xx_ll_adc.o
                0x08008454                LL_ADC_Init
 .text.LL_ADC_REG_Init
                0x080084c0       0x64 ./Drivers/STM32F0xx_HAL_Driver/Src/stm32f0xx_ll_adc.o
                0x080084c0                LL_ADC_REG_Init
 .text.LL_EXTI_EnableIT_0_31
                0x08008524       0x20 ./Drivers/STM32F0xx_HAL_Driver/Src/stm32f0xx_ll_exti.o
 .text.LL_EXTI_DisableIT_0_31
                0x08008544       0x24 ./Drivers/STM32F0xx_HAL_Driver/Src/stm32f0xx_ll_exti.o
 .text.LL_EXTI_EnableEvent_0_31
                0x08008568       0x20 ./Drivers/STM32F0xx_HAL_Driver/Src/stm32f0xx_ll_exti.o
 .text.LL_EXTI_DisableEvent_0_31
                0x08008588       0x24 ./Drivers/STM32F0xx_HAL_Driver/Src/stm32f0xx_ll_exti.o
 .text.LL_EXTI_EnableRisingTrig_0_31
                0x080085ac       0x20 ./Drivers/STM32F0xx_HAL_Driver/Src/stm32f0xx_ll_exti.o
 .text.LL_EXTI_DisableRisingTrig_0_31
                0x080085cc       0x24 ./Drivers/STM32F0xx_HAL_Driver/Src/stm32f0xx_ll_exti.o
 .text.LL_EXTI_EnableFallingTrig_0_31
                0x080085f0       0x20 ./Drivers/STM32F0xx_HAL_Driver/Src/stm32f0xx_ll_exti.o
 .text.LL_EXTI_DisableFallingTrig_0_31
                0x08008610       0x24 ./Drivers/STM32F0xx_HAL_Driver/Src/stm32f0xx_ll_exti.o
 .text.LL_EXTI_Init
                0x08008634      0x10e ./Drivers/STM32F0xx_HAL_Driver/Src/stm32f0xx_ll_exti.o
                0x08008634                LL_EXTI_Init
 .text.LL_GPIO_SetPinMode
                0x08008742       0x38 ./Drivers/STM32F0xx_HAL_Driver/Src/stm32f0xx_ll_gpio.o
 .text.LL_GPIO_SetPinOutputType
                0x0800877a       0x2a ./Drivers/STM32F0xx_HAL_Driver/Src/stm32f0xx_ll_gpio.o
 .text.LL_GPIO_SetPinSpeed
                0x080087a4       0x38 ./Drivers/STM32F0xx_HAL_Driver/Src/stm32f0xx_ll_gpio.o
 .text.LL_GPIO_SetPinPull
                0x080087dc       0x38 ./Drivers/STM32F0xx_HAL_Driver/Src/stm32f0xx_ll_gpio.o
 .text.LL_GPIO_SetAFPin_0_7
                0x08008814       0x46 ./Drivers/STM32F0xx_HAL_Driver/Src/stm32f0xx_ll_gpio.o
 .text.LL_GPIO_SetAFPin_8_15
                0x0800885a       0x5a ./Drivers/STM32F0xx_HAL_Driver/Src/stm32f0xx_ll_gpio.o
 .text.LL_GPIO_Init
                0x080088b4       0xb8 ./Drivers/STM32F0xx_HAL_Driver/Src/stm32f0xx_ll_gpio.o
                0x080088b4                LL_GPIO_Init
 .text.LL_RCC_HSI_IsReady
                0x0800896c       0x20 ./Drivers/STM32F0xx_HAL_Driver/Src/stm32f0xx_ll_rcc.o
 .text.LL_RCC_LSE_IsReady
                0x0800898c       0x20 ./Drivers/STM32F0xx_HAL_Driver/Src/stm32f0xx_ll_rcc.o
 .text.LL_RCC_GetSysClkSource
                0x080089ac       0x18 ./Drivers/STM32F0xx_HAL_Driver/Src/stm32f0xx_ll_rcc.o
 .text.LL_RCC_GetAHBPrescaler
                0x080089c4       0x18 ./Drivers/STM32F0xx_HAL_Driver/Src/stm32f0xx_ll_rcc.o
 .text.LL_RCC_GetAPB1Prescaler
                0x080089dc       0x18 ./Drivers/STM32F0xx_HAL_Driver/Src/stm32f0xx_ll_rcc.o
 .text.LL_RCC_GetUSARTClockSource
                0x080089f4       0x28 ./Drivers/STM32F0xx_HAL_Driver/Src/stm32f0xx_ll_rcc.o
 .text.LL_RCC_PLL_GetMainSource
                0x08008a1c       0x18 ./Drivers/STM32F0xx_HAL_Driver/Src/stm32f0xx_ll_rcc.o
 .text.LL_RCC_PLL_GetMultiplicator
                0x08008a34       0x18 ./Drivers/STM32F0xx_HAL_Driver/Src/stm32f0xx_ll_rcc.o
 .text.LL_RCC_PLL_GetPrediv
                0x08008a4c       0x18 ./Drivers/STM32F0xx_HAL_Driver/Src/stm32f0xx_ll_rcc.o
 .text.LL_RCC_GetSystemClocksFreq
                0x08008a64       0x3a ./Drivers/STM32F0xx_HAL_Driver/Src/stm32f0xx_ll_rcc.o
                0x08008a64                LL_RCC_GetSystemClocksFreq
 *fill*         0x08008a9e        0x2 
 .text.LL_RCC_GetUSARTClockFreq
                0x08008aa0       0x84 ./Drivers/STM32F0xx_HAL_Driver/Src/stm32f0xx_ll_rcc.o
                0x08008aa0                LL_RCC_GetUSARTClockFreq
 .text.RCC_GetSystemClockFreq
                0x08008b24       0x4c ./Drivers/STM32F0xx_HAL_Driver/Src/stm32f0xx_ll_rcc.o
                0x08008b24                RCC_GetSystemClockFreq
 .text.RCC_GetHCLKClockFreq
                0x08008b70       0x2c ./Drivers/STM32F0xx_HAL_Driver/Src/stm32f0xx_ll_rcc.o
                0x08008b70                RCC_GetHCLKClockFreq
 .text.RCC_GetPCLK1ClockFreq
                0x08008b9c       0x28 ./Drivers/STM32F0xx_HAL_Driver/Src/stm32f0xx_ll_rcc.o
                0x08008b9c                RCC_GetPCLK1ClockFreq
 .text.RCC_PLL_GetFreqDomain_SYS
                0x08008bc4       0x70 ./Drivers/STM32F0xx_HAL_Driver/Src/stm32f0xx_ll_rcc.o
                0x08008bc4                RCC_PLL_GetFreqDomain_SYS
 .text.LL_TIM_SetPrescaler
                0x08008c34       0x18 ./Drivers/STM32F0xx_HAL_Driver/Src/stm32f0xx_ll_tim.o
 .text.LL_TIM_SetAutoReload
                0x08008c4c       0x18 ./Drivers/STM32F0xx_HAL_Driver/Src/stm32f0xx_ll_tim.o
 .text.LL_TIM_SetRepetitionCounter
                0x08008c64       0x18 ./Drivers/STM32F0xx_HAL_Driver/Src/stm32f0xx_ll_tim.o
 .text.LL_TIM_OC_SetCompareCH1
                0x08008c7c       0x18 ./Drivers/STM32F0xx_HAL_Driver/Src/stm32f0xx_ll_tim.o
 .text.LL_TIM_OC_SetCompareCH2
                0x08008c94       0x18 ./Drivers/STM32F0xx_HAL_Driver/Src/stm32f0xx_ll_tim.o
 .text.LL_TIM_OC_SetCompareCH3
                0x08008cac       0x18 ./Drivers/STM32F0xx_HAL_Driver/Src/stm32f0xx_ll_tim.o
 .text.LL_TIM_OC_SetCompareCH4
                0x08008cc4       0x18 ./Drivers/STM32F0xx_HAL_Driver/Src/stm32f0xx_ll_tim.o
 .text.LL_TIM_GenerateEvent_UPDATE
                0x08008cdc       0x1c ./Drivers/STM32F0xx_HAL_Driver/Src/stm32f0xx_ll_tim.o
 .text.LL_TIM_Init
                0x08008cf8       0xf0 ./Drivers/STM32F0xx_HAL_Driver/Src/stm32f0xx_ll_tim.o
                0x08008cf8                LL_TIM_Init
 .text.LL_TIM_OC_Init
                0x08008de8       0xb2 ./Drivers/STM32F0xx_HAL_Driver/Src/stm32f0xx_ll_tim.o
                0x08008de8                LL_TIM_OC_Init
 *fill*         0x08008e9a        0x2 
 .text.LL_TIM_BDTR_Init
                0x08008e9c       0x98 ./Drivers/STM32F0xx_HAL_Driver/Src/stm32f0xx_ll_tim.o
                0x08008e9c                LL_TIM_BDTR_Init
 .text.OC1Config
                0x08008f34      0x108 ./Drivers/STM32F0xx_HAL_Driver/Src/stm32f0xx_ll_tim.o
 .text.OC2Config
                0x0800903c      0x114 ./Drivers/STM32F0xx_HAL_Driver/Src/stm32f0xx_ll_tim.o
 .text.OC3Config
                0x08009150      0x114 ./Drivers/STM32F0xx_HAL_Driver/Src/stm32f0xx_ll_tim.o
 .text.OC4Config
                0x08009264       0xe0 ./Drivers/STM32F0xx_HAL_Driver/Src/stm32f0xx_ll_tim.o
 .text.LL_USART_IsEnabled
                0x08009344       0x22 ./Drivers/STM32F0xx_HAL_Driver/Src/stm32f0xx_ll_usart.o
 *fill*         0x08009366        0x2 
 .text.LL_USART_SetStopBitsLength
                0x08009368       0x28 ./Drivers/STM32F0xx_HAL_Driver/Src/stm32f0xx_ll_usart.o
 .text.LL_USART_SetHWFlowCtrl
                0x08009390       0x28 ./Drivers/STM32F0xx_HAL_Driver/Src/stm32f0xx_ll_usart.o
 .text.LL_USART_SetBaudRate
                0x080093b8       0x78 ./Drivers/STM32F0xx_HAL_Driver/Src/stm32f0xx_ll_usart.o
 .text.LL_USART_Init
                0x08009430       0xd0 ./Drivers/STM32F0xx_HAL_Driver/Src/stm32f0xx_ll_usart.o
                0x08009430                LL_USART_Init
 .text.LL_InitTick
                0x08009500       0x34 ./Drivers/STM32F0xx_HAL_Driver/Src/stm32f0xx_ll_utils.o
 .text.LL_Init1msTick
                0x08009534       0x1e ./Drivers/STM32F0xx_HAL_Driver/Src/stm32f0xx_ll_utils.o
                0x08009534                LL_Init1msTick
 *fill*         0x08009552        0x2 
 .text.LL_SetSystemCoreClock
                0x08009554       0x1c ./Drivers/STM32F0xx_HAL_Driver/Src/stm32f0xx_ll_utils.o
                0x08009554                LL_SetSystemCoreClock
 .text.memset   0x08009570       0x10 C:/ST/STM32CubeIDE_1.19.0/STM32CubeIDE/plugins/com.st.stm32cube.ide.mcu.externaltools.gnu-tools-for-stm32.13.3.rel1.win32_1.0.100.202509120712/tools/bin/../lib/gcc/arm-none-eabi/13.3.1/../../../../arm-none-eabi/lib/thumb/v6-m/nofp\libc_nano.a(libc_a-memset.o)
                0x08009570                memset
 .text.__errno  0x08009580        0xc C:/ST/STM32CubeIDE_1.19.0/STM32CubeIDE/plugins/com.st.stm32cube.ide.mcu.externaltools.gnu-tools-for-stm32.13.3.rel1.win32_1.0.100.202509120712/tools/bin/../lib/gcc/arm-none-eabi/13.3.1/../../../../arm-none-eabi/lib/thumb/v6-m/nofp\libc_nano.a(libc_a-errno.o)
                0x08009580                __errno
 .text.__libc_init_array
                0x0800958c       0x48 C:/ST/STM32CubeIDE_1.19.0/STM32CubeIDE/plugins/com.st.stm32cube.ide.mcu.externaltools.gnu-tools-for-stm32.13.3.rel1.win32_1.0.100.202509120712/tools/bin/../lib/gcc/arm-none-eabi/13.3.1/../../../../arm-none-eabi/lib/thumb/v6-m/nofp\libc_nano.a(libc_a-init.o)
                0x0800958c                __libc_init_array
 .text.memcpy   0x080095d4       0x12 C:/ST/STM32CubeIDE_1.19.0/STM32CubeIDE/plugins/com.st.stm32cube.ide.mcu.externaltools.gnu-tools-for-stm32.13.3.rel1.win32_1.0.100.202509120712/tools/bin/../lib/gcc/arm-none-eabi/13.3.1/../../../../arm-none-eabi/lib/thumb/v6-m/nofp\libc_nano.a(libc_a-memcpy-stub.o)
                0x080095d4                memcpy
 .text.sqrtf    0x080095e6       0x38 C:/ST/STM32CubeIDE_1.19.0/STM32CubeIDE/plugins/com.st.stm32cube.ide.mcu.externaltools.gnu-tools-for-stm32.13.3.rel1.win32_1.0.100.202509120712/tools/bin/../lib/gcc/arm-none-eabi/13.3.1/../../../../arm-none-eabi/lib/thumb/v6-m/nofp\libm.a(libm_a-wf_sqrt.o)
                0x080095e6                sqrtf
 *fill*         0x0800961e        0x2 
 .text.__ieee754_sqrtf
                0x08009620       0xe8 C:/ST/STM32CubeIDE_1.19.0/STM32CubeIDE/plugins/com.st.stm32cube.ide.mcu.externaltools.gnu-tools-for-stm32.13.3.rel1.win32_1.0.100.202509120712/tools/bin/../lib/gcc/arm-none-eabi/13.3.1/../../../../arm-none-eabi/lib/thumb/v6-m/nofp\libm.a(libm_a-ef_sqrt.o)
                0x08009620                __ieee754_sqrtf
 *(.glue_7)
 .glue_7        0x08009708        0x0 linker stubs
 *(.glue_7t)
 .glue_7t       0x08009708        0x0 linker stubs
 *(.eh_frame)
 .eh_frame      0x08009708        0x0 C:/ST/STM32CubeIDE_1.19.0/STM32CubeIDE/plugins/com.st.stm32cube.ide.mcu.externaltools.gnu-tools-for-stm32.13.3.rel1.win32_1.0.100.202509120712/tools/bin/../lib/gcc/arm-none-eabi/13.3.1/thumb/v6-m/nofp/crtbegin.o
 *(.init)
 .init          0x08009708        0x4 C:/ST/STM32CubeIDE_1.19.0/STM32CubeIDE/plugins/com.st.stm32cube.ide.mcu.externaltools.gnu-tools-for-stm32.13.3.rel1.win32_1.0.100.202509120712/tools/bin/../lib/gcc/arm-none-eabi/13.3.1/thumb/v6-m/nofp/crti.o
                0x08009708                _init
 .init          0x0800970c        0x8 C:/ST/STM32CubeIDE_1.19.0/STM32CubeIDE/plugins/com.st.stm32cube.ide.mcu.externaltools.gnu-tools-for-stm32.13.3.rel1.win32_1.0.100.202509120712/tools/bin/../lib/gcc/arm-none-eabi/13.3.1/thumb/v6-m/nofp/crtn.o
 *(.fini)
 .fini          0x08009714        0x4 C:/ST/STM32CubeIDE_1.19.0/STM32CubeIDE/plugins/com.st.stm32cube.ide.mcu.externaltools.gnu-tools-for-stm32.13.3.rel1.win32_1.0.100.202509120712/tools/bin/../lib/gcc/arm-none-eabi/13.3.1/thumb/v6-m/nofp/crti.o
                0x08009714                _fini
 .fini          0x08009718        0x8 C:/ST/STM32CubeIDE_1.19.0/STM32CubeIDE/plugins/com.st.stm32cube.ide.mcu.externaltools.gnu-tools-for-stm32.13.3.rel1.win32_1.0.100.202509120712/tools/bin/../lib/gcc/arm-none-eabi/13.3.1/thumb/v6-m/nofp/crtn.o
                0x08009720                        . = ALIGN (0x4)
                0x08009720                        _etext = .

.vfp11_veneer   0x08009720        0x0
 .vfp11_veneer  0x08009720        0x0 linker stubs

.v4_bx          0x08009720        0x0
 .v4_bx         0x08009720        0x0 linker stubs

.iplt           0x08009720        0x0
 .iplt          0x08009720        0x0 C:/ST/STM32CubeIDE_1.19.0/STM32CubeIDE/plugins/com.st.stm32cube.ide.mcu.externaltools.gnu-tools-for-stm32.13.3.rel1.win32_1.0.100.202509120712/tools/bin/../lib/gcc/arm-none-eabi/13.3.1/thumb/v6-m/nofp/crtbegin.o

.rodata         0x08009720      0x4c4
                0x08009720                        . = ALIGN (0x4)
 *(.rodata)
 .rodata        0x08009720       0x7c C:/ST/STM32CubeIDE_1.19.0/STM32CubeIDE/plugins/com.st.stm32cube.ide.mcu.externaltools.gnu-tools-for-stm32.13.3.rel1.win32_1.0.100.202509120712/tools/bin/../lib/gcc/arm-none-eabi/13.3.1/thumb/v6-m/nofp\libgcc.a(divsf3.o)
 *(.rodata*)
 .rodata.OFFSET_TAB_CCMRx
                0x0800979c        0x7 ./Core/Src/General_functions.o
 *fill*         0x080097a3        0x1 
 .rodata.SHIFT_TAB_OCxx
                0x080097a4        0x7 ./Core/Src/General_functions.o
 *fill*         0x080097ab        0x1 
 .rodata.Sine_PWM
                0x080097ac      0x300 ./Core/Src/New_Struct_Variables.o
                0x080097ac                Sine_PWM
 .rodata.CHANNEL_OFFSET_TAB
                0x08009aac        0x5 ./Core/Src/adc.o
 *fill*         0x08009ab1        0x3 
 .rodata.AHBPrescTable
                0x08009ab4       0x10 ./Core/Src/system_stm32f0xx.o
                0x08009ab4                AHBPrescTable
 .rodata.APBPrescTable
                0x08009ac4        0x8 ./Core/Src/system_stm32f0xx.o
                0x08009ac4                APBPrescTable
 .rodata.OFFSET_TAB_CCMRx
                0x08009acc        0x7 ./Core/Src/tim.o
 *fill*         0x08009ad3        0x1 
 .rodata.SHIFT_TAB_OCxx
                0x08009ad4        0x7 ./Core/Src/tim.o
 *fill*         0x08009adb        0x1 
 .rodata.UART1_crcTable
                0x08009adc      0x100 ./Core/Src/UART1_Slave_Lib/UART1_Slave_Variables.o
                0x08009adc                UART1_crcTable
 .rodata.tiny   0x08009bdc        0x4 C:/ST/STM32CubeIDE_1.19.0/STM32CubeIDE/plugins/com.st.stm32cube.ide.mcu.externaltools.gnu-tools-for-stm32.13.3.rel1.win32_1.0.100.202509120712/tools/bin/../lib/gcc/arm-none-eabi/13.3.1/../../../../arm-none-eabi/lib/thumb/v6-m/nofp\libm.a(libm_a-ef_sqrt.o)
 .rodata.one    0x08009be0        0x4 C:/ST/STM32CubeIDE_1.19.0/STM32CubeIDE/plugins/com.st.stm32cube.ide.mcu.externaltools.gnu-tools-for-stm32.13.3.rel1.win32_1.0.100.202509120712/tools/bin/../lib/gcc/arm-none-eabi/13.3.1/../../../../arm-none-eabi/lib/thumb/v6-m/nofp\libm.a(libm_a-ef_sqrt.o)
                0x08009be4                        . = ALIGN (0x4)

.rel.dyn        0x08009be4        0x0
 .rel.iplt      0x08009be4        0x0 C:/ST/STM32CubeIDE_1.19.0/STM32CubeIDE/plugins/com.st.stm32cube.ide.mcu.externaltools.gnu-tools-for-stm32.13.3.rel1.win32_1.0.100.202509120712/tools/bin/../lib/gcc/arm-none-eabi/13.3.1/thumb/v6-m/nofp/crtbegin.o

.ARM.extab      0x08009be4        0x0
                0x08009be4                        . = ALIGN (0x4)
 *(.ARM.extab* .gnu.linkonce.armextab.*)
                0x08009be4                        . = ALIGN (0x4)

.ARM            0x08009be4        0x0
                0x08009be4                        . = ALIGN (0x4)
                0x08009be4                        __exidx_start = .
 *(.ARM.exidx*)
                0x08009be4                        __exidx_end = .
                0x08009be4                        . = ALIGN (0x4)

.preinit_array  0x08009be4        0x0
                0x08009be4                        . = ALIGN (0x4)
                0x08009be4                        PROVIDE (__preinit_array_start = .)
 *(.preinit_array*)
                0x08009be4                        PROVIDE (__preinit_array_end = .)
                0x08009be4                        . = ALIGN (0x4)

.init_array     0x08009be4        0x4
                0x08009be4                        . = ALIGN (0x4)
                0x08009be4                        PROVIDE (__init_array_start = .)
 *(SORT_BY_NAME(.init_array.*))
 *(.init_array*)
 .init_array    0x08009be4        0x4 C:/ST/STM32CubeIDE_1.19.0/STM32CubeIDE/plugins/com.st.stm32cube.ide.mcu.externaltools.gnu-tools-for-stm32.13.3.rel1.win32_1.0.100.202509120712/tools/bin/../lib/gcc/arm-none-eabi/13.3.1/thumb/v6-m/nofp/crtbegin.o
                0x08009be8                        PROVIDE (__init_array_end = .)
                0x08009be8                        . = ALIGN (0x4)

.fini_array     0x08009be8        0x4
                0x08009be8                        . = ALIGN (0x4)
                [!provide]                        PROVIDE (__fini_array_start = .)
 *(SORT_BY_NAME(.fini_array.*))
 *(.fini_array*)
 .fini_array    0x08009be8        0x4 C:/ST/STM32CubeIDE_1.19.0/STM32CubeIDE/plugins/com.st.stm32cube.ide.mcu.externaltools.gnu-tools-for-stm32.13.3.rel1.win32_1.0.100.202509120712/tools/bin/../lib/gcc/arm-none-eabi/13.3.1/thumb/v6-m/nofp/crtbegin.o
                [!provide]                        PROVIDE (__fini_array_end = .)
                0x08009bec                        . = ALIGN (0x4)
                0x08009bec                        _sidata = LOADADDR (.data)

.data           0x20000000       0x54 load address 0x08009bec
                0x20000000                        . = ALIGN (0x4)
                0x20000000                        _sdata = .
 *(.data)
 *(.data*)
 .data.SystemCoreClock
                0x20000000        0x4 ./Core/Src/system_stm32f0xx.o
                0x20000000                SystemCoreClock
 .data._impure_ptr
                0x20000004        0x4 C:/ST/STM32CubeIDE_1.19.0/STM32CubeIDE/plugins/com.st.stm32cube.ide.mcu.externaltools.gnu-tools-for-stm32.13.3.rel1.win32_1.0.100.202509120712/tools/bin/../lib/gcc/arm-none-eabi/13.3.1/../../../../arm-none-eabi/lib/thumb/v6-m/nofp\libc_nano.a(libc_a-impure.o)
                0x20000004                _impure_ptr
 .data._impure_data
                0x20000008       0x4c C:/ST/STM32CubeIDE_1.19.0/STM32CubeIDE/plugins/com.st.stm32cube.ide.mcu.externaltools.gnu-tools-for-stm32.13.3.rel1.win32_1.0.100.202509120712/tools/bin/../lib/gcc/arm-none-eabi/13.3.1/../../../../arm-none-eabi/lib/thumb/v6-m/nofp\libc_nano.a(libc_a-impure.o)
                0x20000008                _impure_data
 *(.RamFunc)
 *(.RamFunc*)
                0x20000054                        . = ALIGN (0x4)
                0x20000054                        _edata = .

.igot.plt       0x20000054        0x0 load address 0x08009c40
 .igot.plt      0x20000054        0x0 C:/ST/STM32CubeIDE_1.19.0/STM32CubeIDE/plugins/com.st.stm32cube.ide.mcu.externaltools.gnu-tools-for-stm32.13.3.rel1.win32_1.0.100.202509120712/tools/bin/../lib/gcc/arm-none-eabi/13.3.1/thumb/v6-m/nofp/crtbegin.o
                0x20000054                        . = ALIGN (0x4)

.bss            0x20000058      0xa94 load address 0x08009c40
                0x20000058                        _sbss = .
                0x20000058                        __bss_start__ = _sbss
 *(.bss)
 .bss           0x20000058       0x1c C:/ST/STM32CubeIDE_1.19.0/STM32CubeIDE/plugins/com.st.stm32cube.ide.mcu.externaltools.gnu-tools-for-stm32.13.3.rel1.win32_1.0.100.202509120712/tools/bin/../lib/gcc/arm-none-eabi/13.3.1/thumb/v6-m/nofp/crtbegin.o
 *(.bss*)
 *fill*         0x20000074        0x4 
 .bss.Norm_ADC  0x20000078       0x40 ./Core/Src/New_Struct_Variables.o
                0x20000078                Norm_ADC
 .bss.Norm_Avg  0x200000b8       0x2c ./Core/Src/New_Struct_Variables.o
                0x200000b8                Norm_Avg
 *fill*         0x200000e4        0x4 
 .bss.Norm_Rms  0x200000e8       0x48 ./Core/Src/New_Struct_Variables.o
                0x200000e8                Norm_Rms
 .bss.Cntr      0x20000130       0x6c ./Core/Src/New_Struct_Variables.o
                0x20000130                Cntr
 .bss.Norm_ADC_Limits
                0x2000019c       0x12 ./Core/Src/New_Struct_Variables.o
                0x2000019c                Norm_ADC_Limits
 *fill*         0x200001ae        0x2 
 .bss.Norm_Avg_Limits
                0x200001b0       0x1a ./Core/Src/New_Struct_Variables.o
                0x200001b0                Norm_Avg_Limits
 *fill*         0x200001ca        0x2 
 .bss.Norm_RMS_Limits
                0x200001cc       0x16 ./Core/Src/New_Struct_Variables.o
                0x200001cc                Norm_RMS_Limits
 *fill*         0x200001e2        0x2 
 .bss.Othr      0x200001e4       0xb0 ./Core/Src/New_Struct_Variables.o
                0x200001e4                Othr
 .bss.Fast_Limit_Flags
                0x20000294        0x4 ./Core/Src/New_Struct_Variables.o
                0x20000294                Fast_Limit_Flags
 .bss.RMS_Limit_Flags
                0x20000298        0x4 ./Core/Src/New_Struct_Variables.o
                0x20000298                RMS_Limit_Flags
 .bss.Avg_Limit_Flags
                0x2000029c        0x4 ./Core/Src/New_Struct_Variables.o
                0x2000029c                Avg_Limit_Flags
 .bss.Inv_Cntrl
                0x200002a0       0xe0 ./Core/Src/New_Struct_Variables.o
                0x200002a0                Inv_Cntrl
 .bss.PV_Cntrl  0x20000380       0x20 ./Core/Src/New_Struct_Variables.o
                0x20000380                PV_Cntrl
 .bss.Debug_Fast
                0x200003a0       0x32 ./Core/Src/New_Struct_Variables.o
                0x200003a0                Debug_Fast
 *fill*         0x200003d2        0x2 
 .bss.Debug_Avg
                0x200003d4       0x32 ./Core/Src/New_Struct_Variables.o
                0x200003d4                Debug_Avg
 *fill*         0x20000406        0x2 
 .bss.Debug_Rms
                0x20000408       0x32 ./Core/Src/New_Struct_Variables.o
                0x20000408                Debug_Rms
 *fill*         0x2000043a        0x2 
 .bss.Debug     0x2000043c       0x32 ./Core/Src/New_Struct_Variables.o
                0x2000043c                Debug
 *fill*         0x2000046e        0x2 
 .bss.Debug_State
                0x20000470       0x32 ./Core/Src/New_Struct_Variables.o
                0x20000470                Debug_State
 *fill*         0x200004a2        0x2 
 .bss.Debug_Grid_Tie
                0x200004a4       0x32 ./Core/Src/New_Struct_Variables.o
                0x200004a4                Debug_Grid_Tie
 *fill*         0x200004d6        0x2 
 .bss.Metering  0x200004d8       0x60 ./Core/Src/New_Struct_Variables.o
                0x200004d8                Metering
 .bss.Temp_Var  0x20000538       0x14 ./Core/Src/New_Struct_Variables.o
                0x20000538                Temp_Var
 .bss.Calibration_Temp
                0x2000054c       0x1c ./Core/Src/New_Struct_Variables.o
                0x2000054c                Calibration_Temp
 .bss.Calibration_Var
                0x20000568       0x1c ./Core/Src/New_Struct_Variables.o
                0x20000568                Calibration_Var
 .bss.ADC_Value
                0x20000584       0x16 ./Core/Src/New_Struct_Variables.o
                0x20000584                ADC_Value
 *fill*         0x2000059a        0x2 
 .bss.UART1_recvdata
                0x2000059c       0xc8 ./Core/Src/UART1_Slave_Lib/UART1_Slave_Variables.o
                0x2000059c                UART1_recvdata
 .bss.UART1_Rec_Flags
                0x20000664        0x4 ./Core/Src/UART1_Slave_Lib/UART1_Slave_Variables.o
                0x20000664                UART1_Rec_Flags
 .bss.UART1_Rec_Var
                0x20000668       0x38 ./Core/Src/UART1_Slave_Lib/UART1_Slave_Variables.o
                0x20000668                UART1_Rec_Var
 .bss.UART1_Txdata
                0x200006a0       0x5a ./Core/Src/UART1_Slave_Lib/UART1_Slave_Variables.o
                0x200006a0                UART1_Txdata
 *fill*         0x200006fa        0x2 
 .bss.UART1_Send_Flags
                0x200006fc        0x4 ./Core/Src/UART1_Slave_Lib/UART1_Slave_Variables.o
                0x200006fc                UART1_Send_Flags
 .bss.UART1_Send_Var
                0x20000700       0x30 ./Core/Src/UART1_Slave_Lib/UART1_Slave_Variables.o
                0x20000700                UART1_Send_Var
 .bss.UART1_Msg_Send_Reqt_Flags
                0x20000730        0x4 ./Core/Src/UART1_Slave_Lib/UART1_Slave_Variables.o
                0x20000730                UART1_Msg_Send_Reqt_Flags
 .bss.UART2_Send_Var
                0x20000734       0x30 ./Core/Src/UART2_Slave_Lib/UART2_Slave_Variables.o
                0x20000734                UART2_Send_Var
 .bss.UART_Debugging_Rec_Flags
                0x20000764        0x4 ./Core/Src/UART_Debugging/UART_Debugging_Variables.o
                0x20000764                UART_Debugging_Rec_Flags
 .bss.UART_Debugging_Rec_Var
                0x20000768       0x38 ./Core/Src/UART_Debugging/UART_Debugging_Variables.o
                0x20000768                UART_Debugging_Rec_Var
 .bss.UART_Debugging_Txdata
                0x200007a0      0x1f4 ./Core/Src/UART_Debugging/UART_Debugging_Variables.o
                0x200007a0                UART_Debugging_Txdata
 .bss.UART_Debugging_Flags
                0x20000994        0x4 ./Core/Src/UART_Debugging/UART_Debugging_Variables.o
                0x20000994                UART_Debugging_Flags
 .bss.UART_Debugging_Var
                0x20000998       0x18 ./Core/Src/UART_Debugging/UART_Debugging_Variables.o
                0x20000998                UART_Debugging_Var
 .bss.UART_Debugging_Msg_Send_Reqt_Flags
                0x200009b0        0x4 ./Core/Src/UART_Debugging/UART_Debugging_Variables.o
                0x200009b0                UART_Debugging_Msg_Send_Reqt_Flags
 .bss.__sf      0x200009b4      0x138 C:/ST/STM32CubeIDE_1.19.0/STM32CubeIDE/plugins/com.st.stm32cube.ide.mcu.externaltools.gnu-tools-for-stm32.13.3.rel1.win32_1.0.100.202509120712/tools/bin/../lib/gcc/arm-none-eabi/13.3.1/../../../../arm-none-eabi/lib/thumb/v6-m/nofp\libc_nano.a(libc_a-findfp.o)
                0x200009b4                __sf
 *(COMMON)
                0x20000aec                        . = ALIGN (0x4)
                0x20000aec                        _ebss = .
                0x20000aec                        __bss_end__ = _ebss

._user_heap_stack
                0x20000aec      0x604 load address 0x08009c40
                0x20000af0                        . = ALIGN (0x8)
 *fill*         0x20000aec        0x4 
                [!provide]                        PROVIDE (end = .)
                0x20000af0                        PROVIDE (_end = .)
                0x20000cf0                        . = (. + _Min_Heap_Size)
 *fill*         0x20000af0      0x200 
                0x200010f0                        . = (. + _Min_Stack_Size)
 *fill*         0x20000cf0      0x400 
                0x200010f0                        . = ALIGN (0x8)

/DISCARD/
 libc.a(*)
 libm.a(*)
 libgcc.a(*)

.ARM.attributes
                0x00000000       0x28
 *(.ARM.attributes)
 .ARM.attributes
                0x00000000       0x1e C:/ST/STM32CubeIDE_1.19.0/STM32CubeIDE/plugins/com.st.stm32cube.ide.mcu.externaltools.gnu-tools-for-stm32.13.3.rel1.win32_1.0.100.202509120712/tools/bin/../lib/gcc/arm-none-eabi/13.3.1/thumb/v6-m/nofp/crti.o
 .ARM.attributes
                0x0000001e       0x2c C:/ST/STM32CubeIDE_1.19.0/STM32CubeIDE/plugins/com.st.stm32cube.ide.mcu.externaltools.gnu-tools-for-stm32.13.3.rel1.win32_1.0.100.202509120712/tools/bin/../lib/gcc/arm-none-eabi/13.3.1/thumb/v6-m/nofp/crtbegin.o
 .ARM.attributes
                0x0000004a       0x2c ./Core/Src/General_functions.o
 .ARM.attributes
                0x00000076       0x2c ./Core/Src/Interrupt_Cntrl_Fns.o
 .ARM.attributes
                0x000000a2       0x2c ./Core/Src/New_Struct_Variables.o
 .ARM.attributes
                0x000000ce       0x2c ./Core/Src/adc.o
 .ARM.attributes
                0x000000fa       0x2c ./Core/Src/dma.o
 .ARM.attributes
                0x00000126       0x2c ./Core/Src/gpio.o
 .ARM.attributes
                0x00000152       0x2c ./Core/Src/main.o
 .ARM.attributes
                0x0000017e       0x2c ./Core/Src/stm32f0xx_it.o
 .ARM.attributes
                0x000001aa       0x2c ./Core/Src/system_stm32f0xx.o
 .ARM.attributes
                0x000001d6       0x2c ./Core/Src/tim.o
 .ARM.attributes
                0x00000202       0x2c ./Core/Src/usart.o
 .ARM.attributes
                0x0000022e       0x2c ./Core/Src/UART1_Slave_Lib/UART1_Slave_Functions.o
 .ARM.attributes
                0x0000025a       0x2c ./Core/Src/UART1_Slave_Lib/UART1_Slave_Variables.o
 .ARM.attributes
                0x00000286       0x2c ./Core/Src/UART2_Slave_Lib/UART2_Slave_Variables.o
 .ARM.attributes
                0x000002b2       0x2c ./Core/Src/UART_Debugging/UART_Debugging_Functions.o
 .ARM.attributes
                0x000002de       0x2c ./Core/Src/UART_Debugging/UART_Debugging_Variables.o
 .ARM.attributes
                0x0000030a       0x21 ./Core/Startup/startup_stm32f030r8tx.o
 .ARM.attributes
                0x0000032b       0x2c ./Drivers/STM32F0xx_HAL_Driver/Src/stm32f0xx_ll_adc.o
 .ARM.attributes
                0x00000357       0x2c ./Drivers/STM32F0xx_HAL_Driver/Src/stm32f0xx_ll_exti.o
 .ARM.attributes
                0x00000383       0x2c ./Drivers/STM32F0xx_HAL_Driver/Src/stm32f0xx_ll_gpio.o
 .ARM.attributes
                0x000003af       0x2c ./Drivers/STM32F0xx_HAL_Driver/Src/stm32f0xx_ll_rcc.o
 .ARM.attributes
                0x000003db       0x2c ./Drivers/STM32F0xx_HAL_Driver/Src/stm32f0xx_ll_tim.o
 .ARM.attributes
                0x00000407       0x2c ./Drivers/STM32F0xx_HAL_Driver/Src/stm32f0xx_ll_usart.o
 .ARM.attributes
                0x00000433       0x2c ./Drivers/STM32F0xx_HAL_Driver/Src/stm32f0xx_ll_utils.o
 .ARM.attributes
                0x0000045f       0x2c C:/ST/STM32CubeIDE_1.19.0/STM32CubeIDE/plugins/com.st.stm32cube.ide.mcu.externaltools.gnu-tools-for-stm32.13.3.rel1.win32_1.0.100.202509120712/tools/bin/../lib/gcc/arm-none-eabi/13.3.1/../../../../arm-none-eabi/lib/thumb/v6-m/nofp\libc_nano.a(libc_a-findfp.o)
 .ARM.attributes
                0x0000048b       0x2c C:/ST/STM32CubeIDE_1.19.0/STM32CubeIDE/plugins/com.st.stm32cube.ide.mcu.externaltools.gnu-tools-for-stm32.13.3.rel1.win32_1.0.100.202509120712/tools/bin/../lib/gcc/arm-none-eabi/13.3.1/../../../../arm-none-eabi/lib/thumb/v6-m/nofp\libc_nano.a(libc_a-memset.o)
 .ARM.attributes
                0x000004b7       0x2c C:/ST/STM32CubeIDE_1.19.0/STM32CubeIDE/plugins/com.st.stm32cube.ide.mcu.externaltools.gnu-tools-for-stm32.13.3.rel1.win32_1.0.100.202509120712/tools/bin/../lib/gcc/arm-none-eabi/13.3.1/../../../../arm-none-eabi/lib/thumb/v6-m/nofp\libc_nano.a(libc_a-impure.o)
 .ARM.attributes
                0x000004e3       0x2c C:/ST/STM32CubeIDE_1.19.0/STM32CubeIDE/plugins/com.st.stm32cube.ide.mcu.externaltools.gnu-tools-for-stm32.13.3.rel1.win32_1.0.100.202509120712/tools/bin/../lib/gcc/arm-none-eabi/13.3.1/../../../../arm-none-eabi/lib/thumb/v6-m/nofp\libc_nano.a(libc_a-errno.o)
 .ARM.attributes
                0x0000050f       0x2c C:/ST/STM32CubeIDE_1.19.0/STM32CubeIDE/plugins/com.st.stm32cube.ide.mcu.externaltools.gnu-tools-for-stm32.13.3.rel1.win32_1.0.100.202509120712/tools/bin/../lib/gcc/arm-none-eabi/13.3.1/../../../../arm-none-eabi/lib/thumb/v6-m/nofp\libc_nano.a(libc_a-init.o)
 .ARM.attributes
                0x0000053b       0x2c C:/ST/STM32CubeIDE_1.19.0/STM32CubeIDE/plugins/com.st.stm32cube.ide.mcu.externaltools.gnu-tools-for-stm32.13.3.rel1.win32_1.0.100.202509120712/tools/bin/../lib/gcc/arm-none-eabi/13.3.1/../../../../arm-none-eabi/lib/thumb/v6-m/nofp\libc_nano.a(libc_a-memcpy-stub.o)
 .ARM.attributes
                0x00000567       0x2c C:/ST/STM32CubeIDE_1.19.0/STM32CubeIDE/plugins/com.st.stm32cube.ide.mcu.externaltools.gnu-tools-for-stm32.13.3.rel1.win32_1.0.100.202509120712/tools/bin/../lib/gcc/arm-none-eabi/13.3.1/../../../../arm-none-eabi/lib/thumb/v6-m/nofp\libm.a(libm_a-wf_sqrt.o)
 .ARM.attributes
                0x00000593       0x2c C:/ST/STM32CubeIDE_1.19.0/STM32CubeIDE/plugins/com.st.stm32cube.ide.mcu.externaltools.gnu-tools-for-stm32.13.3.rel1.win32_1.0.100.202509120712/tools/bin/../lib/gcc/arm-none-eabi/13.3.1/../../../../arm-none-eabi/lib/thumb/v6-m/nofp\libm.a(libm_a-ef_sqrt.o)
 .ARM.attributes
                0x000005bf       0x1e C:/ST/STM32CubeIDE_1.19.0/STM32CubeIDE/plugins/com.st.stm32cube.ide.mcu.externaltools.gnu-tools-for-stm32.13.3.rel1.win32_1.0.100.202509120712/tools/bin/../lib/gcc/arm-none-eabi/13.3.1/thumb/v6-m/nofp\libgcc.a(_udivsi3.o)
 .ARM.attributes
                0x000005dd       0x1e C:/ST/STM32CubeIDE_1.19.0/STM32CubeIDE/plugins/com.st.stm32cube.ide.mcu.externaltools.gnu-tools-for-stm32.13.3.rel1.win32_1.0.100.202509120712/tools/bin/../lib/gcc/arm-none-eabi/13.3.1/thumb/v6-m/nofp\libgcc.a(_dvmd_tls.o)
 .ARM.attributes
                0x000005fb       0x1e C:/ST/STM32CubeIDE_1.19.0/STM32CubeIDE/plugins/com.st.stm32cube.ide.mcu.externaltools.gnu-tools-for-stm32.13.3.rel1.win32_1.0.100.202509120712/tools/bin/../lib/gcc/arm-none-eabi/13.3.1/thumb/v6-m/nofp\libgcc.a(_arm_cmpsf2.o)
 .ARM.attributes
                0x00000619       0x2c C:/ST/STM32CubeIDE_1.19.0/STM32CubeIDE/plugins/com.st.stm32cube.ide.mcu.externaltools.gnu-tools-for-stm32.13.3.rel1.win32_1.0.100.202509120712/tools/bin/../lib/gcc/arm-none-eabi/13.3.1/thumb/v6-m/nofp\libgcc.a(_muldi3.o)
 .ARM.attributes
                0x00000645       0x2c C:/ST/STM32CubeIDE_1.19.0/STM32CubeIDE/plugins/com.st.stm32cube.ide.mcu.externaltools.gnu-tools-for-stm32.13.3.rel1.win32_1.0.100.202509120712/tools/bin/../lib/gcc/arm-none-eabi/13.3.1/thumb/v6-m/nofp\libgcc.a(_fixunssfsi.o)
 .ARM.attributes
                0x00000671       0x2c C:/ST/STM32CubeIDE_1.19.0/STM32CubeIDE/plugins/com.st.stm32cube.ide.mcu.externaltools.gnu-tools-for-stm32.13.3.rel1.win32_1.0.100.202509120712/tools/bin/../lib/gcc/arm-none-eabi/13.3.1/thumb/v6-m/nofp\libgcc.a(_floatundisf.o)
 .ARM.attributes
                0x0000069d       0x2c C:/ST/STM32CubeIDE_1.19.0/STM32CubeIDE/plugins/com.st.stm32cube.ide.mcu.externaltools.gnu-tools-for-stm32.13.3.rel1.win32_1.0.100.202509120712/tools/bin/../lib/gcc/arm-none-eabi/13.3.1/thumb/v6-m/nofp\libgcc.a(addsf3.o)
 .ARM.attributes
                0x000006c9       0x2c C:/ST/STM32CubeIDE_1.19.0/STM32CubeIDE/plugins/com.st.stm32cube.ide.mcu.externaltools.gnu-tools-for-stm32.13.3.rel1.win32_1.0.100.202509120712/tools/bin/../lib/gcc/arm-none-eabi/13.3.1/thumb/v6-m/nofp\libgcc.a(divsf3.o)
 .ARM.attributes
                0x000006f5       0x2c C:/ST/STM32CubeIDE_1.19.0/STM32CubeIDE/plugins/com.st.stm32cube.ide.mcu.externaltools.gnu-tools-for-stm32.13.3.rel1.win32_1.0.100.202509120712/tools/bin/../lib/gcc/arm-none-eabi/13.3.1/thumb/v6-m/nofp\libgcc.a(eqsf2.o)
 .ARM.attributes
                0x00000721       0x2c C:/ST/STM32CubeIDE_1.19.0/STM32CubeIDE/plugins/com.st.stm32cube.ide.mcu.externaltools.gnu-tools-for-stm32.13.3.rel1.win32_1.0.100.202509120712/tools/bin/../lib/gcc/arm-none-eabi/13.3.1/thumb/v6-m/nofp\libgcc.a(gesf2.o)
 .ARM.attributes
                0x0000074d       0x2c C:/ST/STM32CubeIDE_1.19.0/STM32CubeIDE/plugins/com.st.stm32cube.ide.mcu.externaltools.gnu-tools-for-stm32.13.3.rel1.win32_1.0.100.202509120712/tools/bin/../lib/gcc/arm-none-eabi/13.3.1/thumb/v6-m/nofp\libgcc.a(lesf2.o)
 .ARM.attributes
                0x00000779       0x2c C:/ST/STM32CubeIDE_1.19.0/STM32CubeIDE/plugins/com.st.stm32cube.ide.mcu.externaltools.gnu-tools-for-stm32.13.3.rel1.win32_1.0.100.202509120712/tools/bin/../lib/gcc/arm-none-eabi/13.3.1/thumb/v6-m/nofp\libgcc.a(mulsf3.o)
 .ARM.attributes
                0x000007a5       0x2c C:/ST/STM32CubeIDE_1.19.0/STM32CubeIDE/plugins/com.st.stm32cube.ide.mcu.externaltools.gnu-tools-for-stm32.13.3.rel1.win32_1.0.100.202509120712/tools/bin/../lib/gcc/arm-none-eabi/13.3.1/thumb/v6-m/nofp\libgcc.a(subsf3.o)
 .ARM.attributes
                0x000007d1       0x2c C:/ST/STM32CubeIDE_1.19.0/STM32CubeIDE/plugins/com.st.stm32cube.ide.mcu.externaltools.gnu-tools-for-stm32.13.3.rel1.win32_1.0.100.202509120712/tools/bin/../lib/gcc/arm-none-eabi/13.3.1/thumb/v6-m/nofp\libgcc.a(unordsf2.o)
 .ARM.attributes
                0x000007fd       0x2c C:/ST/STM32CubeIDE_1.19.0/STM32CubeIDE/plugins/com.st.stm32cube.ide.mcu.externaltools.gnu-tools-for-stm32.13.3.rel1.win32_1.0.100.202509120712/tools/bin/../lib/gcc/arm-none-eabi/13.3.1/thumb/v6-m/nofp\libgcc.a(fixsfsi.o)
 .ARM.attributes
                0x00000829       0x2c C:/ST/STM32CubeIDE_1.19.0/STM32CubeIDE/plugins/com.st.stm32cube.ide.mcu.externaltools.gnu-tools-for-stm32.13.3.rel1.win32_1.0.100.202509120712/tools/bin/../lib/gcc/arm-none-eabi/13.3.1/thumb/v6-m/nofp\libgcc.a(adddf3.o)
 .ARM.attributes
                0x00000855       0x2c C:/ST/STM32CubeIDE_1.19.0/STM32CubeIDE/plugins/com.st.stm32cube.ide.mcu.externaltools.gnu-tools-for-stm32.13.3.rel1.win32_1.0.100.202509120712/tools/bin/../lib/gcc/arm-none-eabi/13.3.1/thumb/v6-m/nofp\libgcc.a(muldf3.o)
 .ARM.attributes
                0x00000881       0x2c C:/ST/STM32CubeIDE_1.19.0/STM32CubeIDE/plugins/com.st.stm32cube.ide.mcu.externaltools.gnu-tools-for-stm32.13.3.rel1.win32_1.0.100.202509120712/tools/bin/../lib/gcc/arm-none-eabi/13.3.1/thumb/v6-m/nofp\libgcc.a(floatunsidf.o)
 .ARM.attributes
                0x000008ad       0x2c C:/ST/STM32CubeIDE_1.19.0/STM32CubeIDE/plugins/com.st.stm32cube.ide.mcu.externaltools.gnu-tools-for-stm32.13.3.rel1.win32_1.0.100.202509120712/tools/bin/../lib/gcc/arm-none-eabi/13.3.1/thumb/v6-m/nofp\libgcc.a(truncdfsf2.o)
 .ARM.attributes
                0x000008d9       0x1e C:/ST/STM32CubeIDE_1.19.0/STM32CubeIDE/plugins/com.st.stm32cube.ide.mcu.externaltools.gnu-tools-for-stm32.13.3.rel1.win32_1.0.100.202509120712/tools/bin/../lib/gcc/arm-none-eabi/13.3.1/thumb/v6-m/nofp\libgcc.a(_clzsi2.o)
 .ARM.attributes
                0x000008f7       0x1e C:/ST/STM32CubeIDE_1.19.0/STM32CubeIDE/plugins/com.st.stm32cube.ide.mcu.externaltools.gnu-tools-for-stm32.13.3.rel1.win32_1.0.100.202509120712/tools/bin/../lib/gcc/arm-none-eabi/13.3.1/thumb/v6-m/nofp/crtn.o
OUTPUT(Statcon_Interactive_File_1.elf elf32-littlearm)
LOAD linker stubs
LOAD C:/ST/STM32CubeIDE_1.19.0/STM32CubeIDE/plugins/com.st.stm32cube.ide.mcu.externaltools.gnu-tools-for-stm32.13.3.rel1.win32_1.0.100.202509120712/tools/bin/../lib/gcc/arm-none-eabi/13.3.1/../../../../arm-none-eabi/lib/thumb/v6-m/nofp\libc.a
LOAD C:/ST/STM32CubeIDE_1.19.0/STM32CubeIDE/plugins/com.st.stm32cube.ide.mcu.externaltools.gnu-tools-for-stm32.13.3.rel1.win32_1.0.100.202509120712/tools/bin/../lib/gcc/arm-none-eabi/13.3.1/../../../../arm-none-eabi/lib/thumb/v6-m/nofp\libm.a
LOAD C:/ST/STM32CubeIDE_1.19.0/STM32CubeIDE/plugins/com.st.stm32cube.ide.mcu.externaltools.gnu-tools-for-stm32.13.3.rel1.win32_1.0.100.202509120712/tools/bin/../lib/gcc/arm-none-eabi/13.3.1/thumb/v6-m/nofp\libgcc.a

.debug_info     0x00000000    0x10918
 .debug_info    0x00000000     0x1e4c ./Core/Src/General_functions.o
 .debug_info    0x00001e4c     0x1516 ./Core/Src/Interrupt_Cntrl_Fns.o
 .debug_info    0x00003362     0x189b ./Core/Src/New_Struct_Variables.o
 .debug_info    0x00004bfd      0x91a ./Core/Src/adc.o
 .debug_info    0x00005517      0x53b ./Core/Src/dma.o
 .debug_info    0x00005a52      0x599 ./Core/Src/gpio.o
 .debug_info    0x00005feb     0x1549 ./Core/Src/main.o
 .debug_info    0x00007534     0x143c ./Core/Src/stm32f0xx_it.o
 .debug_info    0x00008970      0x23b ./Core/Src/system_stm32f0xx.o
 .debug_info    0x00008bab      0xc22 ./Core/Src/tim.o
 .debug_info    0x000097cd      0x9df ./Core/Src/usart.o
 .debug_info    0x0000a1ac     0x19f4 ./Core/Src/UART1_Slave_Lib/UART1_Slave_Functions.o
 .debug_info    0x0000bba0      0x683 ./Core/Src/UART1_Slave_Lib/UART1_Slave_Variables.o
 .debug_info    0x0000c223      0x683 ./Core/Src/UART2_Slave_Lib/UART2_Slave_Variables.o
 .debug_info    0x0000c8a6      0xaef ./Core/Src/UART_Debugging/UART_Debugging_Functions.o
 .debug_info    0x0000d395      0x5e1 ./Core/Src/UART_Debugging/UART_Debugging_Variables.o
 .debug_info    0x0000d976       0x30 ./Core/Startup/startup_stm32f030r8tx.o
 .debug_info    0x0000d9a6      0x5a7 ./Drivers/STM32F0xx_HAL_Driver/Src/stm32f0xx_ll_adc.o
 .debug_info    0x0000df4d      0x330 ./Drivers/STM32F0xx_HAL_Driver/Src/stm32f0xx_ll_exti.o
 .debug_info    0x0000e27d      0x528 ./Drivers/STM32F0xx_HAL_Driver/Src/stm32f0xx_ll_gpio.o
 .debug_info    0x0000e7a5      0x52f ./Drivers/STM32F0xx_HAL_Driver/Src/stm32f0xx_ll_rcc.o
 .debug_info    0x0000ecd4      0xe4e ./Drivers/STM32F0xx_HAL_Driver/Src/stm32f0xx_ll_tim.o
 .debug_info    0x0000fb22      0x68b ./Drivers/STM32F0xx_HAL_Driver/Src/stm32f0xx_ll_usart.o
 .debug_info    0x000101ad      0x76b ./Drivers/STM32F0xx_HAL_Driver/Src/stm32f0xx_ll_utils.o

.debug_abbrev   0x00000000     0x290b
 .debug_abbrev  0x00000000      0x296 ./Core/Src/General_functions.o
 .debug_abbrev  0x00000296      0x1e4 ./Core/Src/Interrupt_Cntrl_Fns.o
 .debug_abbrev  0x0000047a      0x17f ./Core/Src/New_Struct_Variables.o
 .debug_abbrev  0x000005f9      0x1bf ./Core/Src/adc.o
 .debug_abbrev  0x000007b8      0x18a ./Core/Src/dma.o
 .debug_abbrev  0x00000942      0x1ac ./Core/Src/gpio.o
 .debug_abbrev  0x00000aee      0x2a8 ./Core/Src/main.o
 .debug_abbrev  0x00000d96      0x217 ./Core/Src/stm32f0xx_it.o
 .debug_abbrev  0x00000fad      0x11c ./Core/Src/system_stm32f0xx.o
 .debug_abbrev  0x000010c9      0x1fc ./Core/Src/tim.o
 .debug_abbrev  0x000012c5      0x26c ./Core/Src/usart.o
 .debug_abbrev  0x00001531      0x296 ./Core/Src/UART1_Slave_Lib/UART1_Slave_Functions.o
 .debug_abbrev  0x000017c7       0xc6 ./Core/Src/UART1_Slave_Lib/UART1_Slave_Variables.o
 .debug_abbrev  0x0000188d       0xc6 ./Core/Src/UART2_Slave_Lib/UART2_Slave_Variables.o
 .debug_abbrev  0x00001953      0x184 ./Core/Src/UART_Debugging/UART_Debugging_Functions.o
 .debug_abbrev  0x00001ad7       0xcf ./Core/Src/UART_Debugging/UART_Debugging_Variables.o
 .debug_abbrev  0x00001ba6       0x24 ./Core/Startup/startup_stm32f030r8tx.o
 .debug_abbrev  0x00001bca      0x1e3 ./Drivers/STM32F0xx_HAL_Driver/Src/stm32f0xx_ll_adc.o
 .debug_abbrev  0x00001dad      0x159 ./Drivers/STM32F0xx_HAL_Driver/Src/stm32f0xx_ll_exti.o
 .debug_abbrev  0x00001f06      0x1a2 ./Drivers/STM32F0xx_HAL_Driver/Src/stm32f0xx_ll_gpio.o
 .debug_abbrev  0x000020a8      0x206 ./Drivers/STM32F0xx_HAL_Driver/Src/stm32f0xx_ll_rcc.o
 .debug_abbrev  0x000022ae      0x20f ./Drivers/STM32F0xx_HAL_Driver/Src/stm32f0xx_ll_tim.o
 .debug_abbrev  0x000024bd      0x1f6 ./Drivers/STM32F0xx_HAL_Driver/Src/stm32f0xx_ll_usart.o
 .debug_abbrev  0x000026b3      0x258 ./Drivers/STM32F0xx_HAL_Driver/Src/stm32f0xx_ll_utils.o

.debug_aranges  0x00000000      0xb78
 .debug_aranges
                0x00000000      0x1a8 ./Core/Src/General_functions.o
 .debug_aranges
                0x000001a8       0x38 ./Core/Src/Interrupt_Cntrl_Fns.o
 .debug_aranges
                0x000001e0       0x18 ./Core/Src/New_Struct_Variables.o
 .debug_aranges
                0x000001f8       0x88 ./Core/Src/adc.o
 .debug_aranges
                0x00000280       0x38 ./Core/Src/dma.o
 .debug_aranges
                0x000002b8       0x48 ./Core/Src/gpio.o
 .debug_aranges
                0x00000300       0xc8 ./Core/Src/main.o
 .debug_aranges
                0x000003c8       0x60 ./Core/Src/stm32f0xx_it.o
 .debug_aranges
                0x00000428       0x28 ./Core/Src/system_stm32f0xx.o
 .debug_aranges
                0x00000450       0x88 ./Core/Src/tim.o
 .debug_aranges
                0x000004d8       0x68 ./Core/Src/usart.o
 .debug_aranges
                0x00000540       0xb0 ./Core/Src/UART1_Slave_Lib/UART1_Slave_Functions.o
 .debug_aranges
                0x000005f0       0x18 ./Core/Src/UART1_Slave_Lib/UART1_Slave_Variables.o
 .debug_aranges
                0x00000608       0x18 ./Core/Src/UART2_Slave_Lib/UART2_Slave_Variables.o
 .debug_aranges
                0x00000620       0x30 ./Core/Src/UART_Debugging/UART_Debugging_Functions.o
 .debug_aranges
                0x00000650       0x18 ./Core/Src/UART_Debugging/UART_Debugging_Variables.o
 .debug_aranges
                0x00000668       0x28 ./Core/Startup/startup_stm32f030r8tx.o
 .debug_aranges
                0x00000690       0x88 ./Drivers/STM32F0xx_HAL_Driver/Src/stm32f0xx_ll_adc.o
 .debug_aranges
                0x00000718       0x70 ./Drivers/STM32F0xx_HAL_Driver/Src/stm32f0xx_ll_exti.o
 .debug_aranges
                0x00000788       0x70 ./Drivers/STM32F0xx_HAL_Driver/Src/stm32f0xx_ll_gpio.o
 .debug_aranges
                0x000007f8       0xe8 ./Drivers/STM32F0xx_HAL_Driver/Src/stm32f0xx_ll_rcc.o
 .debug_aranges
                0x000008e0      0x128 ./Drivers/STM32F0xx_HAL_Driver/Src/stm32f0xx_ll_tim.o
 .debug_aranges
                0x00000a08       0x88 ./Drivers/STM32F0xx_HAL_Driver/Src/stm32f0xx_ll_usart.o
 .debug_aranges
                0x00000a90       0xe8 ./Drivers/STM32F0xx_HAL_Driver/Src/stm32f0xx_ll_utils.o

.debug_rnglists
                0x00000000      0x840
 .debug_rnglists
                0x00000000      0x153 ./Core/Src/General_functions.o
 .debug_rnglists
                0x00000153       0x29 ./Core/Src/Interrupt_Cntrl_Fns.o
 .debug_rnglists
                0x0000017c       0x62 ./Core/Src/adc.o
 .debug_rnglists
                0x000001de       0x26 ./Core/Src/dma.o
 .debug_rnglists
                0x00000204       0x32 ./Core/Src/gpio.o
 .debug_rnglists
                0x00000236       0x93 ./Core/Src/main.o
 .debug_rnglists
                0x000002c9       0x44 ./Core/Src/stm32f0xx_it.o
 .debug_rnglists
                0x0000030d       0x1a ./Core/Src/system_stm32f0xx.o
 .debug_rnglists
                0x00000327       0x66 ./Core/Src/tim.o
 .debug_rnglists
                0x0000038d       0x4c ./Core/Src/usart.o
 .debug_rnglists
                0x000003d9       0x8c ./Core/Src/UART1_Slave_Lib/UART1_Slave_Functions.o
 .debug_rnglists
                0x00000465       0x22 ./Core/Src/UART_Debugging/UART_Debugging_Functions.o
 .debug_rnglists
                0x00000487       0x19 ./Core/Startup/startup_stm32f030r8tx.o
 .debug_rnglists
                0x000004a0       0x62 ./Drivers/STM32F0xx_HAL_Driver/Src/stm32f0xx_ll_adc.o
 .debug_rnglists
                0x00000502       0x50 ./Drivers/STM32F0xx_HAL_Driver/Src/stm32f0xx_ll_exti.o
 .debug_rnglists
                0x00000552       0x51 ./Drivers/STM32F0xx_HAL_Driver/Src/stm32f0xx_ll_gpio.o
 .debug_rnglists
                0x000005a3       0xab ./Drivers/STM32F0xx_HAL_Driver/Src/stm32f0xx_ll_rcc.o
 .debug_rnglists
                0x0000064e       0xe4 ./Drivers/STM32F0xx_HAL_Driver/Src/stm32f0xx_ll_tim.o
 .debug_rnglists
                0x00000732       0x62 ./Drivers/STM32F0xx_HAL_Driver/Src/stm32f0xx_ll_usart.o
 .debug_rnglists
                0x00000794       0xac ./Drivers/STM32F0xx_HAL_Driver/Src/stm32f0xx_ll_utils.o

.debug_macro    0x00000000     0xdf66
 .debug_macro   0x00000000      0x1c4 ./Core/Src/General_functions.o
 .debug_macro   0x000001c4      0xaea ./Core/Src/General_functions.o
 .debug_macro   0x00000cae       0x2e ./Core/Src/General_functions.o
 .debug_macro   0x00000cdc       0x22 ./Core/Src/General_functions.o
 .debug_macro   0x00000cfe       0x22 ./Core/Src/General_functions.o
 .debug_macro   0x00000d20       0x8e ./Core/Src/General_functions.o
 .debug_macro   0x00000dae       0x51 ./Core/Src/General_functions.o
 .debug_macro   0x00000dff      0x103 ./Core/Src/General_functions.o
 .debug_macro   0x00000f02       0x6a ./Core/Src/General_functions.o
 .debug_macro   0x00000f6c      0x1df ./Core/Src/General_functions.o
 .debug_macro   0x0000114b       0x1c ./Core/Src/General_functions.o
 .debug_macro   0x00001167       0x22 ./Core/Src/General_functions.o
 .debug_macro   0x00001189       0xaf ./Core/Src/General_functions.o
 .debug_macro   0x00001238      0x391 ./Core/Src/General_functions.o
 .debug_macro   0x000015c9     0x6f47 ./Core/Src/General_functions.o
 .debug_macro   0x00008510       0x66 ./Core/Src/General_functions.o
 .debug_macro   0x00008576      0x5ac ./Core/Src/General_functions.o
 .debug_macro   0x00008b22      0x215 ./Core/Src/General_functions.o
 .debug_macro   0x00008d37      0x3d4 ./Core/Src/General_functions.o
 .debug_macro   0x0000910b       0xcb ./Core/Src/General_functions.o
 .debug_macro   0x000091d6      0x176 ./Core/Src/General_functions.o
 .debug_macro   0x0000934c       0xd0 ./Core/Src/General_functions.o
 .debug_macro   0x0000941c       0x16 ./Core/Src/General_functions.o
 .debug_macro   0x00009432       0x2a ./Core/Src/General_functions.o
 .debug_macro   0x0000945c       0x68 ./Core/Src/General_functions.o
 .debug_macro   0x000094c4      0x5bd ./Core/Src/General_functions.o
 .debug_macro   0x00009a81      0x264 ./Core/Src/General_functions.o
 .debug_macro   0x00009ce5      0x11f ./Core/Src/General_functions.o
 .debug_macro   0x00009e04      0x16f ./Core/Src/General_functions.o
 .debug_macro   0x00009f73      0x2c6 ./Core/Src/General_functions.o
 .debug_macro   0x0000a239       0x52 ./Core/Src/General_functions.o
 .debug_macro   0x0000a28b       0x52 ./Core/Src/General_functions.o
 .debug_macro   0x0000a2dd       0x52 ./Core/Src/General_functions.o
 .debug_macro   0x0000a32f      0x18e ./Core/Src/Interrupt_Cntrl_Fns.o
 .debug_macro   0x0000a4bd      0x15b ./Core/Src/New_Struct_Variables.o
 .debug_macro   0x0000a618      0x14e ./Core/Src/adc.o
 .debug_macro   0x0000a766      0x5a6 ./Core/Src/adc.o
 .debug_macro   0x0000ad0c      0x14e ./Core/Src/dma.o
 .debug_macro   0x0000ae5a      0x14e ./Core/Src/gpio.o
 .debug_macro   0x0000afa8      0x29e ./Core/Src/main.o
 .debug_macro   0x0000b246       0x61 ./Core/Src/main.o
 .debug_macro   0x0000b2a7       0x24 ./Core/Src/main.o
 .debug_macro   0x0000b2cb       0x43 ./Core/Src/main.o
 .debug_macro   0x0000b30e       0x34 ./Core/Src/main.o
 .debug_macro   0x0000b342      0x190 ./Core/Src/main.o
 .debug_macro   0x0000b4d2      0x370 ./Core/Src/main.o
 .debug_macro   0x0000b842       0x16 ./Core/Src/main.o
 .debug_macro   0x0000b858       0x4a ./Core/Src/main.o
 .debug_macro   0x0000b8a2       0x34 ./Core/Src/main.o
 .debug_macro   0x0000b8d6       0x10 ./Core/Src/main.o
 .debug_macro   0x0000b8e6       0x58 ./Core/Src/main.o
 .debug_macro   0x0000b93e       0x8e ./Core/Src/main.o
 .debug_macro   0x0000b9cc       0x1c ./Core/Src/main.o
 .debug_macro   0x0000b9e8      0x185 ./Core/Src/main.o
 .debug_macro   0x0000bb6d      0x19b ./Core/Src/main.o
 .debug_macro   0x0000bd08      0x284 ./Core/Src/stm32f0xx_it.o
 .debug_macro   0x0000bf8c       0xbf ./Core/Src/system_stm32f0xx.o
 .debug_macro   0x0000c04b      0x14e ./Core/Src/tim.o
 .debug_macro   0x0000c199      0x14e ./Core/Src/usart.o
 .debug_macro   0x0000c2e7      0x18c ./Core/Src/UART1_Slave_Lib/UART1_Slave_Functions.o
 .debug_macro   0x0000c473      0x169 ./Core/Src/UART1_Slave_Lib/UART1_Slave_Variables.o
 .debug_macro   0x0000c5dc      0x169 ./Core/Src/UART2_Slave_Lib/UART2_Slave_Variables.o
 .debug_macro   0x0000c745      0x182 ./Core/Src/UART_Debugging/UART_Debugging_Functions.o
 .debug_macro   0x0000c8c7      0x169 ./Core/Src/UART_Debugging/UART_Debugging_Variables.o
 .debug_macro   0x0000ca30      0x121 ./Drivers/STM32F0xx_HAL_Driver/Src/stm32f0xx_ll_adc.o
 .debug_macro   0x0000cb51       0xe0 ./Drivers/STM32F0xx_HAL_Driver/Src/stm32f0xx_ll_exti.o
 .debug_macro   0x0000cc31       0xca ./Drivers/STM32F0xx_HAL_Driver/Src/stm32f0xx_ll_exti.o
 .debug_macro   0x0000ccfb       0xfb ./Drivers/STM32F0xx_HAL_Driver/Src/stm32f0xx_ll_gpio.o
 .debug_macro   0x0000cdf6      0x119 ./Drivers/STM32F0xx_HAL_Driver/Src/stm32f0xx_ll_gpio.o
 .debug_macro   0x0000cf0f       0xda ./Drivers/STM32F0xx_HAL_Driver/Src/stm32f0xx_ll_rcc.o
 .debug_macro   0x0000cfe9      0x3ce ./Drivers/STM32F0xx_HAL_Driver/Src/stm32f0xx_ll_rcc.o
 .debug_macro   0x0000d3b7      0x144 ./Drivers/STM32F0xx_HAL_Driver/Src/stm32f0xx_ll_tim.o
 .debug_macro   0x0000d4fb      0x5b7 ./Drivers/STM32F0xx_HAL_Driver/Src/stm32f0xx_ll_tim.o
 .debug_macro   0x0000dab2      0x12e ./Drivers/STM32F0xx_HAL_Driver/Src/stm32f0xx_ll_usart.o
 .debug_macro   0x0000dbe0      0x25e ./Drivers/STM32F0xx_HAL_Driver/Src/stm32f0xx_ll_usart.o
 .debug_macro   0x0000de3e      0x128 ./Drivers/STM32F0xx_HAL_Driver/Src/stm32f0xx_ll_utils.o

.debug_line     0x00000000     0xe7f4
 .debug_line    0x00000000     0x25d0 ./Core/Src/General_functions.o
 .debug_line    0x000025d0      0xb91 ./Core/Src/Interrupt_Cntrl_Fns.o
 .debug_line    0x00003161      0x659 ./Core/Src/New_Struct_Variables.o
 .debug_line    0x000037ba      0x85a ./Core/Src/adc.o
 .debug_line    0x00004014      0x6ff ./Core/Src/dma.o
 .debug_line    0x00004713      0x789 ./Core/Src/gpio.o
 .debug_line    0x00004e9c      0xc97 ./Core/Src/main.o
 .debug_line    0x00005b33      0xa95 ./Core/Src/stm32f0xx_it.o
 .debug_line    0x000065c8      0x559 ./Core/Src/system_stm32f0xx.o
 .debug_line    0x00006b21      0x9be ./Core/Src/tim.o
 .debug_line    0x000074df      0x87f ./Core/Src/usart.o
 .debug_line    0x00007d5e     0x148e ./Core/Src/UART1_Slave_Lib/UART1_Slave_Functions.o
 .debug_line    0x000091ec      0x680 ./Core/Src/UART1_Slave_Lib/UART1_Slave_Variables.o
 .debug_line    0x0000986c      0x680 ./Core/Src/UART2_Slave_Lib/UART2_Slave_Variables.o
 .debug_line    0x00009eec      0x826 ./Core/Src/UART_Debugging/UART_Debugging_Functions.o
 .debug_line    0x0000a712      0x688 ./Core/Src/UART_Debugging/UART_Debugging_Variables.o
 .debug_line    0x0000ad9a       0x7b ./Core/Startup/startup_stm32f030r8tx.o
 .debug_line    0x0000ae15      0x755 ./Drivers/STM32F0xx_HAL_Driver/Src/stm32f0xx_ll_adc.o
 .debug_line    0x0000b56a      0x686 ./Drivers/STM32F0xx_HAL_Driver/Src/stm32f0xx_ll_exti.o
 .debug_line    0x0000bbf0      0x6cd ./Drivers/STM32F0xx_HAL_Driver/Src/stm32f0xx_ll_gpio.o
 .debug_line    0x0000c2bd      0x91e ./Drivers/STM32F0xx_HAL_Driver/Src/stm32f0xx_ll_rcc.o
 .debug_line    0x0000cbdb      0xb58 ./Drivers/STM32F0xx_HAL_Driver/Src/stm32f0xx_ll_tim.o
 .debug_line    0x0000d733      0x76a ./Drivers/STM32F0xx_HAL_Driver/Src/stm32f0xx_ll_usart.o
 .debug_line    0x0000de9d      0x957 ./Drivers/STM32F0xx_HAL_Driver/Src/stm32f0xx_ll_utils.o

.debug_str      0x00000000    0x45ce7
 .debug_str     0x00000000    0x45ce7 ./Core/Src/General_functions.o
                              0x3d112 (size before relaxing)
 .debug_str     0x00045ce7        0x0 ./Core/Src/Interrupt_Cntrl_Fns.o
                              0x3c4db (size before relaxing)
 .debug_str     0x00045ce7        0x0 ./Core/Src/New_Struct_Variables.o
                              0x3c3da (size before relaxing)
 .debug_str     0x00045ce7        0x0 ./Core/Src/adc.o
                              0x395f2 (size before relaxing)
 .debug_str     0x00045ce7        0x0 ./Core/Src/dma.o
                              0x3945a (size before relaxing)
 .debug_str     0x00045ce7        0x0 ./Core/Src/gpio.o
                              0x393b4 (size before relaxing)
 .debug_str     0x00045ce7        0x0 ./Core/Src/main.o
                              0x404b3 (size before relaxing)
 .debug_str     0x00045ce7        0x0 ./Core/Src/stm32f0xx_it.o
                              0x40557 (size before relaxing)
 .debug_str     0x00045ce7        0x0 ./Core/Src/system_stm32f0xx.o
                              0x2c753 (size before relaxing)
 .debug_str     0x00045ce7        0x0 ./Core/Src/tim.o
                              0x397f9 (size before relaxing)
 .debug_str     0x00045ce7        0x0 ./Core/Src/usart.o
                              0x3967e (size before relaxing)
 .debug_str     0x00045ce7        0x0 ./Core/Src/UART1_Slave_Lib/UART1_Slave_Functions.o
                              0x3c705 (size before relaxing)
 .debug_str     0x00045ce7        0x0 ./Core/Src/UART1_Slave_Lib/UART1_Slave_Variables.o
                              0x39717 (size before relaxing)
 .debug_str     0x00045ce7        0x0 ./Core/Src/UART2_Slave_Lib/UART2_Slave_Variables.o
                              0x39717 (size before relaxing)
 .debug_str     0x00045ce7        0x0 ./Core/Src/UART_Debugging/UART_Debugging_Functions.o
                              0x3b728 (size before relaxing)
 .debug_str     0x00045ce7        0x0 ./Core/Src/UART_Debugging/UART_Debugging_Variables.o
                              0x3981d (size before relaxing)
 .debug_str     0x00045ce7        0x0 ./Core/Startup/startup_stm32f030r8tx.o
                                 0x7f (size before relaxing)
 .debug_str     0x00045ce7        0x0 ./Drivers/STM32F0xx_HAL_Driver/Src/stm32f0xx_ll_adc.o
                              0x315c3 (size before relaxing)
 .debug_str     0x00045ce7        0x0 ./Drivers/STM32F0xx_HAL_Driver/Src/stm32f0xx_ll_exti.o
                              0x2ce45 (size before relaxing)
 .debug_str     0x00045ce7        0x0 ./Drivers/STM32F0xx_HAL_Driver/Src/stm32f0xx_ll_gpio.o
                              0x2d8b8 (size before relaxing)
 .debug_str     0x00045ce7        0x0 ./Drivers/STM32F0xx_HAL_Driver/Src/stm32f0xx_ll_rcc.o
                              0x2e564 (size before relaxing)
 .debug_str     0x00045ce7        0x0 ./Drivers/STM32F0xx_HAL_Driver/Src/stm32f0xx_ll_tim.o
                              0x30fe2 (size before relaxing)
 .debug_str     0x00045ce7        0x0 ./Drivers/STM32F0xx_HAL_Driver/Src/stm32f0xx_ll_usart.o
                              0x2fd92 (size before relaxing)
 .debug_str     0x00045ce7        0x0 ./Drivers/STM32F0xx_HAL_Driver/Src/stm32f0xx_ll_utils.o
                              0x2fb9a (size before relaxing)

.comment        0x00000000       0x43
 .comment       0x00000000       0x43 ./Core/Src/General_functions.o
                                 0x44 (size before relaxing)
 .comment       0x00000043        0x0 ./Core/Src/Interrupt_Cntrl_Fns.o
                                 0x44 (size before relaxing)
 .comment       0x00000043        0x0 ./Core/Src/New_Struct_Variables.o
                                 0x44 (size before relaxing)
 .comment       0x00000043        0x0 ./Core/Src/adc.o
                                 0x44 (size before relaxing)
 .comment       0x00000043        0x0 ./Core/Src/dma.o
                                 0x44 (size before relaxing)
 .comment       0x00000043        0x0 ./Core/Src/gpio.o
                                 0x44 (size before relaxing)
 .comment       0x00000043        0x0 ./Core/Src/main.o
                                 0x44 (size before relaxing)
 .comment       0x00000043        0x0 ./Core/Src/stm32f0xx_it.o
                                 0x44 (size before relaxing)
 .comment       0x00000043        0x0 ./Core/Src/system_stm32f0xx.o
                                 0x44 (size before relaxing)
 .comment       0x00000043        0x0 ./Core/Src/tim.o
                                 0x44 (size before relaxing)
 .comment       0x00000043        0x0 ./Core/Src/usart.o
                                 0x44 (size before relaxing)
 .comment       0x00000043        0x0 ./Core/Src/UART1_Slave_Lib/UART1_Slave_Functions.o
                                 0x44 (size before relaxing)
 .comment       0x00000043        0x0 ./Core/Src/UART1_Slave_Lib/UART1_Slave_Variables.o
                                 0x44 (size before relaxing)
 .comment       0x00000043        0x0 ./Core/Src/UART2_Slave_Lib/UART2_Slave_Variables.o
                                 0x44 (size before relaxing)
 .comment       0x00000043        0x0 ./Core/Src/UART_Debugging/UART_Debugging_Functions.o
                                 0x44 (size before relaxing)
 .comment       0x00000043        0x0 ./Core/Src/UART_Debugging/UART_Debugging_Variables.o
                                 0x44 (size before relaxing)
 .comment       0x00000043        0x0 ./Drivers/STM32F0xx_HAL_Driver/Src/stm32f0xx_ll_adc.o
                                 0x44 (size before relaxing)
 .comment       0x00000043        0x0 ./Drivers/STM32F0xx_HAL_Driver/Src/stm32f0xx_ll_exti.o
                                 0x44 (size before relaxing)
 .comment       0x00000043        0x0 ./Drivers/STM32F0xx_HAL_Driver/Src/stm32f0xx_ll_gpio.o
                                 0x44 (size before relaxing)
 .comment       0x00000043        0x0 ./Drivers/STM32F0xx_HAL_Driver/Src/stm32f0xx_ll_rcc.o
                                 0x44 (size before relaxing)
 .comment       0x00000043        0x0 ./Drivers/STM32F0xx_HAL_Driver/Src/stm32f0xx_ll_tim.o
                                 0x44 (size before relaxing)
 .comment       0x00000043        0x0 ./Drivers/STM32F0xx_HAL_Driver/Src/stm32f0xx_ll_usart.o
                                 0x44 (size before relaxing)
 .comment       0x00000043        0x0 ./Drivers/STM32F0xx_HAL_Driver/Src/stm32f0xx_ll_utils.o
                                 0x44 (size before relaxing)

.debug_frame    0x00000000     0x2988
 .debug_frame   0x00000000      0x5c8 ./Core/Src/General_functions.o
 .debug_frame   0x000005c8       0x84 ./Core/Src/Interrupt_Cntrl_Fns.o
 .debug_frame   0x0000064c      0x1d4 ./Core/Src/adc.o
 .debug_frame   0x00000820       0x8c ./Core/Src/dma.o
 .debug_frame   0x000008ac       0xd0 ./Core/Src/gpio.o
 .debug_frame   0x0000097c      0x2a0 ./Core/Src/main.o
 .debug_frame   0x00000c1c      0x10c ./Core/Src/stm32f0xx_it.o
 .debug_frame   0x00000d28       0x4c ./Core/Src/system_stm32f0xx.o
 .debug_frame   0x00000d74      0x1d8 ./Core/Src/tim.o
 .debug_frame   0x00000f4c      0x150 ./Core/Src/usart.o
 .debug_frame   0x0000109c      0x234 ./Core/Src/UART1_Slave_Lib/UART1_Slave_Functions.o
 .debug_frame   0x000012d0       0x64 ./Core/Src/UART_Debugging/UART_Debugging_Functions.o
 .debug_frame   0x00001334      0x1d0 ./Drivers/STM32F0xx_HAL_Driver/Src/stm32f0xx_ll_adc.o
 .debug_frame   0x00001504      0x16c ./Drivers/STM32F0xx_HAL_Driver/Src/stm32f0xx_ll_exti.o
 .debug_frame   0x00001670      0x170 ./Drivers/STM32F0xx_HAL_Driver/Src/stm32f0xx_ll_gpio.o
 .debug_frame   0x000017e0      0x318 ./Drivers/STM32F0xx_HAL_Driver/Src/stm32f0xx_ll_rcc.o
 .debug_frame   0x00001af8      0x450 ./Drivers/STM32F0xx_HAL_Driver/Src/stm32f0xx_ll_tim.o
 .debug_frame   0x00001f48      0x1d0 ./Drivers/STM32F0xx_HAL_Driver/Src/stm32f0xx_ll_usart.o
 .debug_frame   0x00002118      0x328 ./Drivers/STM32F0xx_HAL_Driver/Src/stm32f0xx_ll_utils.o
 .debug_frame   0x00002440      0x138 C:/ST/STM32CubeIDE_1.19.0/STM32CubeIDE/plugins/com.st.stm32cube.ide.mcu.externaltools.gnu-tools-for-stm32.13.3.rel1.win32_1.0.100.202509120712/tools/bin/../lib/gcc/arm-none-eabi/13.3.1/../../../../arm-none-eabi/lib/thumb/v6-m/nofp\libc_nano.a(libc_a-findfp.o)
 .debug_frame   0x00002578       0x20 C:/ST/STM32CubeIDE_1.19.0/STM32CubeIDE/plugins/com.st.stm32cube.ide.mcu.externaltools.gnu-tools-for-stm32.13.3.rel1.win32_1.0.100.202509120712/tools/bin/../lib/gcc/arm-none-eabi/13.3.1/../../../../arm-none-eabi/lib/thumb/v6-m/nofp\libc_nano.a(libc_a-memset.o)