Archive member included to satisfy reference by file (symbol)

C:/ST/STM32CubeIDE_1.19.0/STM32CubeIDE/plugins/com.st.stm32cube.ide.mcu.externaltools.gnu-tools-for-stm32.13.3.rel1.win32_1.0.100.202509120712/tools/bin/../lib/gcc/arm-none-eabi/13.3.1/../../../../arm-none-eabi/lib/thumb/v6-m/nofp\libc_nano.a(libc_a-exit.o)
                              C:/ST/STM32CubeIDE_1.19.0/STM32CubeIDE/plugins/com.st.stm32cube.ide.mcu.externaltools.gnu-tools-for-stm32.13.3.rel1.win32_1.0.100.202509120712/tools/bin/../lib/gcc/arm-none-eabi/13.3.1/../../../../arm-none-eabi/lib/thumb/v6-m/nofp/crt0.o (exit)
C:/ST/STM32CubeIDE_1.19.0/STM32CubeIDE/plugins/com.st.stm32cube.ide.mcu.externaltools.gnu-tools-for-stm32.13.3.rel1.win32_1.0.100.202509120712/tools/bin/../lib/gcc/arm-none-eabi/13.3.1/../../../../arm-none-eabi/lib/thumb/v6-m/nofp\libc_nano.a(libc_a-findfp.o)
                              C:/ST/STM32CubeIDE_1.19.0/STM32CubeIDE/plugins/com.st.stm32cube.ide.mcu.externaltools.gnu-tools-for-stm32.13.3.rel1.win32_1.0.100.202509120712/tools/bin/../lib/gcc/arm-none-eabi/13.3.1/../../../../arm-none-eabi/lib/thumb/v6-m/nofp\libc_nano.a(libc_a-exit.o) (__stdio_exit_handler)
C:/ST/STM32CubeIDE_1.19.0/STM32CubeIDE/plugins/com.st.stm32cube.ide.mcu.externaltools.gnu-tools-for-stm32.13.3.rel1.win32_1.0.100.202509120712/tools/bin/../lib/gcc/arm-none-eabi/13.3.1/../../../../arm-none-eabi/lib/thumb/v6-m/nofp\libc_nano.a(libc_a-fwalk.o)
                              C:/ST/STM32CubeIDE_1.19.0/STM32CubeIDE/plugins/com.st.stm32cube.ide.mcu.externaltools.gnu-tools-for-stm32.13.3.rel1.win32_1.0.100.202509120712/tools/bin/../lib/gcc/arm-none-eabi/13.3.1/../../../../arm-none-eabi/lib/thumb/v6-m/nofp\libc_nano.a(libc_a-findfp.o) (_fwalk_sglue)
C:/ST/STM32CubeIDE_1.19.0/STM32CubeIDE/plugins/com.st.stm32cube.ide.mcu.externaltools.gnu-tools-for-stm32.13.3.rel1.win32_1.0.100.202509120712/tools/bin/../lib/gcc/arm-none-eabi/13.3.1/../../../../arm-none-eabi/lib/thumb/v6-m/nofp\libc_nano.a(libc_a-stdio.o)
                              C:/ST/STM32CubeIDE_1.19.0/STM32CubeIDE/plugins/com.st.stm32cube.ide.mcu.externaltools.gnu-tools-for-stm32.13.3.rel1.win32_1.0.100.202509120712/tools/bin/../lib/gcc/arm-none-eabi/13.3.1/../../../../arm-none-eabi/lib/thumb/v6-m/nofp\libc_nano.a(libc_a-findfp.o) (__sread)
C:/ST/STM32CubeIDE_1.19.0/STM32CubeIDE/plugins/com.st.stm32cube.ide.mcu.externaltools.gnu-tools-for-stm32.13.3.rel1.win32_1.0.100.202509120712/tools/bin/../lib/gcc/arm-none-eabi/13.3.1/../../../../arm-none-eabi/lib/thumb/v6-m/nofp\libc_nano.a(libc_a-memset.o)
                              C:/ST/STM32CubeIDE_1.19.0/STM32CubeIDE/plugins/com.st.stm32cube.ide.mcu.externaltools.gnu-tools-for-stm32.13.3.rel1.win32_1.0.100.202509120712/tools/bin/../lib/gcc/arm-none-eabi/13.3.1/../../../../arm-none-eabi/lib/thumb/v6-m/nofp/crt0.o (memset)
C:/ST/STM32CubeIDE_1.19.0/STM32CubeIDE/plugins/com.st.stm32cube.ide.mcu.externaltools.gnu-tools-for-stm32.13.3.rel1.win32_1.0.100.202509120712/tools/bin/../lib/gcc/arm-none-eabi/13.3.1/../../../../arm-none-eabi/lib/thumb/v6-m/nofp\libc_nano.a(libc_a-closer.o)
                              C:/ST/STM32CubeIDE_1.19.0/STM32CubeIDE/plugins/com.st.stm32cube.ide.mcu.externaltools.gnu-tools-for-stm32.13.3.rel1.win32_1.0.100.202509120712/tools/bin/../lib/gcc/arm-none-eabi/13.3.1/../../../../arm-none-eabi/lib/thumb/v6-m/nofp\libc_nano.a(libc_a-stdio.o) (_close_r)
C:/ST/STM32CubeIDE_1.19.0/STM32CubeIDE/plugins/com.st.stm32cube.ide.mcu.externaltools.gnu-tools-for-stm32.13.3.rel1.win32_1.0.100.202509120712/tools/bin/../lib/gcc/arm-none-eabi/13.3.1/../../../../arm-none-eabi/lib/thumb/v6-m/nofp\libc_nano.a(libc_a-reent.o)
                              C:/ST/STM32CubeIDE_1.19.0/STM32CubeIDE/plugins/com.st.stm32cube.ide.mcu.externaltools.gnu-tools-for-stm32.13.3.rel1.win32_1.0.100.202509120712/tools/bin/../lib/gcc/arm-none-eabi/13.3.1/../../../../arm-none-eabi/lib/thumb/v6-m/nofp\libc_nano.a(libc_a-closer.o) (errno)
C:/ST/STM32CubeIDE_1.19.0/STM32CubeIDE/plugins/com.st.stm32cube.ide.mcu.externaltools.gnu-tools-for-stm32.13.3.rel1.win32_1.0.100.202509120712/tools/bin/../lib/gcc/arm-none-eabi/13.3.1/../../../../arm-none-eabi/lib/thumb/v6-m/nofp\libc_nano.a(libc_a-impure.o)
                              C:/ST/STM32CubeIDE_1.19.0/STM32CubeIDE/plugins/com.st.stm32cube.ide.mcu.externaltools.gnu-tools-for-stm32.13.3.rel1.win32_1.0.100.202509120712/tools/bin/../lib/gcc/arm-none-eabi/13.3.1/../../../../arm-none-eabi/lib/thumb/v6-m/nofp\libc_nano.a(libc_a-reent.o) (_impure_ptr)
C:/ST/STM32CubeIDE_1.19.0/STM32CubeIDE/plugins/com.st.stm32cube.ide.mcu.externaltools.gnu-tools-for-stm32.13.3.rel1.win32_1.0.100.202509120712/tools/bin/../lib/gcc/arm-none-eabi/13.3.1/../../../../arm-none-eabi/lib/thumb/v6-m/nofp\libc_nano.a(libc_a-lseekr.o)
[...]
Memory Configuration

Name             Origin             Length             Attributes
RAM              0x20000000         0x00002000         xrw
FLASH            0x08000000         0x00010000         xr
*default*        0x00000000         0xffffffff

Linker script and memory map

LOAD C:/ST/STM32CubeIDE_1.19.0/STM32CubeIDE/plugins/com.st.stm32cube.ide.mcu.externaltools.gnu-tools-for-stm32.13.3.rel1.win32_1.0.100.202509120712/tools/bin/../lib/gcc/arm-none-eabi/13.3.1/thumb/v6-m/nofp/crti.o
LOAD C:/ST/STM32CubeIDE_1.19.0/STM32CubeIDE/plugins/com.st.stm32cube.ide.mcu.externaltools.gnu-tools-for-stm32.13.3.rel1.win32_1.0.100.202509120712/tools/bin/../lib/gcc/arm-none-eabi/13.3.1/thumb/v6-m/nofp/crtbegin.o
LOAD C:/ST/STM32CubeIDE_1.19.0/STM32CubeIDE/plugins/com.st.stm32cube.ide.mcu.externaltools.gnu-tools-for-stm32.13.3.rel1.win32_1.0.100.202509120712/tools/bin/../lib/gcc/arm-none-eabi/13.3.1/../../../../arm-none-eabi/lib/thumb/v6-m/nofp/crt0.o
LOAD ./Core/Src/General_functions.o
LOAD ./Core/Src/Interrupt_Cntrl_Fns.o
LOAD ./Core/Src/Interrupt_Diagonosis_Fns.o
LOAD ./Core/Src/New_Struct_Variables.o
LOAD ./Core/Src/adc.o
LOAD ./Core/Src/dma.o
LOAD ./Core/Src/gpio.o
LOAD ./Core/Src/main.o
LOAD ./Core/Src/stm32f0xx_it.o
LOAD ./Core/Src/syscalls.o
LOAD ./Core/Src/sysmem.o
LOAD ./Core/Src/system_stm32f0xx.o
LOAD ./Core/Src/tim.o
LOAD ./Core/Src/usart.o
LOAD ./Core/Src/UART1_Slave_Lib/UART1_Slave_Functions.o
LOAD ./Core/Src/UART1_Slave_Lib/UART1_Slave_Variables.o
LOAD ./Core/Src/UART2_Slave_Lib/UART2_Slave_Functions.o
LOAD ./Core/Src/UART2_Slave_Lib/UART2_Slave_Variables.o
LOAD ./Core/Src/UART_Debugging/UART_Debugging_Functions.o
LOAD ./Core/Src/UART_Debugging/UART_Debugging_Variables.o
LOAD ./Core/Startup/startup_stm32f030r8tx.o
LOAD ./Drivers/STM32F0xx_HAL_Driver/Src/stm32f0xx_ll_adc.o
LOAD ./Drivers/STM32F0xx_HAL_Driver/Src/stm32f0xx_ll_dma.o
LOAD ./Drivers/STM32F0xx_HAL_Driver/Src/stm32f0xx_ll_exti.o
LOAD ./Drivers/STM32F0xx_HAL_Driver/Src/stm32f0xx_ll_gpio.o
LOAD ./Drivers/STM32F0xx_HAL_Driver/Src/stm32f0xx_ll_pwr.o
LOAD ./Drivers/STM32F0xx_HAL_Driver/Src/stm32f0xx_ll_rcc.o
LOAD ./Drivers/STM32F0xx_HAL_Driver/Src/stm32f0xx_ll_tim.o
LOAD ./Drivers/STM32F0xx_HAL_Driver/Src/stm32f0xx_ll_usart.o
LOAD ./Drivers/STM32F0xx_HAL_Driver/Src/stm32f0xx_ll_utils.o
START GROUP
LOAD C:/ST/STM32CubeIDE_1.19.0/STM32CubeIDE/plugins/com.st.stm32cube.ide.mcu.externaltools.gnu-tools-for-stm32.13.3.rel1.win32_1.0.100.202509120712/tools/bin/../lib/gcc/arm-none-eabi/13.3.1/../../../../arm-none-eabi/lib/thumb/v6-m/nofp\libc_nano.a
LOAD C:/ST/STM32CubeIDE_1.19.0/STM32CubeIDE/plugins/com.st.stm32cube.ide.mcu.externaltools.gnu-tools-for-stm32.13.3.rel1.win32_1.0.100.202509120712/tools/bin/../lib/gcc/arm-none-eabi/13.3.1/../../../../arm-none-eabi/lib/thumb/v6-m/nofp\libm.a
END GROUP
START GROUP
LOAD C:/ST/STM32CubeIDE_1.19.0/STM32CubeIDE/plugins/com.st.stm32cube.ide.mcu.externaltools.gnu-tools-for-stm32.13.3.rel1.win32_1.0.100.202509120712/tools/bin/../lib/gcc/arm-none-eabi/13.3.1/thumb/v6-m/nofp\libgcc.a
LOAD C:/ST/STM32CubeIDE_1.19.0/STM32CubeIDE/plugins/com.st.stm32cube.ide.mcu.externaltools.gnu-tools-for-stm32.13.3.rel1.win32_1.0.100.202509120712/tools/bin/../lib/gcc/arm-none-eabi/13.3.1/../../../../arm-none-eabi/lib/thumb/v6-m/nofp\libc_nano.a
END GROUP
START GROUP
LOAD C:/ST/STM32CubeIDE_1.19.0/STM32CubeIDE/plugins/com.st.stm32cube.ide.mcu.externaltools.gnu-tools-for-stm32.13.3.rel1.win32_1.0.100.202509120712/tools/bin/../lib/gcc/arm-none-eabi/13.3.1/thumb/v6-m/nofp\libgcc.a
LOAD C:/ST/STM32CubeIDE_1.19.0/STM32CubeIDE/plugins/com.st.stm32cube.ide.mcu.externaltools.gnu-tools-for-stm32.13.3.rel1.win32_1.0.100.202509120712/tools/bin/../lib/gcc/arm-none-eabi/13.3.1/../../../../arm-none-eabi/lib/thumb/v6-m/nofp\libc_nano.a
LOAD C:/ST/STM32CubeIDE_1.19.0/STM32CubeIDE/plugins/com.st.stm32cube.ide.mcu.externaltools.gnu-tools-for-stm32.13.3.rel1.win32_1.0.100.202509120712/tools/bin/../lib/gcc/arm-none-eabi/13.3.1/../../../../arm-none-eabi/lib/thumb/v6-m/nofp\libnosys.a
END GROUP
START GROUP
LOAD C:/ST/STM32CubeIDE_1.19.0/STM32CubeIDE/plugins/com.st.stm32cube.ide.mcu.externaltools.gnu-tools-for-stm32.13.3.rel1.win32_1.0.100.202509120712/tools/bin/../lib/gcc/arm-none-eabi/13.3.1/thumb/v6-m/nofp\libgcc.a
LOAD C:/ST/STM32CubeIDE_1.19.0/STM32CubeIDE/plugins/com.st.stm32cube.ide.mcu.externaltools.gnu-tools-for-stm32.13.3.rel1.win32_1.0.100.202509120712/tools/bin/../lib/gcc/arm-none-eabi/13.3.1/../../../../arm-none-eabi/lib/thumb/v6-m/nofp\libc_nano.a
LOAD C:/ST/STM32CubeIDE_1.19.0/STM32CubeIDE/plugins/com.st.stm32cube.ide.mcu.externaltools.gnu-tools-for-stm32.13.3.rel1.win32_1.0.100.202509120712/tools/bin/../lib/gcc/arm-none-eabi/13.3.1/../../../../arm-none-eabi/lib/thumb/v6-m/nofp\libnosys.a
END GROUP
LOAD C:/ST/STM32CubeIDE_1.19.0/STM32CubeIDE/plugins/com.st.stm32cube.ide.mcu.externaltools.gnu-tools-for-stm32.13.3.rel1.win32_1.0.100.202509120712/tools/bin/../lib/gcc/arm-none-eabi/13.3.1/thumb/v6-m/nofp/crtend.o
LOAD C:/ST/STM32CubeIDE_1.19.0/STM32CubeIDE/plugins/com.st.stm32cube.ide.mcu.externaltools.gnu-tools-for-stm32.13.3.rel1.win32_1.0.100.202509120712/tools/bin/../lib/gcc/arm-none-eabi/13.3.1/thumb/v6-m/nofp/crtn.o
                0x20002000                        _estack = (ORIGIN (RAM) + LENGTH (RAM))
                0x00000200                        _Min_Heap_Size = 0x200
                0x00000400                        _Min_Stack_Size = 0x400

.isr_vector     0x08000000       0xc0
                0x08000000                        . = ALIGN (0x4)
 *(.isr_vector)
 .isr_vector    0x08000000       0xc0 ./Core/Startup/startup_stm32f030r8tx.o
                0x08000000                g_pfnVectors
                0x080000c0                        . = ALIGN (0x4)

.text           0x080000c0     0x9b18
                0x080000c0                        . = ALIGN (0x4)
 *(.text)
 .text          0x080000c0       0x48 C:/ST/STM32CubeIDE_1.19.0/STM32CubeIDE/plugins/com.st.stm32cube.ide.mcu.externaltools.gnu-tools-for-stm32.13.3.rel1.win32_1.0.100.202509120712/tools/bin/../lib/gcc/arm-none-eabi/13.3.1/thumb/v6-m/nofp/crtbegin.o
 .text          0x08000108      0x114 C:/ST/STM32CubeIDE_1.19.0/STM32CubeIDE/plugins/com.st.stm32cube.ide.mcu.externaltools.gnu-tools-for-stm32.13.3.rel1.win32_1.0.100.202509120712/tools/bin/../lib/gcc/arm-none-eabi/13.3.1/thumb/v6-m/nofp\libgcc.a(_udivsi3.o)
                0x08000108                __aeabi_uidiv
                0x08000108                __udivsi3
                0x08000214                __aeabi_uidivmod
 .text          0x0800021c        0x4 C:/ST/STM32CubeIDE_1.19.0/STM32CubeIDE/plugins/com.st.stm32cube.ide.mcu.externaltools.gnu-tools-for-stm32.13.3.rel1.win32_1.0.100.202509120712/tools/bin/../lib/gcc/arm-none-eabi/13.3.1/thumb/v6-m/nofp\libgcc.a(_dvmd_tls.o)
                0x0800021c                __aeabi_idiv0
                0x0800021c                __aeabi_ldiv0
 .text          0x08000220       0x74 C:/ST/STM32CubeIDE_1.19.0/STM32CubeIDE/plugins/com.st.stm32cube.ide.mcu.externaltools.gnu-tools-for-stm32.13.3.rel1.win32_1.0.100.202509120712/tools/bin/../lib/gcc/arm-none-eabi/13.3.1/thumb/v6-m/nofp\libgcc.a(_arm_cmpsf2.o)
                0x08000220                __aeabi_cfrcmple
                0x08000228                __aeabi_cfcmpeq
                0x08000228                __aeabi_cfcmple
                0x08000238                __aeabi_fcmpeq
                0x08000244                __aeabi_fcmplt
                0x08000258                __aeabi_fcmple
                0x0800026c                __aeabi_fcmpgt
                0x08000280                __aeabi_fcmpge
 .text          0x08000294       0x5c C:/ST/STM32CubeIDE_1.19.0/STM32CubeIDE/plugins/com.st.stm32cube.ide.mcu.externaltools.gnu-tools-for-stm32.13.3.rel1.win32_1.0.100.202509120712/tools/bin/../lib/gcc/arm-none-eabi/13.3.1/thumb/v6-m/nofp\libgcc.a(_muldi3.o)
                0x08000294                __muldi3
                0x08000294                __aeabi_lmul
 .text          0x080002f0       0x30 C:/ST/STM32CubeIDE_1.19.0/STM32CubeIDE/plugins/com.st.stm32cube.ide.mcu.externaltools.gnu-tools-for-stm32.13.3.rel1.win32_1.0.100.202509120712/tools/bin/../lib/gcc/arm-none-eabi/13.3.1/thumb/v6-m/nofp\libgcc.a(_fixunssfsi.o)
                0x080002f0                __fixunssfsi
                0x080002f0                __aeabi_f2uiz
 .text          0x08000320       0x48 C:/ST/STM32CubeIDE_1.19.0/STM32CubeIDE/plugins/com.st.stm32cube.ide.mcu.externaltools.gnu-tools-for-stm32.13.3.rel1.win32_1.0.100.202509120712/tools/bin/../lib/gcc/arm-none-eabi/13.3.1/thumb/v6-m/nofp\libgcc.a(_floatundisf.o)
                0x08000320                __aeabi_ul2f
                0x08000320                __floatundisf
 .text          0x08000368      0x3e4 C:/ST/STM32CubeIDE_1.19.0/STM32CubeIDE/plugins/com.st.stm32cube.ide.mcu.externaltools.gnu-tools-for-stm32.13.3.rel1.win32_1.0.100.202509120712/tools/bin/../lib/gcc/arm-none-eabi/13.3.1/thumb/v6-m/nofp\libgcc.a(addsf3.o)
                0x08000368                __aeabi_fadd
 .text          0x0800074c      0x22c C:/ST/STM32CubeIDE_1.19.0/STM32CubeIDE/plugins/com.st.stm32cube.ide.mcu.externaltools.gnu-tools-for-stm32.13.3.rel1.win32_1.0.100.202509120712/tools/bin/../lib/gcc/arm-none-eabi/13.3.1/thumb/v6-m/nofp\libgcc.a(divsf3.o)
                0x0800074c                __aeabi_fdiv
 .text          0x08000978       0x50 C:/ST/STM32CubeIDE_1.19.0/STM32CubeIDE/plugins/com.st.stm32cube.ide.mcu.externaltools.gnu-tools-for-stm32.13.3.rel1.win32_1.0.100.202509120712/tools/bin/../lib/gcc/arm-none-eabi/13.3.1/thumb/v6-m/nofp\libgcc.a(eqsf2.o)
                0x08000978                __eqsf2
                0x08000978                __nesf2
 .text          0x080009c8       0x90 C:/ST/STM32CubeIDE_1.19.0/STM32CubeIDE/plugins/com.st.stm32cube.ide.mcu.externaltools.gnu-tools-for-stm32.13.3.rel1.win32_1.0.100.202509120712/tools/bin/../lib/gcc/arm-none-eabi/13.3.1/thumb/v6-m/nofp\libgcc.a(gesf2.o)
                0x080009c8                __gesf2
                0x080009c8                __gtsf2
 .text          0x08000a58       0x90 C:/ST/STM32CubeIDE_1.19.0/STM32CubeIDE/plugins/com.st.stm32cube.ide.mcu.externaltools.gnu-tools-for-stm32.13.3.rel1.win32_1.0.100.202509120712/tools/bin/../lib/gcc/arm-none-eabi/13.3.1/thumb/v6-m/nofp\libgcc.a(lesf2.o)
                0x08000a58                __ltsf2
                0x08000a58                __lesf2
 .text          0x08000ae8      0x2b4 C:/ST/STM32CubeIDE_1.19.0/STM32CubeIDE/plugins/com.st.stm32cube.ide.mcu.externaltools.gnu-tools-for-stm32.13.3.rel1.win32_1.0.100.202509120712/tools/bin/../lib/gcc/arm-none-eabi/13.3.1/thumb/v6-m/nofp\libgcc.a(mulsf3.o)
                0x08000ae8                __aeabi_fmul
 .text          0x08000d9c      0x4c8 C:/ST/STM32CubeIDE_1.19.0/STM32CubeIDE/plugins/com.st.stm32cube.ide.mcu.externaltools.gnu-tools-for-stm32.13.3.rel1.win32_1.0.100.202509120712/tools/bin/../lib/gcc/arm-none-eabi/13.3.1/thumb/v6-m/nofp\libgcc.a(subsf3.o)
                0x08000d9c                __aeabi_fsub
 .text          0x08001264       0x2c C:/ST/STM32CubeIDE_1.19.0/STM32CubeIDE/plugins/com.st.stm32cube.ide.mcu.externaltools.gnu-tools-for-stm32.13.3.rel1.win32_1.0.100.202509120712/tools/bin/../lib/gcc/arm-none-eabi/13.3.1/thumb/v6-m/nofp\libgcc.a(unordsf2.o)
                0x08001264                __aeabi_fcmpun
 .text          0x08001290       0x40 C:/ST/STM32CubeIDE_1.19.0/STM32CubeIDE/plugins/com.st.stm32cube.ide.mcu.externaltools.gnu-tools-for-stm32.13.3.rel1.win32_1.0.100.202509120712/tools/bin/../lib/gcc/arm-none-eabi/13.3.1/thumb/v6-m/nofp\libgcc.a(fixsfsi.o)
                0x08001290                __aeabi_f2iz
 .text          0x080012d0      0x78c C:/ST/STM32CubeIDE_1.19.0/STM32CubeIDE/plugins/com.st.stm32cube.ide.mcu.externaltools.gnu-tools-for-stm32.13.3.rel1.win32_1.0.100.202509120712/tools/bin/../lib/gcc/arm-none-eabi/13.3.1/thumb/v6-m/nofp\libgcc.a(adddf3.o)
                0x080012d0                __aeabi_dadd
 .text          0x08001a5c      0x5cc C:/ST/STM32CubeIDE_1.19.0/STM32CubeIDE/plugins/com.st.stm32cube.ide.mcu.externaltools.gnu-tools-for-stm32.13.3.rel1.win32_1.0.100.202509120712/tools/bin/../lib/gcc/arm-none-eabi/13.3.1/thumb/v6-m/nofp\libgcc.a(muldf3.o)
                0x08001a5c                __aeabi_dmul
 .text          0x08002028       0x48 C:/ST/STM32CubeIDE_1.19.0/STM32CubeIDE/plugins/com.st.stm32cube.ide.mcu.externaltools.gnu-tools-for-stm32.13.3.rel1.win32_1.0.100.202509120712/tools/bin/../lib/gcc/arm-none-eabi/13.3.1/thumb/v6-m/nofp\libgcc.a(floatunsidf.o)
                0x08002028                __aeabi_ui2d
 .text          0x08002070      0x104 C:/ST/STM32CubeIDE_1.19.0/STM32CubeIDE/plugins/com.st.stm32cube.ide.mcu.externaltools.gnu-tools-for-stm32.13.3.rel1.win32_1.0.100.202509120712/tools/bin/../lib/gcc/arm-none-eabi/13.3.1/thumb/v6-m/nofp\libgcc.a(truncdfsf2.o)
                0x08002070                __aeabi_d2f
 .text          0x08002174       0x3c C:/ST/STM32CubeIDE_1.19.0/STM32CubeIDE/plugins/com.st.stm32cube.ide.mcu.externaltools.gnu-tools-for-stm32.13.3.rel1.win32_1.0.100.202509120712/tools/bin/../lib/gcc/arm-none-eabi/13.3.1/thumb/v6-m/nofp\libgcc.a(_clzsi2.o)
                0x08002174                __clzsi2
 *(.text*)
 .text.LL_TIM_OC_DisablePreload
                0x080021b0       0x94 ./Core/Src/General_functions.o
 .text.TIM1_OEN_DT_CCEN_IEN_STRT
                0x08002244       0x60 ./Core/Src/General_functions.o
                0x08002244                TIM1_OEN_DT_CCEN_IEN_STRT
 .text.ADC_DMA_CH1_CONFIG
                0x080022a4       0x34 ./Core/Src/General_functions.o
                0x080022a4                ADC_DMA_CH1_CONFIG
 .text.TIM3_CAPEN_IEN_STRT
                0x080022d8       0x1c ./Core/Src/General_functions.o
                0x080022d8                TIM3_CAPEN_IEN_STRT
 .text.TIM14_CH1_PWM_Config
                0x080022f4       0x38 ./Core/Src/General_functions.o
                0x080022f4                TIM14_CH1_PWM_Config
 .text.Inverter_OFF
                0x0800232c       0x98 ./Core/Src/General_functions.o
                0x0800232c                Inverter_OFF
 .text.Switch_Off_Mains_Relay
                0x080023c4       0x60 ./Core/Src/General_functions.o
                0x080023c4                Switch_Off_Mains_Relay
 .text.Switch_On_Mains_Relay
                0x08002424       0x1c ./Core/Src/General_functions.o
                0x08002424                Switch_On_Mains_Relay
 .text.Inverter_ON
                0x08002440       0x1c ./Core/Src/General_functions.o
                0x08002440                Inverter_ON
 .text.MPPT_OFF
                0x0800245c       0x20 ./Core/Src/General_functions.o
                0x0800245c                MPPT_OFF
 .text.MPPT_ON  0x0800247c       0x1c ./Core/Src/General_functions.o
                0x0800247c                MPPT_ON
 .text.ADC_Avg_And_RMS_Cal
                0x08002498      0x3ec ./Core/Src/General_functions.o
                0x08002498                ADC_Avg_And_RMS_Cal
 .text.PV_Duty_Dec_Code
                0x08002884       0x68 ./Core/Src/General_functions.o
                0x08002884                PV_Duty_Dec_Code
 .text.PV_Duty_Inc_Code
                0x080028ec       0x64 ./Core/Src/General_functions.o
                0x080028ec                PV_Duty_Inc_Code
 .text.Update_Sine_Freq_To_Grid_Freq
                0x08002950       0x40 ./Core/Src/General_functions.o
                0x08002950                Update_Sine_Freq_To_Grid_Freq
 .text.Anti_Islanding_Update_Sine_Freq_To_Grid_Freq
                0x08002990       0x68 ./Core/Src/General_functions.o
                0x08002990                Anti_Islanding_Update_Sine_Freq_To_Grid_Freq
 .text.Cntrs_Incrmnt_Fn_for_100us_ISR
                0x080029f8      0x338 ./Core/Src/General_functions.o
                0x080029f8                Cntrs_Incrmnt_Fn_for_100us_ISR
 .text.Zero_Crossing_Detection_Counter_Fn
                0x08002d30       0xd8 ./Core/Src/General_functions.o
                0x08002d30                Zero_Crossing_Detection_Counter_Fn
 .text.Batt_V_Err_Integ_Saturator_Code
                0x08002e08       0xac ./Core/Src/General_functions.o
                0x08002e08                Batt_V_Err_Integ_Saturator_Code
 .text.V_Generate_Saturator_Code
                0x08002eb4       0x38 ./Core/Src/General_functions.o
                0x08002eb4                V_Generate_Saturator_Code
 .text.V_Delta_Generate_Saturator_Code
                0x08002eec       0x3c ./Core/Src/General_functions.o
                0x08002eec                V_Delta_Generate_Saturator_Code
 .text.Fast_Diagnostics
                0x08002f28      0x3d8 ./Core/Src/General_functions.o
                0x08002f28                Fast_Diagnostics
 .text.Avg_Diagnostics
                0x08003300        0xa ./Core/Src/General_functions.o
                0x08003300                Avg_Diagnostics
 *fill*         0x0800330a        0x2 
 .text.RMS_Diagnostics
                0x0800330c      0x11c ./Core/Src/General_functions.o
                0x0800330c                RMS_Diagnostics
 .text.Energy_Calculation
                0x08003428       0xc0 ./Core/Src/General_functions.o
                0x08003428                Energy_Calculation
 .text.Energy_Calculation_With_Mains_CT
                0x080034e8       0xc0 ./Core/Src/General_functions.o
                0x080034e8                Energy_Calculation_With_Mains_CT
 .text.PV_KWhr_Calculation
                0x080035a8       0x70 ./Core/Src/General_functions.o
                0x080035a8                PV_KWhr_Calculation
 .text.Variable_Init
                0x08003618      0x8b4 ./Core/Src/General_functions.o
                0x08003618                Variable_Init
 .text.Generate_Fault_Data_For_Metering
                0x08003ecc      0x8d0 ./Core/Src/General_functions.o
                0x08003ecc                Generate_Fault_Data_For_Metering
 .text.PFC_Power_on_off
                0x0800479c       0xec ./Core/Src/General_functions.o
                0x0800479c                PFC_Power_on_off
 .text.Inv_State_0_Int_Cntrl
                0x08004888      0x40c ./Core/Src/Interrupt_Cntrl_Fns.o
                0x08004888                Inv_State_0_Int_Cntrl
 .text.Inv_State_1_Int_Cntrl
                0x08004c94      0x3e4 ./Core/Src/Interrupt_Cntrl_Fns.o
                0x08004c94                Inv_State_1_Int_Cntrl
 .text.PV_State_0_Int_Cntrl_Fn
                0x08005078      0x128 ./Core/Src/Interrupt_Cntrl_Fns.o
                0x08005078                PV_State_0_Int_Cntrl_Fn
 .text.PV_State_1_Int_Cntrl_Fn
                0x080051a0      0x148 ./Core/Src/Interrupt_Cntrl_Fns.o
                0x080051a0                PV_State_1_Int_Cntrl_Fn
 .text.LL_ADC_SetSamplingTimeCommonChannels
                0x080052e8       0x24 ./Core/Src/adc.o
 .text.LL_ADC_REG_SetTriggerEdge
                0x0800530c       0x28 ./Core/Src/adc.o
 .text.LL_ADC_REG_SetSequencerScanDirection
                0x08005334       0x24 ./Core/Src/adc.o
 .text.LL_ADC_REG_SetSequencerChAdd
                0x08005358       0x22 ./Core/Src/adc.o
 *fill*         0x0800537a        0x2 
 .text.LL_DMA_SetDataTransferDirection
                0x0800537c       0x48 ./Core/Src/adc.o
 .text.LL_DMA_SetMode
                0x080053c4       0x44 ./Core/Src/adc.o
 .text.LL_DMA_SetPeriphIncMode
                0x08005408       0x44 ./Core/Src/adc.o
 .text.LL_DMA_SetMemoryIncMode
                0x0800544c       0x44 ./Core/Src/adc.o
 .text.LL_DMA_SetPeriphSize
                0x08005490       0x48 ./Core/Src/adc.o
 .text.LL_DMA_SetMemorySize
                0x080054d8       0x48 ./Core/Src/adc.o
 .text.LL_DMA_SetChannelPriorityLevel
                0x08005520       0x48 ./Core/Src/adc.o
 .text.LL_AHB1_GRP1_EnableClock
                0x08005568       0x2c ./Core/Src/adc.o
 .text.LL_APB1_GRP2_EnableClock
                0x08005594       0x2c ./Core/Src/adc.o
 .text.MX_ADC_Init
                0x080055c0      0x344 ./Core/Src/adc.o
                0x080055c0                MX_ADC_Init
 .text.__NVIC_EnableIRQ
                0x08005904       0x34 ./Core/Src/dma.o
 .text.__NVIC_SetPriority
                0x08005938       0xdc ./Core/Src/dma.o
 .text.LL_AHB1_GRP1_EnableClock
                0x08005a14       0x2c ./Core/Src/dma.o
 .text.MX_DMA_Init
                0x08005a40       0x1e ./Core/Src/dma.o
                0x08005a40                MX_DMA_Init
 *fill*         0x08005a5e        0x2 
 .text.LL_AHB1_GRP1_EnableClock
                0x08005a60       0x2c ./Core/Src/gpio.o
 .text.LL_SYSCFG_SetEXTISource
                0x08005a8c       0x4c ./Core/Src/gpio.o
 .text.LL_GPIO_SetPinMode
                0x08005ad8       0x38 ./Core/Src/gpio.o
 .text.LL_GPIO_SetPinPull
                0x08005b10       0x38 ./Core/Src/gpio.o
 .text.LL_GPIO_ResetOutputPin
                0x08005b48       0x18 ./Core/Src/gpio.o
 .text.MX_GPIO_Init
                0x08005b60      0x2ac ./Core/Src/gpio.o
                0x08005b60                MX_GPIO_Init
 .text.LL_RCC_HSI_Enable
                0x08005e0c       0x1c ./Core/Src/main.o
 .text.LL_RCC_HSI_IsReady
                0x08005e28       0x20 ./Core/Src/main.o
 .text.LL_RCC_HSI_SetCalibTrimming
                0x08005e48       0x28 ./Core/Src/main.o
 .text.LL_RCC_HSI14_Enable
                0x08005e70       0x1c ./Core/Src/main.o
 .text.LL_RCC_HSI14_IsReady
                0x08005e8c       0x20 ./Core/Src/main.o
 .text.LL_RCC_HSI14_EnableADCControl
                0x08005eac       0x1c ./Core/Src/main.o
 .text.LL_RCC_HSI14_SetCalibTrimming
                0x08005ec8       0x28 ./Core/Src/main.o
 .text.LL_RCC_SetSysClkSource
                0x08005ef0       0x28 ./Core/Src/main.o
 .text.LL_RCC_GetSysClkSource
                0x08005f18       0x18 ./Core/Src/main.o
 .text.LL_RCC_SetAHBPrescaler
                0x08005f30       0x28 ./Core/Src/main.o
 .text.LL_RCC_SetAPB1Prescaler
                0x08005f58       0x2c ./Core/Src/main.o
 .text.LL_RCC_SetUSARTClockSource
                0x08005f84       0x34 ./Core/Src/main.o
 .text.LL_RCC_PLL_Enable
                0x08005fb8       0x1c ./Core/Src/main.o
 .text.LL_RCC_PLL_IsReady
                0x08005fd4       0x28 ./Core/Src/main.o
 .text.LL_RCC_PLL_ConfigDomain_SYS
                0x08005ffc       0x4c ./Core/Src/main.o
 .text.LL_APB1_GRP1_EnableClock
                0x08006048       0x2c ./Core/Src/main.o
 .text.LL_APB1_GRP2_EnableClock
                0x08006074       0x2c ./Core/Src/main.o
 .text.LL_FLASH_SetLatency
                0x080060a0       0x28 ./Core/Src/main.o
 .text.LL_FLASH_GetLatency
                0x080060c8       0x18 ./Core/Src/main.o
 .text.main     0x080060e0      0x300 ./Core/Src/main.o
                0x080060e0                main
 .text.SystemClock_Config
                0x080063e0       0xa0 ./Core/Src/main.o
                0x080063e0                SystemClock_Config
 .text.NMI_Handler
                0x08006480        0xa ./Core/Src/stm32f0xx_it.o
                0x08006480                NMI_Handler
 *fill*         0x0800648a        0x2 
 .text.HardFault_Handler
                0x0800648c       0x2c ./Core/Src/stm32f0xx_it.o
                0x0800648c                HardFault_Handler
 .text.SVC_Handler
                0x080064b8        0xa ./Core/Src/stm32f0xx_it.o
                0x080064b8                SVC_Handler
 .text.PendSV_Handler
                0x080064c2        0xa ./Core/Src/stm32f0xx_it.o
                0x080064c2                PendSV_Handler
 .text.SysTick_Handler
                0x080064cc        0xa ./Core/Src/stm32f0xx_it.o
                0x080064cc                SysTick_Handler
 .text.DMA1_Channel1_IRQHandler
                0x080064d6        0xa ./Core/Src/stm32f0xx_it.o
                0x080064d6                DMA1_Channel1_IRQHandler
 .text.TIM1_BRK_UP_TRG_COM_IRQHandler
                0x080064e0      0x1f8 ./Core/Src/stm32f0xx_it.o
                0x080064e0                TIM1_BRK_UP_TRG_COM_IRQHandler
 .text.USART1_IRQHandler
                0x080066d8       0x2c ./Core/Src/stm32f0xx_it.o
                0x080066d8                USART1_IRQHandler
 .text.USART2_IRQHandler
                0x08006704       0x2c ./Core/Src/stm32f0xx_it.o
                0x08006704                USART2_IRQHandler
 .text.SystemInit
                0x08006730        0xa ./Core/Src/system_stm32f0xx.o
                0x08006730                SystemInit
 *fill*         0x0800673a        0x2 
 .text.__NVIC_EnableIRQ
                0x0800673c       0x34 ./Core/Src/tim.o
 .text.__NVIC_SetPriority
                0x08006770       0xdc ./Core/Src/tim.o
 .text.LL_AHB1_GRP1_EnableClock
                0x0800684c       0x2c ./Core/Src/tim.o
 .text.LL_APB1_GRP1_EnableClock
                0x08006878       0x2c ./Core/Src/tim.o
 .text.LL_APB1_GRP2_EnableClock
                0x080068a4       0x2c ./Core/Src/tim.o
 .text.LL_TIM_DisableARRPreload
                0x080068d0       0x1e ./Core/Src/tim.o
 *fill*         0x080068ee        0x2 
 .text.LL_TIM_OC_DisableFast
                0x080068f0       0x94 ./Core/Src/tim.o
 .text.LL_TIM_OC_EnablePreload
                0x08006984       0x90 ./Core/Src/tim.o
 .text.LL_TIM_SetClockSource
                0x08006a14       0x28 ./Core/Src/tim.o
 .text.LL_TIM_SetTriggerOutput
                0x08006a3c       0x24 ./Core/Src/tim.o
 .text.LL_TIM_DisableMasterSlaveMode
                0x08006a60       0x1e ./Core/Src/tim.o
 *fill*         0x08006a7e        0x2 
 .text.MX_TIM1_Init
                0x08006a80      0x254 ./Core/Src/tim.o
                0x08006a80                MX_TIM1_Init
 .text.MX_TIM3_Init
                0x08006cd4       0x74 ./Core/Src/tim.o
                0x08006cd4                MX_TIM3_Init
 .text.MX_TIM14_Init
                0x08006d48       0xf8 ./Core/Src/tim.o
                0x08006d48                MX_TIM14_Init
 .text.__NVIC_EnableIRQ
                0x08006e40       0x34 ./Core/Src/usart.o
 .text.__NVIC_SetPriority
                0x08006e74       0xdc ./Core/Src/usart.o
 .text.LL_AHB1_GRP1_EnableClock
                0x08006f50       0x2c ./Core/Src/usart.o
 .text.LL_APB1_GRP1_EnableClock
                0x08006f7c       0x2c ./Core/Src/usart.o
 .text.LL_APB1_GRP2_EnableClock
                0x08006fa8       0x2c ./Core/Src/usart.o
 .text.LL_USART_Enable
                0x08006fd4       0x1c ./Core/Src/usart.o
 .text.LL_USART_ConfigAsyncMode
                0x08006ff0       0x30 ./Core/Src/usart.o
 .text.LL_USART_DisableIT_CTS
                0x08007020       0x44 ./Core/Src/usart.o
 .text.MX_USART1_UART_Init
                0x08007064      0x108 ./Core/Src/usart.o
                0x08007064                MX_USART1_UART_Init
 .text.MX_USART2_UART_Init
                0x0800716c      0x108 ./Core/Src/usart.o
                0x0800716c                MX_USART2_UART_Init
 .text.UART1_Store_Received_Data_In_Variables
                0x08007274       0x1a ./Core/Src/UART1_Slave_Lib/UART1_Slave_Functions.o
                0x08007274                UART1_Store_Received_Data_In_Variables
 *fill*         0x0800728e        0x2 
 .text.UART1_Update_Variables_if_Mesage_is_S
                0x08007290       0x88 ./Core/Src/UART1_Slave_Lib/UART1_Slave_Functions.o
                0x08007290                UART1_Update_Variables_if_Mesage_is_S
 .text.UART1_Update_Variables_if_Mesage_is_C
                0x08007318       0x8c ./Core/Src/UART1_Slave_Lib/UART1_Slave_Functions.o
                0x08007318                UART1_Update_Variables_if_Mesage_is_C
 .text.UART1_Update_Variables_if_Mesage_is_M
                0x080073a4       0x88 ./Core/Src/UART1_Slave_Lib/UART1_Slave_Functions.o
                0x080073a4                UART1_Update_Variables_if_Mesage_is_M
 .text.UART1_Update_Variables_if_Mesage_is_R
                0x0800742c       0x8c ./Core/Src/UART1_Slave_Lib/UART1_Slave_Functions.o
                0x0800742c                UART1_Update_Variables_if_Mesage_is_R
 .text.UART1_crcFast
                0x080074b8       0x5c ./Core/Src/UART1_Slave_Lib/UART1_Slave_Functions.o
                0x080074b8                UART1_crcFast
 .text.UART1_Use_Received_Data_C
                0x08007514      0x484 ./Core/Src/UART1_Slave_Lib/UART1_Slave_Functions.o
                0x08007514                UART1_Use_Received_Data_C
 .text.UART1_Use_Received_Data_R
                0x08007998       0xa0 ./Core/Src/UART1_Slave_Lib/UART1_Slave_Functions.o
                0x08007998                UART1_Use_Received_Data_R
 .text.UART1_Receive_ISR_Program
                0x08007a38      0x220 ./Core/Src/UART1_Slave_Lib/UART1_Slave_Functions.o
                0x08007a38                UART1_Receive_ISR_Program
 .text.UART1_Send_Function_Inside_Timer_Interrupt
                0x08007c58       0x70 ./Core/Src/UART1_Slave_Lib/UART1_Slave_Functions.o
                0x08007c58                UART1_Send_Function_Inside_Timer_Interrupt
 .text.UART1_Request_Send_Message
                0x08007cc8      0x174 ./Core/Src/UART1_Slave_Lib/UART1_Slave_Functions.o
                0x08007cc8                UART1_Request_Send_Message
 .text.UART1_Populate_Txdata_Array_With_Message_s
                0x08007e3c       0x60 ./Core/Src/UART1_Slave_Lib/UART1_Slave_Functions.o
                0x08007e3c                UART1_Populate_Txdata_Array_With_Message_s
 .text.UART1_Populate_Txdata_Array_With_Message_c
                0x08007e9c      0x160 ./Core/Src/UART1_Slave_Lib/UART1_Slave_Functions.o
                0x08007e9c                UART1_Populate_Txdata_Array_With_Message_c
 .text.UART1_Populate_Txdata_Array_With_Message_m
                0x08007ffc      0x278 ./Core/Src/UART1_Slave_Lib/UART1_Slave_Functions.o
                0x08007ffc                UART1_Populate_Txdata_Array_With_Message_m
 .text.UART1_Populate_Txdata_Array_With_Message_r
                0x08008274       0x44 ./Core/Src/UART1_Slave_Lib/UART1_Slave_Functions.o
                0x08008274                UART1_Populate_Txdata_Array_With_Message_r
 .text.UART2_Receive_ISR_Program
                0x080082b8      0x220 ./Core/Src/UART2_Slave_Lib/UART2_Slave_Functions.o
                0x080082b8                UART2_Receive_ISR_Program
 .text.UART_Debugging_Send_Function_Inside_1ms_Timer_Interrupt
                0x080084d8       0xa4 ./Core/Src/UART_Debugging/UART_Debugging_Functions.o
                0x080084d8                UART_Debugging_Send_Function_Inside_1ms_Timer_Interrupt
 .text.UART_Debugging_Populate_Txdata_Array_With_Message_Debug_Data
                0x0800857c       0xcc ./Core/Src/UART_Debugging/UART_Debugging_Functions.o
                0x0800857c                UART_Debugging_Populate_Txdata_Array_With_Message_Debug_Data
 .text.UART_Debugging_Slave_Variables_Init
                0x08008648      0x250 ./Core/Src/UART_Debugging/UART_Debugging_Functions.o
                0x08008648                UART_Debugging_Slave_Variables_Init
 .text.Reset_Handler
                0x08008898       0x50 ./Core/Startup/startup_stm32f030r8tx.o
                0x08008898                Reset_Handler
 .text.Default_Handler
                0x080088e8        0x2 ./Core/Startup/startup_stm32f030r8tx.o
                0x080088e8                TIM1_CC_IRQHandler
                0x080088e8                TIM6_IRQHandler
                0x080088e8                I2C1_IRQHandler
                0x080088e8                SPI1_IRQHandler
                0x080088e8                EXTI2_3_IRQHandler
                0x080088e8                ADC1_IRQHandler
                0x080088e8                I2C2_IRQHandler
                0x080088e8                TIM17_IRQHandler
                0x080088e8                RTC_IRQHandler
                0x080088e8                TIM16_IRQHandler
                0x080088e8                TIM3_IRQHandler
                0x080088e8                EXTI4_15_IRQHandler
                0x080088e8                RCC_IRQHandler
                0x080088e8                Default_Handler
                0x080088e8                TIM14_IRQHandler
                0x080088e8                DMA1_Channel4_5_IRQHandler
                0x080088e8                TIM15_IRQHandler
                0x080088e8                EXTI0_1_IRQHandler
                0x080088e8                SPI2_IRQHandler
                0x080088e8                WWDG_IRQHandler
                0x080088e8                DMA1_Channel2_3_IRQHandler
                0x080088e8                FLASH_IRQHandler
 .text.LL_ADC_IsEnabled
                0x080088ea       0x20 ./Drivers/STM32F0xx_HAL_Driver/Src/stm32f0xx_ll_adc.o
 *fill*         0x0800890a        0x2 
 .text.LL_ADC_Init
                0x0800890c       0x6c ./Drivers/STM32F0xx_HAL_Driver/Src/stm32f0xx_ll_adc.o
                0x0800890c                LL_ADC_Init
 .text.LL_ADC_REG_Init
                0x08008978       0x64 ./Drivers/STM32F0xx_HAL_Driver/Src/stm32f0xx_ll_adc.o
                0x08008978                LL_ADC_REG_Init
 .text.LL_EXTI_EnableIT_0_31
                0x080089dc       0x20 ./Drivers/STM32F0xx_HAL_Driver/Src/stm32f0xx_ll_exti.o
 .text.LL_EXTI_DisableIT_0_31
                0x080089fc       0x24 ./Drivers/STM32F0xx_HAL_Driver/Src/stm32f0xx_ll_exti.o
 .text.LL_EXTI_EnableEvent_0_31
                0x08008a20       0x20 ./Drivers/STM32F0xx_HAL_Driver/Src/stm32f0xx_ll_exti.o
 .text.LL_EXTI_DisableEvent_0_31
                0x08008a40       0x24 ./Drivers/STM32F0xx_HAL_Driver/Src/stm32f0xx_ll_exti.o
 .text.LL_EXTI_EnableRisingTrig_0_31
                0x08008a64       0x20 ./Drivers/STM32F0xx_HAL_Driver/Src/stm32f0xx_ll_exti.o
 .text.LL_EXTI_DisableRisingTrig_0_31
                0x08008a84       0x24 ./Drivers/STM32F0xx_HAL_Driver/Src/stm32f0xx_ll_exti.o
 .text.LL_EXTI_EnableFallingTrig_0_31
                0x08008aa8       0x20 ./Drivers/STM32F0xx_HAL_Driver/Src/stm32f0xx_ll_exti.o
 .text.LL_EXTI_DisableFallingTrig_0_31
                0x08008ac8       0x24 ./Drivers/STM32F0xx_HAL_Driver/Src/stm32f0xx_ll_exti.o
 .text.LL_EXTI_Init
                0x08008aec      0x10e ./Drivers/STM32F0xx_HAL_Driver/Src/stm32f0xx_ll_exti.o
                0x08008aec                LL_EXTI_Init
 .text.LL_GPIO_SetPinMode
                0x08008bfa       0x38 ./Drivers/STM32F0xx_HAL_Driver/Src/stm32f0xx_ll_gpio.o
 .text.LL_GPIO_SetPinOutputType
                0x08008c32       0x2a ./Drivers/STM32F0xx_HAL_Driver/Src/stm32f0xx_ll_gpio.o
 .text.LL_GPIO_SetPinSpeed
                0x08008c5c       0x38 ./Drivers/STM32F0xx_HAL_Driver/Src/stm32f0xx_ll_gpio.o
 .text.LL_GPIO_SetPinPull
                0x08008c94       0x38 ./Drivers/STM32F0xx_HAL_Driver/Src/stm32f0xx_ll_gpio.o
 .text.LL_GPIO_SetAFPin_0_7
                0x08008ccc       0x46 ./Drivers/STM32F0xx_HAL_Driver/Src/stm32f0xx_ll_gpio.o
 .text.LL_GPIO_SetAFPin_8_15
                0x08008d12       0x5a ./Drivers/STM32F0xx_HAL_Driver/Src/stm32f0xx_ll_gpio.o
 .text.LL_GPIO_Init
                0x08008d6c       0xb8 ./Drivers/STM32F0xx_HAL_Driver/Src/stm32f0xx_ll_gpio.o
                0x08008d6c                LL_GPIO_Init
 .text.LL_RCC_HSI_IsReady
                0x08008e24       0x20 ./Drivers/STM32F0xx_HAL_Driver/Src/stm32f0xx_ll_rcc.o
 .text.LL_RCC_LSE_IsReady
                0x08008e44       0x20 ./Drivers/STM32F0xx_HAL_Driver/Src/stm32f0xx_ll_rcc.o
 .text.LL_RCC_GetSysClkSource
                0x08008e64       0x18 ./Drivers/STM32F0xx_HAL_Driver/Src/stm32f0xx_ll_rcc.o
 .text.LL_RCC_GetAHBPrescaler
                0x08008e7c       0x18 ./Drivers/STM32F0xx_HAL_Driver/Src/stm32f0xx_ll_rcc.o
 .text.LL_RCC_GetAPB1Prescaler
                0x08008e94       0x18 ./Drivers/STM32F0xx_HAL_Driver/Src/stm32f0xx_ll_rcc.o
 .text.LL_RCC_GetUSARTClockSource
                0x08008eac       0x28 ./Drivers/STM32F0xx_HAL_Driver/Src/stm32f0xx_ll_rcc.o
 .text.LL_RCC_PLL_GetMainSource
                0x08008ed4       0x18 ./Drivers/STM32F0xx_HAL_Driver/Src/stm32f0xx_ll_rcc.o
 .text.LL_RCC_PLL_GetMultiplicator
                0x08008eec       0x18 ./Drivers/STM32F0xx_HAL_Driver/Src/stm32f0xx_ll_rcc.o
 .text.LL_RCC_PLL_GetPrediv
                0x08008f04       0x18 ./Drivers/STM32F0xx_HAL_Driver/Src/stm32f0xx_ll_rcc.o
 .text.LL_RCC_GetSystemClocksFreq
                0x08008f1c       0x3a ./Drivers/STM32F0xx_HAL_Driver/Src/stm32f0xx_ll_rcc.o
                0x08008f1c                LL_RCC_GetSystemClocksFreq
 *fill*         0x08008f56        0x2 
 .text.LL_RCC_GetUSARTClockFreq
                0x08008f58       0x84 ./Drivers/STM32F0xx_HAL_Driver/Src/stm32f0xx_ll_rcc.o
                0x08008f58                LL_RCC_GetUSARTClockFreq
 .text.RCC_GetSystemClockFreq
                0x08008fdc       0x4c ./Drivers/STM32F0xx_HAL_Driver/Src/stm32f0xx_ll_rcc.o
                0x08008fdc                RCC_GetSystemClockFreq
 .text.RCC_GetHCLKClockFreq
                0x08009028       0x2c ./Drivers/STM32F0xx_HAL_Driver/Src/stm32f0xx_ll_rcc.o
                0x08009028                RCC_GetHCLKClockFreq
 .text.RCC_GetPCLK1ClockFreq
                0x08009054       0x28 ./Drivers/STM32F0xx_HAL_Driver/Src/stm32f0xx_ll_rcc.o
                0x08009054                RCC_GetPCLK1ClockFreq
 .text.RCC_PLL_GetFreqDomain_SYS
                0x0800907c       0x70 ./Drivers/STM32F0xx_HAL_Driver/Src/stm32f0xx_ll_rcc.o
                0x0800907c                RCC_PLL_GetFreqDomain_SYS
 .text.LL_TIM_SetPrescaler
                0x080090ec       0x18 ./Drivers/STM32F0xx_HAL_Driver/Src/stm32f0xx_ll_tim.o
 .text.LL_TIM_SetAutoReload
                0x08009104       0x18 ./Drivers/STM32F0xx_HAL_Driver/Src/stm32f0xx_ll_tim.o
 .text.LL_TIM_SetRepetitionCounter
                0x0800911c       0x18 ./Drivers/STM32F0xx_HAL_Driver/Src/stm32f0xx_ll_tim.o
 .text.LL_TIM_OC_SetCompareCH1
                0x08009134       0x18 ./Drivers/STM32F0xx_HAL_Driver/Src/stm32f0xx_ll_tim.o
 .text.LL_TIM_OC_SetCompareCH2
                0x0800914c       0x18 ./Drivers/STM32F0xx_HAL_Driver/Src/stm32f0xx_ll_tim.o
 .text.LL_TIM_OC_SetCompareCH3
                0x08009164       0x18 ./Drivers/STM32F0xx_HAL_Driver/Src/stm32f0xx_ll_tim.o
 .text.LL_TIM_OC_SetCompareCH4
                0x0800917c       0x18 ./Drivers/STM32F0xx_HAL_Driver/Src/stm32f0xx_ll_tim.o
 .text.LL_TIM_GenerateEvent_UPDATE
                0x08009194       0x1c ./Drivers/STM32F0xx_HAL_Driver/Src/stm32f0xx_ll_tim.o
 .text.LL_TIM_Init
                0x080091b0       0xf0 ./Drivers/STM32F0xx_HAL_Driver/Src/stm32f0xx_ll_tim.o
                0x080091b0                LL_TIM_Init
 .text.LL_TIM_OC_Init
                0x080092a0       0xb2 ./Drivers/STM32F0xx_HAL_Driver/Src/stm32f0xx_ll_tim.o
                0x080092a0                LL_TIM_OC_Init
 *fill*         0x08009352        0x2 
 .text.LL_TIM_BDTR_Init
                0x08009354       0x98 ./Drivers/STM32F0xx_HAL_Driver/Src/stm32f0xx_ll_tim.o
                0x08009354                LL_TIM_BDTR_Init
 .text.OC1Config
                0x080093ec      0x108 ./Drivers/STM32F0xx_HAL_Driver/Src/stm32f0xx_ll_tim.o
 .text.OC2Config
                0x080094f4      0x114 ./Drivers/STM32F0xx_HAL_Driver/Src/stm32f0xx_ll_tim.o
 .text.OC3Config
                0x08009608      0x114 ./Drivers/STM32F0xx_HAL_Driver/Src/stm32f0xx_ll_tim.o
 .text.OC4Config
                0x0800971c       0xe0 ./Drivers/STM32F0xx_HAL_Driver/Src/stm32f0xx_ll_tim.o
 .text.LL_USART_IsEnabled
                0x080097fc       0x22 ./Drivers/STM32F0xx_HAL_Driver/Src/stm32f0xx_ll_usart.o
 *fill*         0x0800981e        0x2 
 .text.LL_USART_SetStopBitsLength
                0x08009820       0x28 ./Drivers/STM32F0xx_HAL_Driver/Src/stm32f0xx_ll_usart.o
 .text.LL_USART_SetHWFlowCtrl
                0x08009848       0x28 ./Drivers/STM32F0xx_HAL_Driver/Src/stm32f0xx_ll_usart.o
 .text.LL_USART_SetBaudRate
                0x08009870       0x78 ./Drivers/STM32F0xx_HAL_Driver/Src/stm32f0xx_ll_usart.o
 .text.LL_USART_Init
                0x080098e8       0xd0 ./Drivers/STM32F0xx_HAL_Driver/Src/stm32f0xx_ll_usart.o
                0x080098e8                LL_USART_Init
 .text.LL_InitTick
                0x080099b8       0x34 ./Drivers/STM32F0xx_HAL_Driver/Src/stm32f0xx_ll_utils.o
 .text.LL_Init1msTick
                0x080099ec       0x1e ./Drivers/STM32F0xx_HAL_Driver/Src/stm32f0xx_ll_utils.o
                0x080099ec                LL_Init1msTick
 *fill*         0x08009a0a        0x2 
 .text.LL_SetSystemCoreClock
                0x08009a0c       0x1c ./Drivers/STM32F0xx_HAL_Driver/Src/stm32f0xx_ll_utils.o
                0x08009a0c                LL_SetSystemCoreClock
 .text.memset   0x08009a28       0x10 C:/ST/STM32CubeIDE_1.19.0/STM32CubeIDE/plugins/com.st.stm32cube.ide.mcu.externaltools.gnu-tools-for-stm32.13.3.rel1.win32_1.0.100.202509120712/tools/bin/../lib/gcc/arm-none-eabi/13.3.1/../../../../arm-none-eabi/lib/thumb/v6-m/nofp\libc_nano.a(libc_a-memset.o)
                0x08009a28                memset
 .text.__errno  0x08009a38        0xc C:/ST/STM32CubeIDE_1.19.0/STM32CubeIDE/plugins/com.st.stm32cube.ide.mcu.externaltools.gnu-tools-for-stm32.13.3.rel1.win32_1.0.100.202509120712/tools/bin/../lib/gcc/arm-none-eabi/13.3.1/../../../../arm-none-eabi/lib/thumb/v6-m/nofp\libc_nano.a(libc_a-errno.o)
                0x08009a38                __errno
 .text.__libc_init_array
                0x08009a44       0x48 C:/ST/STM32CubeIDE_1.19.0/STM32CubeIDE/plugins/com.st.stm32cube.ide.mcu.externaltools.gnu-tools-for-stm32.13.3.rel1.win32_1.0.100.202509120712/tools/bin/../lib/gcc/arm-none-eabi/13.3.1/../../../../arm-none-eabi/lib/thumb/v6-m/nofp\libc_nano.a(libc_a-init.o)
                0x08009a44                __libc_init_array
 .text.memcpy   0x08009a8c       0x12 C:/ST/STM32CubeIDE_1.19.0/STM32CubeIDE/plugins/com.st.stm32cube.ide.mcu.externaltools.gnu-tools-for-stm32.13.3.rel1.win32_1.0.100.202509120712/tools/bin/../lib/gcc/arm-none-eabi/13.3.1/../../../../arm-none-eabi/lib/thumb/v6-m/nofp\libc_nano.a(libc_a-memcpy-stub.o)
                0x08009a8c                memcpy
 .text.sqrtf    0x08009a9e       0x38 C:/ST/STM32CubeIDE_1.19.0/STM32CubeIDE/plugins/com.st.stm32cube.ide.mcu.externaltools.gnu-tools-for-stm32.13.3.rel1.win32_1.0.100.202509120712/tools/bin/../lib/gcc/arm-none-eabi/13.3.1/../../../../arm-none-eabi/lib/thumb/v6-m/nofp\libm.a(libm_a-wf_sqrt.o)
                0x08009a9e                sqrtf
 *fill*         0x08009ad6        0x2 
 .text.__ieee754_sqrtf
                0x08009ad8       0xe8 C:/ST/STM32CubeIDE_1.19.0/STM32CubeIDE/plugins/com.st.stm32cube.ide.mcu.externaltools.gnu-tools-for-stm32.13.3.rel1.win32_1.0.100.202509120712/tools/bin/../lib/gcc/arm-none-eabi/13.3.1/../../../../arm-none-eabi/lib/thumb/v6-m/nofp\libm.a(libm_a-ef_sqrt.o)
                0x08009ad8                __ieee754_sqrtf
 *(.glue_7)
 .glue_7        0x08009bc0        0x0 linker stubs
 *(.glue_7t)
 .glue_7t       0x08009bc0        0x0 linker stubs
 *(.eh_frame)
 .eh_frame      0x08009bc0        0x0 C:/ST/STM32CubeIDE_1.19.0/STM32CubeIDE/plugins/com.st.stm32cube.ide.mcu.externaltools.gnu-tools-for-stm32.13.3.rel1.win32_1.0.100.202509120712/tools/bin/../lib/gcc/arm-none-eabi/13.3.1/thumb/v6-m/nofp/crtbegin.o
 *(.init)
 .init          0x08009bc0        0x4 C:/ST/STM32CubeIDE_1.19.0/STM32CubeIDE/plugins/com.st.stm32cube.ide.mcu.externaltools.gnu-tools-for-stm32.13.3.rel1.win32_1.0.100.202509120712/tools/bin/../lib/gcc/arm-none-eabi/13.3.1/thumb/v6-m/nofp/crti.o
                0x08009bc0                _init
 .init          0x08009bc4        0x8 C:/ST/STM32CubeIDE_1.19.0/STM32CubeIDE/plugins/com.st.stm32cube.ide.mcu.externaltools.gnu-tools-for-stm32.13.3.rel1.win32_1.0.100.202509120712/tools/bin/../lib/gcc/arm-none-eabi/13.3.1/thumb/v6-m/nofp/crtn.o
 *(.fini)
 .fini          0x08009bcc        0x4 C:/ST/STM32CubeIDE_1.19.0/STM32CubeIDE/plugins/com.st.stm32cube.ide.mcu.externaltools.gnu-tools-for-stm32.13.3.rel1.win32_1.0.100.202509120712/tools/bin/../lib/gcc/arm-none-eabi/13.3.1/thumb/v6-m/nofp/crti.o
                0x08009bcc                _fini
 .fini          0x08009bd0        0x8 C:/ST/STM32CubeIDE_1.19.0/STM32CubeIDE/plugins/com.st.stm32cube.ide.mcu.externaltools.gnu-tools-for-stm32.13.3.rel1.win32_1.0.100.202509120712/tools/bin/../lib/gcc/arm-none-eabi/13.3.1/thumb/v6-m/nofp/crtn.o
                0x08009bd8                        . = ALIGN (0x4)
                0x08009bd8                        _etext = .

.vfp11_veneer   0x08009bd8        0x0
 .vfp11_veneer  0x08009bd8        0x0 linker stubs

.v4_bx          0x08009bd8        0x0
 .v4_bx         0x08009bd8        0x0 linker stubs

.iplt           0x08009bd8        0x0
 .iplt          0x08009bd8        0x0 C:/ST/STM32CubeIDE_1.19.0/STM32CubeIDE/plugins/com.st.stm32cube.ide.mcu.externaltools.gnu-tools-for-stm32.13.3.rel1.win32_1.0.100.202509120712/tools/bin/../lib/gcc/arm-none-eabi/13.3.1/thumb/v6-m/nofp/crtbegin.o

.rodata         0x08009bd8      0x4c4
                0x08009bd8                        . = ALIGN (0x4)
 *(.rodata)
 .rodata        0x08009bd8       0x7c C:/ST/STM32CubeIDE_1.19.0/STM32CubeIDE/plugins/com.st.stm32cube.ide.mcu.externaltools.gnu-tools-for-stm32.13.3.rel1.win32_1.0.100.202509120712/tools/bin/../lib/gcc/arm-none-eabi/13.3.1/thumb/v6-m/nofp\libgcc.a(divsf3.o)
 *(.rodata*)
 .rodata.OFFSET_TAB_CCMRx
                0x08009c54        0x7 ./Core/Src/General_functions.o
 *fill*         0x08009c5b        0x1 
 .rodata.SHIFT_TAB_OCxx
                0x08009c5c        0x7 ./Core/Src/General_functions.o
 *fill*         0x08009c63        0x1 
 .rodata.Sine_PWM
                0x08009c64      0x300 ./Core/Src/New_Struct_Variables.o
                0x08009c64                Sine_PWM
 .rodata.CHANNEL_OFFSET_TAB
                0x08009f64        0x5 ./Core/Src/adc.o
 *fill*         0x08009f69        0x3 
 .rodata.AHBPrescTable
                0x08009f6c       0x10 ./Core/Src/system_stm32f0xx.o
                0x08009f6c                AHBPrescTable
 .rodata.APBPrescTable
                0x08009f7c        0x8 ./Core/Src/system_stm32f0xx.o
                0x08009f7c                APBPrescTable
 .rodata.OFFSET_TAB_CCMRx
                0x08009f84        0x7 ./Core/Src/tim.o
 *fill*         0x08009f8b        0x1 
 .rodata.SHIFT_TAB_OCxx
                0x08009f8c        0x7 ./Core/Src/tim.o
 *fill*         0x08009f93        0x1 
 .rodata.UART1_crcTable
                0x08009f94      0x100 ./Core/Src/UART1_Slave_Lib/UART1_Slave_Variables.o
                0x08009f94                UART1_crcTable
 .rodata.tiny   0x0800a094        0x4 C:/ST/STM32CubeIDE_1.19.0/STM32CubeIDE/plugins/com.st.stm32cube.ide.mcu.externaltools.gnu-tools-for-stm32.13.3.rel1.win32_1.0.100.202509120712/tools/bin/../lib/gcc/arm-none-eabi/13.3.1/../../../../arm-none-eabi/lib/thumb/v6-m/nofp\libm.a(libm_a-ef_sqrt.o)
 .rodata.one    0x0800a098        0x4 C:/ST/STM32CubeIDE_1.19.0/STM32CubeIDE/plugins/com.st.stm32cube.ide.mcu.externaltools.gnu-tools-for-stm32.13.3.rel1.win32_1.0.100.202509120712/tools/bin/../lib/gcc/arm-none-eabi/13.3.1/../../../../arm-none-eabi/lib/thumb/v6-m/nofp\libm.a(libm_a-ef_sqrt.o)
                0x0800a09c                        . = ALIGN (0x4)

.rel.dyn        0x0800a09c        0x0
 .rel.iplt      0x0800a09c        0x0 C:/ST/STM32CubeIDE_1.19.0/STM32CubeIDE/plugins/com.st.stm32cube.ide.mcu.externaltools.gnu-tools-for-stm32.13.3.rel1.win32_1.0.100.202509120712/tools/bin/../lib/gcc/arm-none-eabi/13.3.1/thumb/v6-m/nofp/crtbegin.o

.ARM.extab      0x0800a09c        0x0
                0x0800a09c                        . = ALIGN (0x4)
 *(.ARM.extab* .gnu.linkonce.armextab.*)
                0x0800a09c                        . = ALIGN (0x4)

.ARM            0x0800a09c        0x0
                0x0800a09c                        . = ALIGN (0x4)
                0x0800a09c                        __exidx_start = .
 *(.ARM.exidx*)
                0x0800a09c                        __exidx_end = .
                0x0800a09c                        . = ALIGN (0x4)

.preinit_array  0x0800a09c        0x0
                0x0800a09c                        . = ALIGN (0x4)
                0x0800a09c                        PROVIDE (__preinit_array_start = .)
 *(.preinit_array*)
                0x0800a09c                        PROVIDE (__preinit_array_end = .)
                0x0800a09c                        . = ALIGN (0x4)

.init_array     0x0800a09c        0x4
                0x0800a09c                        . = ALIGN (0x4)
                0x0800a09c                        PROVIDE (__init_array_start = .)
 *(SORT_BY_NAME(.init_array.*))
 *(.init_array*)
 .init_array    0x0800a09c        0x4 C:/ST/STM32CubeIDE_1.19.0/STM32CubeIDE/plugins/com.st.stm32cube.ide.mcu.externaltools.gnu-tools-for-stm32.13.3.rel1.win32_1.0.100.202509120712/tools/bin/../lib/gcc/arm-none-eabi/13.3.1/thumb/v6-m/nofp/crtbegin.o
                0x0800a0a0                        PROVIDE (__init_array_end = .)
                0x0800a0a0                        . = ALIGN (0x4)

.fini_array     0x0800a0a0        0x4
                0x0800a0a0                        . = ALIGN (0x4)
                [!provide]                        PROVIDE (__fini_array_start = .)
 *(SORT_BY_NAME(.fini_array.*))
 *(.fini_array*)
 .fini_array    0x0800a0a0        0x4 C:/ST/STM32CubeIDE_1.19.0/STM32CubeIDE/plugins/com.st.stm32cube.ide.mcu.externaltools.gnu-tools-for-stm32.13.3.rel1.win32_1.0.100.202509120712/tools/bin/../lib/gcc/arm-none-eabi/13.3.1/thumb/v6-m/nofp/crtbegin.o
                [!provide]                        PROVIDE (__fini_array_end = .)
                0x0800a0a4                        . = ALIGN (0x4)
                0x0800a0a4                        _sidata = LOADADDR (.data)

.data           0x20000000       0x54 load address 0x0800a0a4
                0x20000000                        . = ALIGN (0x4)
                0x20000000                        _sdata = .
 *(.data)
 *(.data*)
 .data.SystemCoreClock
                0x20000000        0x4 ./Core/Src/system_stm32f0xx.o
                0x20000000                SystemCoreClock
 .data._impure_ptr
                0x20000004        0x4 C:/ST/STM32CubeIDE_1.19.0/STM32CubeIDE/plugins/com.st.stm32cube.ide.mcu.externaltools.gnu-tools-for-stm32.13.3.rel1.win32_1.0.100.202509120712/tools/bin/../lib/gcc/arm-none-eabi/13.3.1/../../../../arm-none-eabi/lib/thumb/v6-m/nofp\libc_nano.a(libc_a-impure.o)
                0x20000004                _impure_ptr
 .data._impure_data
                0x20000008       0x4c C:/ST/STM32CubeIDE_1.19.0/STM32CubeIDE/plugins/com.st.stm32cube.ide.mcu.externaltools.gnu-tools-for-stm32.13.3.rel1.win32_1.0.100.202509120712/tools/bin/../lib/gcc/arm-none-eabi/13.3.1/../../../../arm-none-eabi/lib/thumb/v6-m/nofp\libc_nano.a(libc_a-impure.o)
                0x20000008                _impure_data
 *(.RamFunc)
 *(.RamFunc*)
                0x20000054                        . = ALIGN (0x4)
                0x20000054                        _edata = .

.igot.plt       0x20000054        0x0 load address 0x0800a0f8
 .igot.plt      0x20000054        0x0 C:/ST/STM32CubeIDE_1.19.0/STM32CubeIDE/plugins/com.st.stm32cube.ide.mcu.externaltools.gnu-tools-for-stm32.13.3.rel1.win32_1.0.100.202509120712/tools/bin/../lib/gcc/arm-none-eabi/13.3.1/thumb/v6-m/nofp/crtbegin.o
                0x20000054                        . = ALIGN (0x4)

.bss            0x20000058      0xbc4 load address 0x0800a0f8
                0x20000058                        _sbss = .
                0x20000058                        __bss_start__ = _sbss
 *(.bss)
 .bss           0x20000058       0x1c C:/ST/STM32CubeIDE_1.19.0/STM32CubeIDE/plugins/com.st.stm32cube.ide.mcu.externaltools.gnu-tools-for-stm32.13.3.rel1.win32_1.0.100.202509120712/tools/bin/../lib/gcc/arm-none-eabi/13.3.1/thumb/v6-m/nofp/crtbegin.o
 *(.bss*)
 *fill*         0x20000074        0x4 
 .bss.Norm_ADC  0x20000078       0x40 ./Core/Src/New_Struct_Variables.o
                0x20000078                Norm_ADC
 .bss.Norm_Avg  0x200000b8       0x2c ./Core/Src/New_Struct_Variables.o
                0x200000b8                Norm_Avg
 *fill*         0x200000e4        0x4 
 .bss.Norm_Rms  0x200000e8       0x58 ./Core/Src/New_Struct_Variables.o
                0x200000e8                Norm_Rms
 .bss.Cntr      0x20000140       0x6c ./Core/Src/New_Struct_Variables.o
                0x20000140                Cntr
 .bss.Norm_ADC_Limits
                0x200001ac       0x12 ./Core/Src/New_Struct_Variables.o
                0x200001ac                Norm_ADC_Limits
 *fill*         0x200001be        0x2 
 .bss.Norm_Avg_Limits
                0x200001c0       0x1a ./Core/Src/New_Struct_Variables.o
                0x200001c0                Norm_Avg_Limits
 *fill*         0x200001da        0x2 
 .bss.Norm_RMS_Limits
                0x200001dc       0x16 ./Core/Src/New_Struct_Variables.o
                0x200001dc                Norm_RMS_Limits
 *fill*         0x200001f2        0x2 
 .bss.Othr      0x200001f4       0xb0 ./Core/Src/New_Struct_Variables.o
                0x200001f4                Othr
 .bss.Fast_Limit_Flags
                0x200002a4        0x4 ./Core/Src/New_Struct_Variables.o
                0x200002a4                Fast_Limit_Flags
 .bss.RMS_Limit_Flags
                0x200002a8        0x4 ./Core/Src/New_Struct_Variables.o
                0x200002a8                RMS_Limit_Flags
 .bss.Avg_Limit_Flags
                0x200002ac        0x4 ./Core/Src/New_Struct_Variables.o
                0x200002ac                Avg_Limit_Flags
 .bss.Inv_Cntrl
                0x200002b0       0xf0 ./Core/Src/New_Struct_Variables.o
                0x200002b0                Inv_Cntrl
 .bss.PV_Cntrl  0x200003a0       0x20 ./Core/Src/New_Struct_Variables.o
                0x200003a0                PV_Cntrl
 .bss.Debug_Fast
                0x200003c0       0x32 ./Core/Src/New_Struct_Variables.o
                0x200003c0                Debug_Fast
 *fill*         0x200003f2        0x2 
 .bss.Debug_Avg
                0x200003f4       0x32 ./Core/Src/New_Struct_Variables.o
                0x200003f4                Debug_Avg
 *fill*         0x20000426        0x2 
 .bss.Debug_Rms
                0x20000428       0x32 ./Core/Src/New_Struct_Variables.o
                0x20000428                Debug_Rms
 *fill*         0x2000045a        0x2 
 .bss.Debug     0x2000045c       0x32 ./Core/Src/New_Struct_Variables.o
                0x2000045c                Debug
 *fill*         0x2000048e        0x2 
 .bss.Debug_State
                0x20000490       0x32 ./Core/Src/New_Struct_Variables.o
                0x20000490                Debug_State
 *fill*         0x200004c2        0x2 
 .bss.Debug_Grid_Tie
                0x200004c4       0x32 ./Core/Src/New_Struct_Variables.o
                0x200004c4                Debug_Grid_Tie
 *fill*         0x200004f6        0x2 
 .bss.Metering  0x200004f8       0x60 ./Core/Src/New_Struct_Variables.o
                0x200004f8                Metering
 .bss.Temp_Var  0x20000558       0x18 ./Core/Src/New_Struct_Variables.o
                0x20000558                Temp_Var
 .bss.Calibration_Temp
                0x20000570       0x20 ./Core/Src/New_Struct_Variables.o
                0x20000570                Calibration_Temp
 .bss.Calibration_Var
                0x20000590       0x20 ./Core/Src/New_Struct_Variables.o
                0x20000590                Calibration_Var
 .bss.ADC_Value
                0x200005b0       0x16 ./Core/Src/New_Struct_Variables.o
                0x200005b0                ADC_Value
 *fill*         0x200005c6        0x2 
 .bss.UART1_recvdata
                0x200005c8       0xc8 ./Core/Src/UART1_Slave_Lib/UART1_Slave_Variables.o
                0x200005c8                UART1_recvdata
 .bss.UART1_Rec_Flags
                0x20000690        0x4 ./Core/Src/UART1_Slave_Lib/UART1_Slave_Variables.o
                0x20000690                UART1_Rec_Flags
 .bss.UART1_Rec_Var
                0x20000694       0x38 ./Core/Src/UART1_Slave_Lib/UART1_Slave_Variables.o
                0x20000694                UART1_Rec_Var
 .bss.UART1_Txdata
                0x200006cc       0x5a ./Core/Src/UART1_Slave_Lib/UART1_Slave_Variables.o
                0x200006cc                UART1_Txdata
 *fill*         0x20000726        0x2 
 .bss.UART1_Send_Flags
                0x20000728        0x4 ./Core/Src/UART1_Slave_Lib/UART1_Slave_Variables.o
                0x20000728                UART1_Send_Flags
 .bss.UART1_Send_Var
                0x2000072c       0x30 ./Core/Src/UART1_Slave_Lib/UART1_Slave_Variables.o
                0x2000072c                UART1_Send_Var
 .bss.UART1_Msg_Send_Reqt_Flags
                0x2000075c        0x4 ./Core/Src/UART1_Slave_Lib/UART1_Slave_Variables.o
                0x2000075c                UART1_Msg_Send_Reqt_Flags
 .bss.UART2_recvdata
                0x20000760       0xc8 ./Core/Src/UART2_Slave_Lib/UART2_Slave_Variables.o
                0x20000760                UART2_recvdata
 .bss.UART2_Rec_Flags
                0x20000828        0x4 ./Core/Src/UART2_Slave_Lib/UART2_Slave_Variables.o
                0x20000828                UART2_Rec_Flags
 .bss.UART2_Rec_Var
                0x2000082c       0x38 ./Core/Src/UART2_Slave_Lib/UART2_Slave_Variables.o
                0x2000082c                UART2_Rec_Var
 .bss.UART2_Send_Var
                0x20000864       0x30 ./Core/Src/UART2_Slave_Lib/UART2_Slave_Variables.o
                0x20000864                UART2_Send_Var
 .bss.UART_Debugging_Rec_Flags
                0x20000894        0x4 ./Core/Src/UART_Debugging/UART_Debugging_Variables.o
                0x20000894                UART_Debugging_Rec_Flags
 .bss.UART_Debugging_Rec_Var
                0x20000898       0x38 ./Core/Src/UART_Debugging/UART_Debugging_Variables.o
                0x20000898                UART_Debugging_Rec_Var
 .bss.UART_Debugging_Txdata
                0x200008d0      0x1f4 ./Core/Src/UART_Debugging/UART_Debugging_Variables.o
                0x200008d0                UART_Debugging_Txdata
 .bss.UART_Debugging_Flags
                0x20000ac4        0x4 ./Core/Src/UART_Debugging/UART_Debugging_Variables.o
                0x20000ac4                UART_Debugging_Flags
 .bss.UART_Debugging_Var
                0x20000ac8       0x18 ./Core/Src/UART_Debugging/UART_Debugging_Variables.o
                0x20000ac8                UART_Debugging_Var
 .bss.UART_Debugging_Msg_Send_Reqt_Flags
                0x20000ae0        0x4 ./Core/Src/UART_Debugging/UART_Debugging_Variables.o
                0x20000ae0                UART_Debugging_Msg_Send_Reqt_Flags
 .bss.__sf      0x20000ae4      0x138 C:/ST/STM32CubeIDE_1.19.0/STM32CubeIDE/plugins/com.st.stm32cube.ide.mcu.externaltools.gnu-tools-for-stm32.13.3.rel1.win32_1.0.100.202509120712/tools/bin/../lib/gcc/arm-none-eabi/13.3.1/../../../../arm-none-eabi/lib/thumb/v6-m/nofp\libc_nano.a(libc_a-findfp.o)
                0x20000ae4                __sf
 *(COMMON)
                0x20000c1c                        . = ALIGN (0x4)
                0x20000c1c                        _ebss = .
                0x20000c1c                        __bss_end__ = _ebss

._user_heap_stack
                0x20000c1c      0x604 load address 0x0800a0f8
                0x20000c20                        . = ALIGN (0x8)
 *fill*         0x20000c1c        0x4 
                [!provide]                        PROVIDE (end = .)
                0x20000c20                        PROVIDE (_end = .)
                0x20000e20                        . = (. + _Min_Heap_Size)
 *fill*         0x20000c20      0x200 
                0x20001220                        . = (. + _Min_Stack_Size)
 *fill*         0x20000e20      0x400 
                0x20001220                        . = ALIGN (0x8)

/DISCARD/
 libc.a(*)
 libm.a(*)
 libgcc.a(*)

.ARM.attributes
                0x00000000       0x28
 *(.ARM.attributes)
 .ARM.attributes
                0x00000000       0x1e C:/ST/STM32CubeIDE_1.19.0/STM32CubeIDE/plugins/com.st.stm32cube.ide.mcu.externaltools.gnu-tools-for-stm32.13.3.rel1.win32_1.0.100.202509120712/tools/bin/../lib/gcc/arm-none-eabi/13.3.1/thumb/v6-m/nofp/crti.o
 .ARM.attributes
                0x0000001e       0x2c C:/ST/STM32CubeIDE_1.19.0/STM32CubeIDE/plugins/com.st.stm32cube.ide.mcu.externaltools.gnu-tools-for-stm32.13.3.rel1.win32_1.0.100.202509120712/tools/bin/../lib/gcc/arm-none-eabi/13.3.1/thumb/v6-m/nofp/crtbegin.o
 .ARM.attributes
                0x0000004a       0x2c ./Core/Src/General_functions.o
 .ARM.attributes
                0x00000076       0x2c ./Core/Src/Interrupt_Cntrl_Fns.o
 .ARM.attributes
                0x000000a2       0x2c ./Core/Src/New_Struct_Variables.o
 .ARM.attributes
                0x000000ce       0x2c ./Core/Src/adc.o
 .ARM.attributes
                0x000000fa       0x2c ./Core/Src/dma.o
 .ARM.attributes
                0x00000126       0x2c ./Core/Src/gpio.o
 .ARM.attributes
                0x00000152       0x2c ./Core/Src/main.o
 .ARM.attributes
                0x0000017e       0x2c ./Core/Src/stm32f0xx_it.o
 .ARM.attributes
                0x000001aa       0x2c ./Core/Src/system_stm32f0xx.o
 .ARM.attributes
                0x000001d6       0x2c ./Core/Src/tim.o
 .ARM.attributes
                0x00000202       0x2c ./Core/Src/usart.o
 .ARM.attributes
                0x0000022e       0x2c ./Core/Src/UART1_Slave_Lib/UART1_Slave_Functions.o
 .ARM.attributes
                0x0000025a       0x2c ./Core/Src/UART1_Slave_Lib/UART1_Slave_Variables.o
 .ARM.attributes
                0x00000286       0x2c ./Core/Src/UART2_Slave_Lib/UART2_Slave_Functions.o
 .ARM.attributes
                0x000002b2       0x2c ./Core/Src/UART2_Slave_Lib/UART2_Slave_Variables.o
 .ARM.attributes
                0x000002de       0x2c ./Core/Src/UART_Debugging/UART_Debugging_Functions.o
 .ARM.attributes
                0x0000030a       0x2c ./Core/Src/UART_Debugging/UART_Debugging_Variables.o
 .ARM.attributes
                0x00000336       0x21 ./Core/Startup/startup_stm32f030r8tx.o
 .ARM.attributes
                0x00000357       0x2c ./Drivers/STM32F0xx_HAL_Driver/Src/stm32f0xx_ll_adc.o
 .ARM.attributes
                0x00000383       0x2c ./Drivers/STM32F0xx_HAL_Driver/Src/stm32f0xx_ll_exti.o
 .ARM.attributes
                0x000003af       0x2c ./Drivers/STM32F0xx_HAL_Driver/Src/stm32f0xx_ll_gpio.o
 .ARM.attributes
                0x000003db       0x2c ./Drivers/STM32F0xx_HAL_Driver/Src/stm32f0xx_ll_rcc.o
 .ARM.attributes
                0x00000407       0x2c ./Drivers/STM32F0xx_HAL_Driver/Src/stm32f0xx_ll_tim.o
 .ARM.attributes
                0x00000433       0x2c ./Drivers/STM32F0xx_HAL_Driver/Src/stm32f0xx_ll_usart.o
 .ARM.attributes
                0x0000045f       0x2c ./Drivers/STM32F0xx_HAL_Driver/Src/stm32f0xx_ll_utils.o
 .ARM.attributes
                0x0000048b       0x2c C:/ST/STM32CubeIDE_1.19.0/STM32CubeIDE/plugins/com.st.stm32cube.ide.mcu.externaltools.gnu-tools-for-stm32.13.3.rel1.win32_1.0.100.202509120712/tools/bin/../lib/gcc/arm-none-eabi/13.3.1/../../../../arm-none-eabi/lib/thumb/v6-m/nofp\libc_nano.a(libc_a-findfp.o)
 .ARM.attributes
                0x000004b7       0x2c C:/ST/STM32CubeIDE_1.19.0/STM32CubeIDE/plugins/com.st.stm32cube.ide.mcu.externaltools.gnu-tools-for-stm32.13.3.rel1.win32_1.0.100.202509120712/tools/bin/../lib/gcc/arm-none-eabi/13.3.1/../../../../arm-none-eabi/lib/thumb/v6-m/nofp\libc_nano.a(libc_a-memset.o)
 .ARM.attributes
                0x000004e3       0x2c C:/ST/STM32CubeIDE_1.19.0/STM32CubeIDE/plugins/com.st.stm32cube.ide.mcu.externaltools.gnu-tools-for-stm32.13.3.rel1.win32_1.0.100.202509120712/tools/bin/../lib/gcc/arm-none-eabi/13.3.1/../../../../arm-none-eabi/lib/thumb/v6-m/nofp\libc_nano.a(libc_a-impure.o)
 .ARM.attributes
                0x0000050f       0x2c C:/ST/STM32CubeIDE_1.19.0/STM32CubeIDE/plugins/com.st.stm32cube.ide.mcu.externaltools.gnu-tools-for-stm32.13.3.rel1.win32_1.0.100.202509120712/tools/bin/../lib/gcc/arm-none-eabi/13.3.1/../../../../arm-none-eabi/lib/thumb/v6-m/nofp\libc_nano.a(libc_a-errno.o)
 .ARM.attributes
                0x0000053b       0x2c C:/ST/STM32CubeIDE_1.19.0/STM32CubeIDE/plugins/com.st.stm32cube.ide.mcu.externaltools.gnu-tools-for-stm32.13.3.rel1.win32_1.0.100.202509120712/tools/bin/../lib/gcc/arm-none-eabi/13.3.1/../../../../arm-none-eabi/lib/thumb/v6-m/nofp\libc_nano.a(libc_a-init.o)
 .ARM.attributes
                0x00000567       0x2c C:/ST/STM32CubeIDE_1.19.0/STM32CubeIDE/plugins/com.st.stm32cube.ide.mcu.externaltools.gnu-tools-for-stm32.13.3.rel1.win32_1.0.100.202509120712/tools/bin/../lib/gcc/arm-none-eabi/13.3.1/../../../../arm-none-eabi/lib/thumb/v6-m/nofp\libc_nano.a(libc_a-memcpy-stub.o)
 .ARM.attributes
                0x00000593       0x2c C:/ST/STM32CubeIDE_1.19.0/STM32CubeIDE/plugins/com.st.stm32cube.ide.mcu.externaltools.gnu-tools-for-stm32.13.3.rel1.win32_1.0.100.202509120712/tools/bin/../lib/gcc/arm-none-eabi/13.3.1/../../../../arm-none-eabi/lib/thumb/v6-m/nofp\libm.a(libm_a-wf_sqrt.o)
 .ARM.attributes
                0x000005bf       0x2c C:/ST/STM32CubeIDE_1.19.0/STM32CubeIDE/plugins/com.st.stm32cube.ide.mcu.externaltools.gnu-tools-for-stm32.13.3.rel1.win32_1.0.100.202509120712/tools/bin/../lib/gcc/arm-none-eabi/13.3.1/../../../../arm-none-eabi/lib/thumb/v6-m/nofp\libm.a(libm_a-ef_sqrt.o)
 .ARM.attributes
                0x000005eb       0x1e C:/ST/STM32CubeIDE_1.19.0/STM32CubeIDE/plugins/com.st.stm32cube.ide.mcu.externaltools.gnu-tools-for-stm32.13.3.rel1.win32_1.0.100.202509120712/tools/bin/../lib/gcc/arm-none-eabi/13.3.1/thumb/v6-m/nofp\libgcc.a(_udivsi3.o)
 .ARM.attributes
                0x00000609       0x1e C:/ST/STM32CubeIDE_1.19.0/STM32CubeIDE/plugins/com.st.stm32cube.ide.mcu.externaltools.gnu-tools-for-stm32.13.3.rel1.win32_1.0.100.202509120712/tools/bin/../lib/gcc/arm-none-eabi/13.3.1/thumb/v6-m/nofp\libgcc.a(_dvmd_tls.o)
 .ARM.attributes
                0x00000627       0x1e C:/ST/STM32CubeIDE_1.19.0/STM32CubeIDE/plugins/com.st.stm32cube.ide.mcu.externaltools.gnu-tools-for-stm32.13.3.rel1.win32_1.0.100.202509120712/tools/bin/../lib/gcc/arm-none-eabi/13.3.1/thumb/v6-m/nofp\libgcc.a(_arm_cmpsf2.o)
 .ARM.attributes
                0x00000645       0x2c C:/ST/STM32CubeIDE_1.19.0/STM32CubeIDE/plugins/com.st.stm32cube.ide.mcu.externaltools.gnu-tools-for-stm32.13.3.rel1.win32_1.0.100.202509120712/tools/bin/../lib/gcc/arm-none-eabi/13.3.1/thumb/v6-m/nofp\libgcc.a(_muldi3.o)
 .ARM.attributes
                0x00000671       0x2c C:/ST/STM32CubeIDE_1.19.0/STM32CubeIDE/plugins/com.st.stm32cube.ide.mcu.externaltools.gnu-tools-for-stm32.13.3.rel1.win32_1.0.100.202509120712/tools/bin/../lib/gcc/arm-none-eabi/13.3.1/thumb/v6-m/nofp\libgcc.a(_fixunssfsi.o)
 .ARM.attributes
                0x0000069d       0x2c C:/ST/STM32CubeIDE_1.19.0/STM32CubeIDE/plugins/com.st.stm32cube.ide.mcu.externaltools.gnu-tools-for-stm32.13.3.rel1.win32_1.0.100.202509120712/tools/bin/../lib/gcc/arm-none-eabi/13.3.1/thumb/v6-m/nofp\libgcc.a(_floatundisf.o)
 .ARM.attributes
                0x000006c9       0x2c C:/ST/STM32CubeIDE_1.19.0/STM32CubeIDE/plugins/com.st.stm32cube.ide.mcu.externaltools.gnu-tools-for-stm32.13.3.rel1.win32_1.0.100.202509120712/tools/bin/../lib/gcc/arm-none-eabi/13.3.1/thumb/v6-m/nofp\libgcc.a(addsf3.o)
 .ARM.attributes
                0x000006f5       0x2c C:/ST/STM32CubeIDE_1.19.0/STM32CubeIDE/plugins/com.st.stm32cube.ide.mcu.externaltools.gnu-tools-for-stm32.13.3.rel1.win32_1.0.100.202509120712/tools/bin/../lib/gcc/arm-none-eabi/13.3.1/thumb/v6-m/nofp\libgcc.a(divsf3.o)
 .ARM.attributes
                0x00000721       0x2c C:/ST/STM32CubeIDE_1.19.0/STM32CubeIDE/plugins/com.st.stm32cube.ide.mcu.externaltools.gnu-tools-for-stm32.13.3.rel1.win32_1.0.100.202509120712/tools/bin/../lib/gcc/arm-none-eabi/13.3.1/thumb/v6-m/nofp\libgcc.a(eqsf2.o)
 .ARM.attributes
                0x0000074d       0x2c C:/ST/STM32CubeIDE_1.19.0/STM32CubeIDE/plugins/com.st.stm32cube.ide.mcu.externaltools.gnu-tools-for-stm32.13.3.rel1.win32_1.0.100.202509120712/tools/bin/../lib/gcc/arm-none-eabi/13.3.1/thumb/v6-m/nofp\libgcc.a(gesf2.o)
 .ARM.attributes
                0x00000779       0x2c C:/ST/STM32CubeIDE_1.19.0/STM32CubeIDE/plugins/com.st.stm32cube.ide.mcu.externaltools.gnu-tools-for-stm32.13.3.rel1.win32_1.0.100.202509120712/tools/bin/../lib/gcc/arm-none-eabi/13.3.1/thumb/v6-m/nofp\libgcc.a(lesf2.o)
 .ARM.attributes
                0x000007a5       0x2c C:/ST/STM32CubeIDE_1.19.0/STM32CubeIDE/plugins/com.st.stm32cube.ide.mcu.externaltools.gnu-tools-for-stm32.13.3.rel1.win32_1.0.100.202509120712/tools/bin/../lib/gcc/arm-none-eabi/13.3.1/thumb/v6-m/nofp\libgcc.a(mulsf3.o)
 .ARM.attributes
                0x000007d1       0x2c C:/ST/STM32CubeIDE_1.19.0/STM32CubeIDE/plugins/com.st.stm32cube.ide.mcu.externaltools.gnu-tools-for-stm32.13.3.rel1.win32_1.0.100.202509120712/tools/bin/../lib/gcc/arm-none-eabi/13.3.1/thumb/v6-m/nofp\libgcc.a(subsf3.o)
 .ARM.attributes
                0x000007fd       0x2c C:/ST/STM32CubeIDE_1.19.0/STM32CubeIDE/plugins/com.st.stm32cube.ide.mcu.externaltools.gnu-tools-for-stm32.13.3.rel1.win32_1.0.100.202509120712/tools/bin/../lib/gcc/arm-none-eabi/13.3.1/thumb/v6-m/nofp\libgcc.a(unordsf2.o)
 .ARM.attributes
                0x00000829       0x2c C:/ST/STM32CubeIDE_1.19.0/STM32CubeIDE/plugins/com.st.stm32cube.ide.mcu.externaltools.gnu-tools-for-stm32.13.3.rel1.win32_1.0.100.202509120712/tools/bin/../lib/gcc/arm-none-eabi/13.3.1/thumb/v6-m/nofp\libgcc.a(fixsfsi.o)
 .ARM.attributes
                0x00000855       0x2c C:/ST/STM32CubeIDE_1.19.0/STM32CubeIDE/plugins/com.st.stm32cube.ide.mcu.externaltools.gnu-tools-for-stm32.13.3.rel1.win32_1.0.100.202509120712/tools/bin/../lib/gcc/arm-none-eabi/13.3.1/thumb/v6-m/nofp\libgcc.a(adddf3.o)
 .ARM.attributes
                0x00000881       0x2c C:/ST/STM32CubeIDE_1.19.0/STM32CubeIDE/plugins/com.st.stm32cube.ide.mcu.externaltools.gnu-tools-for-stm32.13.3.rel1.win32_1.0.100.202509120712/tools/bin/../lib/gcc/arm-none-eabi/13.3.1/thumb/v6-m/nofp\libgcc.a(muldf3.o)
 .ARM.attributes
                0x000008ad       0x2c C:/ST/STM32CubeIDE_1.19.0/STM32CubeIDE/plugins/com.st.stm32cube.ide.mcu.externaltools.gnu-tools-for-stm32.13.3.rel1.win32_1.0.100.202509120712/tools/bin/../lib/gcc/arm-none-eabi/13.3.1/thumb/v6-m/nofp\libgcc.a(floatunsidf.o)
 .ARM.attributes
                0x000008d9       0x2c C:/ST/STM32CubeIDE_1.19.0/STM32CubeIDE/plugins/com.st.stm32cube.ide.mcu.externaltools.gnu-tools-for-stm32.13.3.rel1.win32_1.0.100.202509120712/tools/bin/../lib/gcc/arm-none-eabi/13.3.1/thumb/v6-m/nofp\libgcc.a(truncdfsf2.o)
 .ARM.attributes
                0x00000905       0x1e C:/ST/STM32CubeIDE_1.19.0/STM32CubeIDE/plugins/com.st.stm32cube.ide.mcu.externaltools.gnu-tools-for-stm32.13.3.rel1.win32_1.0.100.202509120712/tools/bin/../lib/gcc/arm-none-eabi/13.3.1/thumb/v6-m/nofp\libgcc.a(_clzsi2.o)
 .ARM.attributes
                0x00000923       0x1e C:/ST/STM32CubeIDE_1.19.0/STM32CubeIDE/plugins/com.st.stm32cube.ide.mcu.externaltools.gnu-tools-for-stm32.13.3.rel1.win32_1.0.100.202509120712/tools/bin/../lib/gcc/arm-none-eabi/13.3.1/thumb/v6-m/nofp/crtn.o
OUTPUT(Statcon_Interactive_File_1.elf elf32-littlearm)
LOAD linker stubs
LOAD C:/ST/STM32CubeIDE_1.19.0/STM32CubeIDE/plugins/com.st.stm32cube.ide.mcu.externaltools.gnu-tools-for-stm32.13.3.rel1.win32_1.0.100.202509120712/tools/bin/../lib/gcc/arm-none-eabi/13.3.1/../../../../arm-none-eabi/lib/thumb/v6-m/nofp\libc.a
LOAD C:/ST/STM32CubeIDE_1.19.0/STM32CubeIDE/plugins/com.st.stm32cube.ide.mcu.externaltools.gnu-tools-for-stm32.13.3.rel1.win32_1.0.100.202509120712/tools/bin/../lib/gcc/arm-none-eabi/13.3.1/../../../../arm-none-eabi/lib/thumb/v6-m/nofp\libm.a
LOAD C:/ST/STM32CubeIDE_1.19.0/STM32CubeIDE/plugins/com.st.stm32cube.ide.mcu.externaltools.gnu-tools-for-stm32.13.3.rel1.win32_1.0.100.202509120712/tools/bin/../lib/gcc/arm-none-eabi/13.3.1/thumb/v6-m/nofp\libgcc.a

.debug_info     0x00000000    0x12cf0
 .debug_info    0x00000000     0x1f05 ./Core/Src/General_functions.o
 .debug_info    0x00001f05     0x15af ./Core/Src/Interrupt_Cntrl_Fns.o
 .debug_info    0x000034b4     0x1944 ./Core/Src/New_Struct_Variables.o
 .debug_info    0x00004df8      0x91a ./Core/Src/adc.o
 .debug_info    0x00005712      0x53b ./Core/Src/dma.o
 .debug_info    0x00005c4d      0x599 ./Core/Src/gpio.o
 .debug_info    0x000061e6     0x15f1 ./Core/Src/main.o
 .debug_info    0x000077d7     0x14ba ./Core/Src/stm32f0xx_it.o
 .debug_info    0x00008c91      0x23b ./Core/Src/system_stm32f0xx.o
 .debug_info    0x00008ecc      0xc22 ./Core/Src/tim.o
 .debug_info    0x00009aee      0x9df ./Core/Src/usart.o
 .debug_info    0x0000a4cd     0x1b3c ./Core/Src/UART1_Slave_Lib/UART1_Slave_Functions.o
 .debug_info    0x0000c009      0x683 ./Core/Src/UART1_Slave_Lib/UART1_Slave_Variables.o
 .debug_info    0x0000c68c     0x1dc4 ./Core/Src/UART2_Slave_Lib/UART2_Slave_Functions.o
 .debug_info    0x0000e450      0x683 ./Core/Src/UART2_Slave_Lib/UART2_Slave_Variables.o
 .debug_info    0x0000ead3      0xc9a ./Core/Src/UART_Debugging/UART_Debugging_Functions.o
 .debug_info    0x0000f76d      0x5e1 ./Core/Src/UART_Debugging/UART_Debugging_Variables.o
 .debug_info    0x0000fd4e       0x30 ./Core/Startup/startup_stm32f030r8tx.o
 .debug_info    0x0000fd7e      0x5a7 ./Drivers/STM32F0xx_HAL_Driver/Src/stm32f0xx_ll_adc.o
 .debug_info    0x00010325      0x330 ./Drivers/STM32F0xx_HAL_Driver/Src/stm32f0xx_ll_exti.o
 .debug_info    0x00010655      0x528 ./Drivers/STM32F0xx_HAL_Driver/Src/stm32f0xx_ll_gpio.o
 .debug_info    0x00010b7d      0x52f ./Drivers/STM32F0xx_HAL_Driver/Src/stm32f0xx_ll_rcc.o
 .debug_info    0x000110ac      0xe4e ./Drivers/STM32F0xx_HAL_Driver/Src/stm32f0xx_ll_tim.o
 .debug_info    0x00011efa      0x68b ./Drivers/STM32F0xx_HAL_Driver/Src/stm32f0xx_ll_usart.o
 .debug_info    0x00012585      0x76b ./Drivers/STM32F0xx_HAL_Driver/Src/stm32f0xx_ll_utils.o

.debug_abbrev   0x00000000     0x2ba4
 .debug_abbrev  0x00000000      0x296 ./Core/Src/General_functions.o
 .debug_abbrev  0x00000296      0x1e4 ./Core/Src/Interrupt_Cntrl_Fns.o
 .debug_abbrev  0x0000047a      0x17f ./Core/Src/New_Struct_Variables.o
 .debug_abbrev  0x000005f9      0x1bf ./Core/Src/adc.o
 .debug_abbrev  0x000007b8      0x18a ./Core/Src/dma.o
 .debug_abbrev  0x00000942      0x1ac ./Core/Src/gpio.o
 .debug_abbrev  0x00000aee      0x2a8 ./Core/Src/main.o
 .debug_abbrev  0x00000d96      0x200 ./Core/Src/stm32f0xx_it.o
 .debug_abbrev  0x00000f96      0x11c ./Core/Src/system_stm32f0xx.o
 .debug_abbrev  0x000010b2      0x1fc ./Core/Src/tim.o
 .debug_abbrev  0x000012ae      0x26c ./Core/Src/usart.o
 .debug_abbrev  0x0000151a      0x2b8 ./Core/Src/UART1_Slave_Lib/UART1_Slave_Functions.o
 .debug_abbrev  0x000017d2       0xc6 ./Core/Src/UART1_Slave_Lib/UART1_Slave_Variables.o
 .debug_abbrev  0x00001898      0x28e ./Core/Src/UART2_Slave_Lib/UART2_Slave_Functions.o
 .debug_abbrev  0x00001b26       0xc6 ./Core/Src/UART2_Slave_Lib/UART2_Slave_Variables.o
 .debug_abbrev  0x00001bec      0x184 ./Core/Src/UART_Debugging/UART_Debugging_Functions.o
 .debug_abbrev  0x00001d70       0xcf ./Core/Src/UART_Debugging/UART_Debugging_Variables.o
 .debug_abbrev  0x00001e3f       0x24 ./Core/Startup/startup_stm32f030r8tx.o
 .debug_abbrev  0x00001e63      0x1e3 ./Drivers/STM32F0xx_HAL_Driver/Src/stm32f0xx_ll_adc.o
 .debug_abbrev  0x00002046      0x159 ./Drivers/STM32F0xx_HAL_Driver/Src/stm32f0xx_ll_exti.o
 .debug_abbrev  0x0000219f      0x1a2 ./Drivers/STM32F0xx_HAL_Driver/Src/stm32f0xx_ll_gpio.o
 .debug_abbrev  0x00002341      0x206 ./Drivers/STM32F0xx_HAL_Driver/Src/stm32f0xx_ll_rcc.o
 .debug_abbrev  0x00002547      0x20f ./Drivers/STM32F0xx_HAL_Driver/Src/stm32f0xx_ll_tim.o
 .debug_abbrev  0x00002756      0x1f6 ./Drivers/STM32F0xx_HAL_Driver/Src/stm32f0xx_ll_usart.o
 .debug_abbrev  0x0000294c      0x258 ./Drivers/STM32F0xx_HAL_Driver/Src/stm32f0xx_ll_utils.o

.debug_aranges  0x00000000      0xc30
 .debug_aranges
                0x00000000      0x1b0 ./Core/Src/General_functions.o
 .debug_aranges
                0x000001b0       0x38 ./Core/Src/Interrupt_Cntrl_Fns.o
 .debug_aranges
                0x000001e8       0x18 ./Core/Src/New_Struct_Variables.o
 .debug_aranges
                0x00000200       0x88 ./Core/Src/adc.o
 .debug_aranges
                0x00000288       0x38 ./Core/Src/dma.o
 .debug_aranges
                0x000002c0       0x48 ./Core/Src/gpio.o
 .debug_aranges
                0x00000308       0xc8 ./Core/Src/main.o
 .debug_aranges
                0x000003d0       0x60 ./Core/Src/stm32f0xx_it.o
 .debug_aranges
                0x00000430       0x28 ./Core/Src/system_stm32f0xx.o
 .debug_aranges
                0x00000458       0x88 ./Core/Src/tim.o
 .debug_aranges
                0x000004e0       0x68 ./Core/Src/usart.o
 .debug_aranges
                0x00000548       0xb0 ./Core/Src/UART1_Slave_Lib/UART1_Slave_Functions.o
 .debug_aranges
                0x000005f8       0x18 ./Core/Src/UART1_Slave_Lib/UART1_Slave_Variables.o
 .debug_aranges
                0x00000610       0xb0 ./Core/Src/UART2_Slave_Lib/UART2_Slave_Functions.o
 .debug_aranges
                0x000006c0       0x18 ./Core/Src/UART2_Slave_Lib/UART2_Slave_Variables.o
 .debug_aranges
                0x000006d8       0x30 ./Core/Src/UART_Debugging/UART_Debugging_Functions.o
 .debug_aranges
                0x00000708       0x18 ./Core/Src/UART_Debugging/UART_Debugging_Variables.o
 .debug_aranges
                0x00000720       0x28 ./Core/Startup/startup_stm32f030r8tx.o
 .debug_aranges
                0x00000748       0x88 ./Drivers/STM32F0xx_HAL_Driver/Src/stm32f0xx_ll_adc.o
 .debug_aranges
                0x000007d0       0x70 ./Drivers/STM32F0xx_HAL_Driver/Src/stm32f0xx_ll_exti.o
 .debug_aranges
                0x00000840       0x70 ./Drivers/STM32F0xx_HAL_Driver/Src/stm32f0xx_ll_gpio.o
 .debug_aranges
                0x000008b0       0xe8 ./Drivers/STM32F0xx_HAL_Driver/Src/stm32f0xx_ll_rcc.o
 .debug_aranges
                0x00000998      0x128 ./Drivers/STM32F0xx_HAL_Driver/Src/stm32f0xx_ll_tim.o
 .debug_aranges
                0x00000ac0       0x88 ./Drivers/STM32F0xx_HAL_Driver/Src/stm32f0xx_ll_usart.o
 .debug_aranges
                0x00000b48       0xe8 ./Drivers/STM32F0xx_HAL_Driver/Src/stm32f0xx_ll_utils.o

.debug_rnglists
                0x00000000      0x8d3
 .debug_rnglists
                0x00000000      0x15a ./Core/Src/General_functions.o
 .debug_rnglists
                0x0000015a       0x29 ./Core/Src/Interrupt_Cntrl_Fns.o
 .debug_rnglists
                0x00000183       0x62 ./Core/Src/adc.o
 .debug_rnglists
                0x000001e5       0x26 ./Core/Src/dma.o
 .debug_rnglists
                0x0000020b       0x32 ./Core/Src/gpio.o
 .debug_rnglists
                0x0000023d       0x93 ./Core/Src/main.o
 .debug_rnglists
                0x000002d0       0x44 ./Core/Src/stm32f0xx_it.o
 .debug_rnglists
                0x00000314       0x1a ./Core/Src/system_stm32f0xx.o
 .debug_rnglists
                0x0000032e       0x66 ./Core/Src/tim.o
 .debug_rnglists
                0x00000394       0x4c ./Core/Src/usart.o
 .debug_rnglists
                0x000003e0       0x8c ./Core/Src/UART1_Slave_Lib/UART1_Slave_Functions.o
 .debug_rnglists
                0x0000046c       0x8c ./Core/Src/UART2_Slave_Lib/UART2_Slave_Functions.o
 .debug_rnglists
                0x000004f8       0x22 ./Core/Src/UART_Debugging/UART_Debugging_Functions.o
 .debug_rnglists
                0x0000051a       0x19 ./Core/Startup/startup_stm32f030r8tx.o
 .debug_rnglists
                0x00000533       0x62 ./Drivers/STM32F0xx_HAL_Driver/Src/stm32f0xx_ll_adc.o
 .debug_rnglists
                0x00000595       0x50 ./Drivers/STM32F0xx_HAL_Driver/Src/stm32f0xx_ll_exti.o
 .debug_rnglists
                0x000005e5       0x51 ./Drivers/STM32F0xx_HAL_Driver/Src/stm32f0xx_ll_gpio.o
 .debug_rnglists
                0x00000636       0xab ./Drivers/STM32F0xx_HAL_Driver/Src/stm32f0xx_ll_rcc.o
 .debug_rnglists
                0x000006e1       0xe4 ./Drivers/STM32F0xx_HAL_Driver/Src/stm32f0xx_ll_tim.o
 .debug_rnglists
                0x000007c5       0x62 ./Drivers/STM32F0xx_HAL_Driver/Src/stm32f0xx_ll_usart.o
 .debug_rnglists
                0x00000827       0xac ./Drivers/STM32F0xx_HAL_Driver/Src/stm32f0xx_ll_utils.o

.debug_macro    0x00000000     0xe0fe
 .debug_macro   0x00000000      0x1c4 ./Core/Src/General_functions.o
 .debug_macro   0x000001c4      0xaea ./Core/Src/General_functions.o
 .debug_macro   0x00000cae       0x2e ./Core/Src/General_functions.o
 .debug_macro   0x00000cdc       0x22 ./Core/Src/General_functions.o
 .debug_macro   0x00000cfe       0x22 ./Core/Src/General_functions.o
 .debug_macro   0x00000d20       0x8e ./Core/Src/General_functions.o
 .debug_macro   0x00000dae       0x51 ./Core/Src/General_functions.o
 .debug_macro   0x00000dff      0x103 ./Core/Src/General_functions.o
 .debug_macro   0x00000f02       0x6a ./Core/Src/General_functions.o
 .debug_macro   0x00000f6c      0x1df ./Core/Src/General_functions.o
 .debug_macro   0x0000114b       0x1c ./Core/Src/General_functions.o
 .debug_macro   0x00001167       0x22 ./Core/Src/General_functions.o
 .debug_macro   0x00001189       0xaf ./Core/Src/General_functions.o
 .debug_macro   0x00001238      0x391 ./Core/Src/General_functions.o
 .debug_macro   0x000015c9     0x6f47 ./Core/Src/General_functions.o
 .debug_macro   0x00008510       0x66 ./Core/Src/General_functions.o
 .debug_macro   0x00008576      0x5ac ./Core/Src/General_functions.o
 .debug_macro   0x00008b22      0x215 ./Core/Src/General_functions.o
 .debug_macro   0x00008d37      0x3d4 ./Core/Src/General_functions.o
 .debug_macro   0x0000910b       0xcb ./Core/Src/General_functions.o
 .debug_macro   0x000091d6      0x176 ./Core/Src/General_functions.o
 .debug_macro   0x0000934c       0xd0 ./Core/Src/General_functions.o
 .debug_macro   0x0000941c       0x16 ./Core/Src/General_functions.o
 .debug_macro   0x00009432       0x2a ./Core/Src/General_functions.o
 .debug_macro   0x0000945c       0x68 ./Core/Src/General_functions.o
 .debug_macro   0x000094c4      0x5bd ./Core/Src/General_functions.o
 .debug_macro   0x00009a81      0x264 ./Core/Src/General_functions.o
 .debug_macro   0x00009ce5      0x11f ./Core/Src/General_functions.o
 .debug_macro   0x00009e04      0x173 ./Core/Src/General_functions.o
 .debug_macro   0x00009f77      0x2ce ./Core/Src/General_functions.o
 .debug_macro   0x0000a245       0x52 ./Core/Src/General_functions.o
 .debug_macro   0x0000a297       0x52 ./Core/Src/General_functions.o
 .debug_macro   0x0000a2e9       0x52 ./Core/Src/General_functions.o
 .debug_macro   0x0000a33b      0x18e ./Core/Src/Interrupt_Cntrl_Fns.o
 .debug_macro   0x0000a4c9      0x15b ./Core/Src/New_Struct_Variables.o
 .debug_macro   0x0000a624      0x14e ./Core/Src/adc.o
 .debug_macro   0x0000a772      0x5a6 ./Core/Src/adc.o
 .debug_macro   0x0000ad18      0x14e ./Core/Src/dma.o
 .debug_macro   0x0000ae66      0x14e ./Core/Src/gpio.o
 .debug_macro   0x0000afb4      0x29e ./Core/Src/main.o
 .debug_macro   0x0000b252       0x61 ./Core/Src/main.o
 .debug_macro   0x0000b2b3       0x24 ./Core/Src/main.o
 .debug_macro   0x0000b2d7       0x43 ./Core/Src/main.o
 .debug_macro   0x0000b31a       0x34 ./Core/Src/main.o
 .debug_macro   0x0000b34e      0x190 ./Core/Src/main.o
 .debug_macro   0x0000b4de      0x370 ./Core/Src/main.o
 .debug_macro   0x0000b84e       0x16 ./Core/Src/main.o
 .debug_macro   0x0000b864       0x4a ./Core/Src/main.o
 .debug_macro   0x0000b8ae       0x34 ./Core/Src/main.o
 .debug_macro   0x0000b8e2       0x10 ./Core/Src/main.o
 .debug_macro   0x0000b8f2       0x58 ./Core/Src/main.o
 .debug_macro   0x0000b94a       0x8e ./Core/Src/main.o
 .debug_macro   0x0000b9d8       0x1c ./Core/Src/main.o
 .debug_macro   0x0000b9f4      0x185 ./Core/Src/main.o
 .debug_macro   0x0000bb79      0x19b ./Core/Src/main.o
 .debug_macro   0x0000bd14      0x284 ./Core/Src/stm32f0xx_it.o
 .debug_macro   0x0000bf98       0xbf ./Core/Src/system_stm32f0xx.o
 .debug_macro   0x0000c057      0x14e ./Core/Src/tim.o
 .debug_macro   0x0000c1a5      0x14e ./Core/Src/usart.o
 .debug_macro   0x0000c2f3      0x18c ./Core/Src/UART1_Slave_Lib/UART1_Slave_Functions.o
 .debug_macro   0x0000c47f      0x169 ./Core/Src/UART1_Slave_Lib/UART1_Slave_Variables.o
 .debug_macro   0x0000c5e8      0x18c ./Core/Src/UART2_Slave_Lib/UART2_Slave_Functions.o
 .debug_macro   0x0000c774      0x169 ./Core/Src/UART2_Slave_Lib/UART2_Slave_Variables.o
 .debug_macro   0x0000c8dd      0x182 ./Core/Src/UART_Debugging/UART_Debugging_Functions.o
 .debug_macro   0x0000ca5f      0x169 ./Core/Src/UART_Debugging/UART_Debugging_Variables.o
 .debug_macro   0x0000cbc8      0x121 ./Drivers/STM32F0xx_HAL_Driver/Src/stm32f0xx_ll_adc.o
 .debug_macro   0x0000cce9       0xe0 ./Drivers/STM32F0xx_HAL_Driver/Src/stm32f0xx_ll_exti.o
 .debug_macro   0x0000cdc9       0xca ./Drivers/STM32F0xx_HAL_Driver/Src/stm32f0xx_ll_exti.o
 .debug_macro   0x0000ce93       0xfb ./Drivers/STM32F0xx_HAL_Driver/Src/stm32f0xx_ll_gpio.o
 .debug_macro   0x0000cf8e      0x119 ./Drivers/STM32F0xx_HAL_Driver/Src/stm32f0xx_ll_gpio.o
 .debug_macro   0x0000d0a7       0xda ./Drivers/STM32F0xx_HAL_Driver/Src/stm32f0xx_ll_rcc.o
 .debug_macro   0x0000d181      0x3ce ./Drivers/STM32F0xx_HAL_Driver/Src/stm32f0xx_ll_rcc.o
 .debug_macro   0x0000d54f      0x144 ./Drivers/STM32F0xx_HAL_Driver/Src/stm32f0xx_ll_tim.o
 .debug_macro   0x0000d693      0x5b7 ./Drivers/STM32F0xx_HAL_Driver/Src/stm32f0xx_ll_tim.o
 .debug_macro   0x0000dc4a      0x12e ./Drivers/STM32F0xx_HAL_Driver/Src/stm32f0xx_ll_usart.o
 .debug_macro   0x0000dd78      0x25e ./Drivers/STM32F0xx_HAL_Driver/Src/stm32f0xx_ll_usart.o
 .debug_macro   0x0000dfd6      0x128 ./Drivers/STM32F0xx_HAL_Driver/Src/stm32f0xx_ll_utils.o

.debug_line     0x00000000    0x1035a
 .debug_line    0x00000000     0x266e ./Core/Src/General_functions.o
 .debug_line    0x0000266e      0xbc3 ./Core/Src/Interrupt_Cntrl_Fns.o
 .debug_line    0x00003231      0x659 ./Core/Src/New_Struct_Variables.o
 .debug_line    0x0000388a      0x85a ./Core/Src/adc.o
 .debug_line    0x000040e4      0x6ff ./Core/Src/dma.o
 .debug_line    0x000047e3      0x789 ./Core/Src/gpio.o
 .debug_line    0x00004f6c      0xcaa ./Core/Src/main.o
 .debug_line    0x00005c16      0xa99 ./Core/Src/stm32f0xx_it.o
 .debug_line    0x000066af      0x559 ./Core/Src/system_stm32f0xx.o
 .debug_line    0x00006c08      0x9be ./Core/Src/tim.o
 .debug_line    0x000075c6      0x87f ./Core/Src/usart.o
 .debug_line    0x00007e45     0x148f ./Core/Src/UART1_Slave_Lib/UART1_Slave_Functions.o
 .debug_line    0x000092d4      0x680 ./Core/Src/UART1_Slave_Lib/UART1_Slave_Variables.o
 .debug_line    0x00009954     0x1a7e ./Core/Src/UART2_Slave_Lib/UART2_Slave_Functions.o
 .debug_line    0x0000b3d2      0x680 ./Core/Src/UART2_Slave_Lib/UART2_Slave_Variables.o
 .debug_line    0x0000ba52      0x826 ./Core/Src/UART_Debugging/UART_Debugging_Functions.o
 .debug_line    0x0000c278      0x688 ./Core/Src/UART_Debugging/UART_Debugging_Variables.o
 .debug_line    0x0000c900       0x7b ./Core/Startup/startup_stm32f030r8tx.o
 .debug_line    0x0000c97b      0x755 ./Drivers/STM32F0xx_HAL_Driver/Src/stm32f0xx_ll_adc.o
 .debug_line    0x0000d0d0      0x686 ./Drivers/STM32F0xx_HAL_Driver/Src/stm32f0xx_ll_exti.o
 .debug_line    0x0000d756      0x6cd ./Drivers/STM32F0xx_HAL_Driver/Src/stm32f0xx_ll_gpio.o
 .debug_line    0x0000de23      0x91e ./Drivers/STM32F0xx_HAL_Driver/Src/stm32f0xx_ll_rcc.o
 .debug_line    0x0000e741      0xb58 ./Drivers/STM32F0xx_HAL_Driver/Src/stm32f0xx_ll_tim.o
 .debug_line    0x0000f299      0x76a ./Drivers/STM32F0xx_HAL_Driver/Src/stm32f0xx_ll_usart.o
 .debug_line    0x0000fa03      0x957 ./Drivers/STM32F0xx_HAL_Driver/Src/stm32f0xx_ll_utils.o

.debug_str      0x00000000    0x460ad
 .debug_str     0x00000000    0x460ad ./Core/Src/General_functions.o
                              0x3d21c (size before relaxing)
 .debug_str     0x000460ad        0x0 ./Core/Src/Interrupt_Cntrl_Fns.o
                              0x3c5d4 (size before relaxing)
 .debug_str     0x000460ad        0x0 ./Core/Src/New_Struct_Variables.o
                              0x3c4d3 (size before relaxing)
 .debug_str     0x000460ad        0x0 ./Core/Src/adc.o
                              0x395f2 (size before relaxing)
 .debug_str     0x000460ad        0x0 ./Core/Src/dma.o
                              0x3945a (size before relaxing)
 .debug_str     0x000460ad        0x0 ./Core/Src/gpio.o
                              0x393b4 (size before relaxing)
 .debug_str     0x000460ad        0x0 ./Core/Src/main.o
                              0x405ac (size before relaxing)
 .debug_str     0x000460ad        0x0 ./Core/Src/stm32f0xx_it.o
                              0x40654 (size before relaxing)
 .debug_str     0x000460ad        0x0 ./Core/Src/system_stm32f0xx.o
                              0x2c753 (size before relaxing)
 .debug_str     0x000460ad        0x0 ./Core/Src/tim.o
                              0x397f9 (size before relaxing)
 .debug_str     0x000460ad        0x0 ./Core/Src/usart.o
                              0x3967e (size before relaxing)
 .debug_str     0x000460ad        0x0 ./Core/Src/UART1_Slave_Lib/UART1_Slave_Functions.o
                              0x3c830 (size before relaxing)
 .debug_str     0x000460ad        0x0 ./Core/Src/UART1_Slave_Lib/UART1_Slave_Variables.o
                              0x39717 (size before relaxing)
 .debug_str     0x000460ad        0x0 ./Core/Src/UART2_Slave_Lib/UART2_Slave_Functions.o
                              0x3ca27 (size before relaxing)
 .debug_str     0x000460ad        0x0 ./Core/Src/UART2_Slave_Lib/UART2_Slave_Variables.o
                              0x39717 (size before relaxing)
 .debug_str     0x000460ad        0x0 ./Core/Src/UART_Debugging/UART_Debugging_Functions.o
                              0x3b8da (size before relaxing)
 .debug_str     0x000460ad        0x0 ./Core/Src/UART_Debugging/UART_Debugging_Variables.o
                              0x3981d (size before relaxing)
 .debug_str     0x000460ad        0x0 ./Core/Startup/startup_stm32f030r8tx.o
                                 0x7f (size before relaxing)
 .debug_str     0x000460ad        0x0 ./Drivers/STM32F0xx_HAL_Driver/Src/stm32f0xx_ll_adc.o
                              0x315c3 (size before relaxing)
 .debug_str     0x000460ad        0x0 ./Drivers/STM32F0xx_HAL_Driver/Src/stm32f0xx_ll_exti.o
                              0x2ce45 (size before relaxing)
 .debug_str     0x000460ad        0x0 ./Drivers/STM32F0xx_HAL_Driver/Src/stm32f0xx_ll_gpio.o
                              0x2d8b8 (size before relaxing)
 .debug_str     0x000460ad        0x0 ./Drivers/STM32F0xx_HAL_Driver/Src/stm32f0xx_ll_rcc.o
                              0x2e564 (size before relaxing)
 .debug_str     0x000460ad        0x0 ./Drivers/STM32F0xx_HAL_Driver/Src/stm32f0xx_ll_tim.o
                              0x30fe2 (size before relaxing)
 .debug_str     0x000460ad        0x0 ./Drivers/STM32F0xx_HAL_Driver/Src/stm32f0xx_ll_usart.o
                              0x2fd92 (size before relaxing)
 .debug_str     0x000460ad        0x0 ./Drivers/STM32F0xx_HAL_Driver/Src/stm32f0xx_ll_utils.o
                              0x2fb9a (size before relaxing)

.comment        0x00000000       0x43
 .comment       0x00000000       0x43 ./Core/Src/General_functions.o
                                 0x44 (size before relaxing)
 .comment       0x00000043        0x0 ./Core/Src/Interrupt_Cntrl_Fns.o
                                 0x44 (size before relaxing)
 .comment       0x00000043        0x0 ./Core/Src/New_Struct_Variables.o
                                 0x44 (size before relaxing)
 .comment       0x00000043        0x0 ./Core/Src/adc.o
                                 0x44 (size before relaxing)
 .comment       0x00000043        0x0 ./Core/Src/dma.o
                                 0x44 (size before relaxing)
 .comment       0x00000043        0x0 ./Core/Src/gpio.o
                                 0x44 (size before relaxing)
 .comment       0x00000043        0x0 ./Core/Src/main.o
                                 0x44 (size before relaxing)
 .comment       0x00000043        0x0 ./Core/Src/stm32f0xx_it.o
                                 0x44 (size before relaxing)
 .comment       0x00000043        0x0 ./Core/Src/system_stm32f0xx.o
                                 0x44 (size before relaxing)
 .comment       0x00000043        0x0 ./Core/Src/tim.o
                                 0x44 (size before relaxing)
 .comment       0x00000043        0x0 ./Core/Src/usart.o
                                 0x44 (size before relaxing)
 .comment       0x00000043        0x0 ./Core/Src/UART1_Slave_Lib/UART1_Slave_Functions.o
                                 0x44 (size before relaxing)
 .comment       0x00000043        0x0 ./Core/Src/UART1_Slave_Lib/UART1_Slave_Variables.o
                                 0x44 (size before relaxing)
 .comment       0x00000043        0x0 ./Core/Src/UART2_Slave_Lib/UART2_Slave_Functions.o
                                 0x44 (size before relaxing)
 .comment       0x00000043        0x0 ./Core/Src/UART2_Slave_Lib/UART2_Slave_Variables.o
                                 0x44 (size before relaxing)
 .comment       0x00000043        0x0 ./Core/Src/UART_Debugging/UART_Debugging_Functions.o
                                 0x44 (size before relaxing)
 .comment       0x00000043        0x0 ./Core/Src/UART_Debugging/UART_Debugging_Variables.o
                                 0x44 (size before relaxing)
 .comment       0x00000043        0x0 ./Drivers/STM32F0xx_HAL_Driver/Src/stm32f0xx_ll_adc.o
                                 0x44 (size before relaxing)
 .comment       0x00000043        0x0 ./Drivers/STM32F0xx_HAL_Driver/Src/stm32f0xx_ll_exti.o
                                 0x44 (size before relaxing)
 .comment       0x00000043        0x0 ./Drivers/STM32F0xx_HAL_Driver/Src/stm32f0xx_ll_gpio.o
                                 0x44 (size before relaxing)
 .comment       0x00000043        0x0 ./Drivers/STM32F0xx_HAL_Driver/Src/stm32f0xx_ll_rcc.o
                                 0x44 (size before relaxing)
 .comment       0x00000043        0x0 ./Drivers/STM32F0xx_HAL_Driver/Src/stm32f0xx_ll_tim.o
                                 0x44 (size before relaxing)
 .comment       0x00000043        0x0 ./Drivers/STM32F0xx_HAL_Driver/Src/stm32f0xx_ll_usart.o
                                 0x44 (size before relaxing)
 .comment       0x00000043        0x0 ./Drivers/STM32F0xx_HAL_Driver/Src/stm32f0xx_ll_utils.o
                                 0x44 (size before relaxing)

.debug_frame    0x00000000     0x2bdc
 .debug_frame   0x00000000      0x5e4 ./Core/Src/General_functions.o
 .debug_frame   0x000005e4       0x84 ./Core/Src/Interrupt_Cntrl_Fns.o
 .debug_frame   0x00000668      0x1d4 ./Core/Src/adc.o
 .debug_frame   0x0000083c       0x8c ./Core/Src/dma.o
 .debug_frame   0x000008c8       0xd0 ./Core/Src/gpio.o
 .debug_frame   0x00000998      0x2a0 ./Core/Src/main.o
 .debug_frame   0x00000c38      0x10c ./Core/Src/stm32f0xx_it.o