../Drivers/STM32F0xx_HAL_Driver/Inc/stm32f0xx_ll_tim.h:1947:22:LL_TIM_OC_DisablePreload	24	static
../Core/Src/General_functions.c:24:6:TIM1_OEN_DT_CCEN_IEN_STRT	8	static
../Core/Src/General_functions.c:38:6:ADC_DMA_CH1_CONFIG	8	static
../Core/Src/General_functions.c:46:6:TIM3_CAPEN_IEN_STRT	8	static
../Core/Src/General_functions.c:53:6:CAPTURE_DMA_CH4_CONFIG	8	static
../Core/Src/General_functions.c:61:6:TIM14_CH1_PWM_Config	8	static
../Core/Src/General_functions.c:70:6:Inverter_OFF	8	static
../Core/Src/General_functions.c:95:6:Switch_Off_Mains_Relay	8	static
../Core/Src/General_functions.c:105:6:Switch_On_Mains_Relay	8	static
../Core/Src/General_functions.c:111:6:Inverter_ON	8	static
../Core/Src/General_functions.c:120:6:MPPT_OFF	8	static
../Core/Src/General_functions.c:126:6:MPPT_ON	8	static
../Core/Src/General_functions.c:132:6:ADC_Avg_And_RMS_Cal	120	static
../Core/Src/General_functions.c:234:6:PV_Duty_Dec_Code	8	static
../Core/Src/General_functions.c:254:6:PV_Duty_Inc_Code	8	static
../Core/Src/General_functions.c:272:6:Update_Sine_Freq_To_Grid_Freq	8	static
../Core/Src/General_functions.c:282:6:Anti_Islanding_Update_Sine_Freq_To_Grid_Freq	8	static
../Core/Src/General_functions.c:294:6:Cntrs_Incrmnt_Fn_for_100us_ISR	8	static
../Core/Src/General_functions.c:460:6:Zero_Crossing_Detection_Counter_Fn	8	static
../Core/Src/General_functions.c:515:6:Batt_V_Err_Integ_Saturator_Code	8	static
../Core/Src/General_functions.c:541:6:V_Generate_Saturator_Code	8	static
../Core/Src/General_functions.c:554:6:V_Delta_Generate_Saturator_Code	8	static
../Core/Src/General_functions.c:567:6:Fast_Diagnostics	8	static
../Core/Src/General_functions.c:754:6:Avg_Diagnostics	8	static
../Core/Src/General_functions.c:809:6:RMS_Diagnostics	8	static
../Core/Src/General_functions.c:853:6:Grid_To_Inverter_State_Transition_Fn	8	static
../Core/Src/General_functions.c:876:6:Check_if_V_Mains_Out_of_Bounds	8	static
../Core/Src/General_functions.c:894:6:Energy_Calculation	16	static
../Core/Src/General_functions.c:938:6:Energy_Calculation_With_Mains_CT	16	static
../Core/Src/General_functions.c:983:6:Energy_Calculation_With_Mains_CT_For_GSM_Card	16	static
../Core/Src/General_functions.c:1028:6:Energy_Calculation_For_GSM_Card	16	static
../Core/Src/General_functions.c:1067:6:AH_Calculation	16	static
../Core/Src/General_functions.c:1101:6:AH_Calculation_For_GSM_Card	16	static
../Core/Src/General_functions.c:1136:6:PV_KWhr_Calculation	16	static
../Core/Src/General_functions.c:1168:6:PV_KWhr_Calculation_For_GSM_Card	16	static
../Core/Src/General_functions.c:1194:6:Variable_Init	8	static
../Core/Src/General_functions.c:1517:6:Copy_Calib_To_Flash	8	static
../Core/Src/General_functions.c:1528:6:Copy_Calib_From_Flash	8	static
../Core/Src/General_functions.c:1535:6:Batt_Boost_Float_Changeover	8	static
../Core/Src/General_functions.c:1680:6:Grid_Batt_Boost_Float_Changeover	8	static
../Core/Src/General_functions.c:1723:6:Batt_Temp_Comp_Factor_Calculator	8	static
../Core/Src/General_functions.c:1763:6:Generate_Fault_Data_For_Metering	8	static
../Core/Src/General_functions.c:2066:6:Flash_Erase	8	static
../Core/Src/General_functions.c:2086:6:Flash_Erase_1	8	static
../Core/Src/General_functions.c:2106:6:Flash_Write	16	static
../Core/Src/General_functions.c:2290:6:Flash_Write_1	16	static
../Core/Src/General_functions.c:2329:6:Flash_Read	16	static
../Core/Src/General_functions.c:2388:6:Local_Load_Compensation_if_Exprt_Limit_is_Zero	8	static
../Core/Src/General_functions.c:2428:6:Power_Factor_Calculation	48	static
../Core/Src/General_functions.c:2445:6:PV_Power_Unavailable_Detection	8	static
