../Core/Src/UART2_Slave_Lib/UART2_Slave_Functions.c:80:6:UART2_Store_Received_Data_In_Variables	8	static
../Core/Src/UART2_Slave_Lib/UART2_Slave_Functions.c:88:6:UART2_Update_Variables_if_Mesage_is_S	8	static
../Core/Src/UART2_Slave_Lib/UART2_Slave_Functions.c:108:6:UART2_Update_Variables_if_Mesage_is_C	8	static
../Core/Src/UART2_Slave_Lib/UART2_Slave_Functions.c:125:6:UART2_Update_Variables_if_Mesage_is_M	8	static
../Core/Src/UART2_Slave_Lib/UART2_Slave_Functions.c:142:6:UART2_Update_Variables_if_Mesage_is_R	8	static
../Core/Src/UART2_Slave_Lib/UART2_Slave_Functions.c:159:15:UART2_crcFast	40	static
../Core/Src/UART2_Slave_Lib/UART2_Slave_Functions.c:189:6:UART2_Use_Received_Data_S	16	static
../Core/Src/UART2_Slave_Lib/UART2_Slave_Functions.c:360:6:UART2_Recieved_Settings_Error_Check	16	static
../Core/Src/UART2_Slave_Lib/UART2_Slave_Functions.c:907:6:UART2_Use_Received_Data_C	24	static
../Core/Src/UART2_Slave_Lib/UART2_Slave_Functions.c:1048:6:UART2_Use_Received_Data_M	8	static
../Core/Src/UART2_Slave_Lib/UART2_Slave_Functions.c:1053:6:UART2_Use_Received_Data_R	8	static
../Core/Src/UART2_Slave_Lib/UART2_Slave_Functions.c:1080:6:UART2_Receive_ISR_Program	8	static
../Core/Src/UART2_Slave_Lib/UART2_Slave_Functions.c:1144:6:UART2_Send_Function_Inside_Timer_Interrupt	8	static
../Core/Src/UART2_Slave_Lib/UART2_Slave_Functions.c:1160:6:UART2_Request_Send_Message	8	static
../Core/Src/UART2_Slave_Lib/UART2_Slave_Functions.c:1239:6:UART2_Populate_Txdata_Array_With_Message_s	8	static
../Core/Src/UART2_Slave_Lib/UART2_Slave_Functions.c:1252:6:UART2_Populate_Txdata_Array_With_Message_c	8	static
../Core/Src/UART2_Slave_Lib/UART2_Slave_Functions.c:1296:6:UART2_Populate_Txdata_Array_With_Message_m	16	static
../Core/Src/UART2_Slave_Lib/UART2_Slave_Functions.c:1567:6:UART2_Populate_Txdata_Array_With_Message_r	8	static
../Core/Src/UART2_Slave_Lib/UART2_Slave_Functions.c:1578:6:UART2_Slave_Variables_Init	8	static
