../Core/Src/UART1_Slave_Lib/UART1_Slave_Functions.c:22:6:UART1_Store_Received_Data_In_Variables	8	static
../Core/Src/UART1_Slave_Lib/UART1_Slave_Functions.c:30:6:UART1_Update_Variables_if_Mesage_is_S	8	static
../Core/Src/UART1_Slave_Lib/UART1_Slave_Functions.c:50:6:UART1_Update_Variables_if_Mesage_is_C	8	static
../Core/Src/UART1_Slave_Lib/UART1_Slave_Functions.c:67:6:UART1_Update_Variables_if_Mesage_is_M	8	static
../Core/Src/UART1_Slave_Lib/UART1_Slave_Functions.c:84:6:UART1_Update_Variables_if_Mesage_is_R	8	static
../Core/Src/UART1_Slave_Lib/UART1_Slave_Functions.c:101:15:UART1_crcFast	40	static
../Core/Src/UART1_Slave_Lib/UART1_Slave_Functions.c:131:6:UART1_Use_Received_Data_S	8	static
../Core/Src/UART1_Slave_Lib/UART1_Slave_Functions.c:217:6:UART1_Recieved_Settings_Error_Check	16	static
../Core/Src/UART1_Slave_Lib/UART1_Slave_Functions.c:473:6:UART1_Use_Received_Data_C	24	static
../Core/Src/UART1_Slave_Lib/UART1_Slave_Functions.c:615:6:UART1_Use_Received_Data_M	8	static
../Core/Src/UART1_Slave_Lib/UART1_Slave_Functions.c:620:6:UART1_Use_Received_Data_R	8	static
../Core/Src/UART1_Slave_Lib/UART1_Slave_Functions.c:647:6:UART1_Receive_ISR_Program	8	static
../Core/Src/UART1_Slave_Lib/UART1_Slave_Functions.c:711:6:UART1_Send_Function_Inside_Timer_Interrupt	8	static
../Core/Src/UART1_Slave_Lib/UART1_Slave_Functions.c:727:6:UART1_Request_Send_Message	8	static
../Core/Src/UART1_Slave_Lib/UART1_Slave_Functions.c:806:6:UART1_Populate_Txdata_Array_With_Message_s	8	static
../Core/Src/UART1_Slave_Lib/UART1_Slave_Functions.c:820:6:UART1_Populate_Txdata_Array_With_Message_c	8	static
../Core/Src/UART1_Slave_Lib/UART1_Slave_Functions.c:865:6:UART1_Populate_Txdata_Array_With_Message_m	16	static
../Core/Src/UART1_Slave_Lib/UART1_Slave_Functions.c:963:6:UART1_Populate_Txdata_Array_With_Message_r	8	static
../Core/Src/UART1_Slave_Lib/UART1_Slave_Functions.c:974:6:UART1_Slave_Variables_Init	8	static
